Archive member included to satisfy reference by file (symbol)

.\CortexM0p\ARM_GCC_541\Debug\AutomatedBatterySwap.a(Pin_1.o)
                              .\CortexM0p\ARM_GCC_541\Debug\main.o (Pin_1_Write)
.\CortexM0p\ARM_GCC_541\Debug\AutomatedBatterySwap.a(Pin_2.o)
                              .\CortexM0p\ARM_GCC_541\Debug\main.o (Pin_2_Write)
.\CortexM0p\ARM_GCC_541\Debug\AutomatedBatterySwap.a(Pin_3.o)
                              .\CortexM0p\ARM_GCC_541\Debug\main.o (Pin_3_Write)
.\CortexM0p\ARM_GCC_541\Debug\AutomatedBatterySwap.a(Pin_4.o)
                              .\CortexM0p\ARM_GCC_541\Debug\main.o (Pin_4_Write)
.\CortexM0p\ARM_GCC_541\Debug\AutomatedBatterySwap.a(Pin_5.o)
                              .\CortexM0p\ARM_GCC_541\Debug\main.o (Pin_5_Write)
.\CortexM0p\ARM_GCC_541\Debug\AutomatedBatterySwap.a(UartPC.o)
                              .\CortexM0p\ARM_GCC_541\Debug\main.o (UartPC_Start)
.\CortexM0p\ARM_GCC_541\Debug\AutomatedBatterySwap.a(UartPC_UART.o)
                              .\CortexM0p\ARM_GCC_541\Debug\AutomatedBatterySwap.a(UartPC.o) (UartPC_UartInit)
.\CortexM0p\ARM_GCC_541\Debug\AutomatedBatterySwap.a(CyLib.o)
                              .\CortexM0p\ARM_GCC_541\Debug\cyfitter_cfg.o (CyIntEnable)
.\CortexM0p\ARM_GCC_541\Debug\AutomatedBatterySwap.a(CyLFClk.o)
                              .\CortexM0p\ARM_GCC_541\Debug\AutomatedBatterySwap.a(CyLib.o) (CySysClkWcoEnabled)
.\CortexM0p\ARM_GCC_541\Debug\AutomatedBatterySwap.a(CyBootAsmGnu.o)
                              .\CortexM0p\ARM_GCC_541\Debug\AutomatedBatterySwap.a(CyLib.o) (CyDelayCycles)
.\CortexM0p\ARM_GCC_541\Debug\AutomatedBatterySwap.a(UartPC_SPI_UART.o)
                              .\CortexM0p\ARM_GCC_541\Debug\AutomatedBatterySwap.a(UartPC_UART.o) (UartPC_SpiUartReadRxData)
.\CortexM0p\ARM_GCC_541\Debug\AutomatedBatterySwap.a(CyFlash.o)
                              .\CortexM0p\ARM_GCC_541\Debug\AutomatedBatterySwap.a(CyLib.o) (CySysFlashSetWaitCycles)
c:/program files (x86)/cypress/psoc creator/4.3/psoc creator/import/gnu/arm/5.4.1/bin/../lib/gcc/arm-none-eabi/5.4.1/armv6-m\libgcc.a(_udivsi3.o)
                              .\CortexM0p\ARM_GCC_541\Debug\AutomatedBatterySwap.a(CyLib.o) (__aeabi_uidiv)
c:/program files (x86)/cypress/psoc creator/4.3/psoc creator/import/gnu/arm/5.4.1/bin/../lib/gcc/arm-none-eabi/5.4.1/armv6-m\libgcc.a(_dvmd_tls.o)
                              c:/program files (x86)/cypress/psoc creator/4.3/psoc creator/import/gnu/arm/5.4.1/bin/../lib/gcc/arm-none-eabi/5.4.1/armv6-m\libgcc.a(_udivsi3.o) (__aeabi_idiv0)
c:/program files (x86)/cypress/psoc creator/4.3/psoc creator/import/gnu/arm/5.4.1/bin/../lib/gcc/arm-none-eabi/5.4.1/../../../../arm-none-eabi/lib/armv6-m\libg_nano.a(lib_a-errno.o)
                              .\CortexM0p\ARM_GCC_541\Debug\Cm0plusStart.o (__errno)
c:/program files (x86)/cypress/psoc creator/4.3/psoc creator/import/gnu/arm/5.4.1/bin/../lib/gcc/arm-none-eabi/5.4.1/../../../../arm-none-eabi/lib/armv6-m\libg_nano.a(lib_a-exit.o)
                              c:/program files (x86)/cypress/psoc creator/4.3/psoc creator/import/gnu/arm/5.4.1/bin/../lib/gcc/arm-none-eabi/5.4.1/../../../../arm-none-eabi/lib/armv6-m/crt0.o (exit)
c:/program files (x86)/cypress/psoc creator/4.3/psoc creator/import/gnu/arm/5.4.1/bin/../lib/gcc/arm-none-eabi/5.4.1/../../../../arm-none-eabi/lib/armv6-m\libg_nano.a(lib_a-impure.o)
                              c:/program files (x86)/cypress/psoc creator/4.3/psoc creator/import/gnu/arm/5.4.1/bin/../lib/gcc/arm-none-eabi/5.4.1/../../../../arm-none-eabi/lib/armv6-m\libg_nano.a(lib_a-exit.o) (_global_impure_ptr)
c:/program files (x86)/cypress/psoc creator/4.3/psoc creator/import/gnu/arm/5.4.1/bin/../lib/gcc/arm-none-eabi/5.4.1/../../../../arm-none-eabi/lib/armv6-m\libg_nano.a(lib_a-init.o)
                              c:/program files (x86)/cypress/psoc creator/4.3/psoc creator/import/gnu/arm/5.4.1/bin/../lib/gcc/arm-none-eabi/5.4.1/../../../../arm-none-eabi/lib/armv6-m/crt0.o (__libc_init_array)
c:/program files (x86)/cypress/psoc creator/4.3/psoc creator/import/gnu/arm/5.4.1/bin/../lib/gcc/arm-none-eabi/5.4.1/../../../../arm-none-eabi/lib/armv6-m\libg_nano.a(lib_a-memcpy-stub.o)
                              .\CortexM0p\ARM_GCC_541\Debug\AutomatedBatterySwap.a(CyFlash.o) (memcpy)
c:/program files (x86)/cypress/psoc creator/4.3/psoc creator/import/gnu/arm/5.4.1/bin/../lib/gcc/arm-none-eabi/5.4.1/../../../../arm-none-eabi/lib/armv6-m\libg_nano.a(lib_a-memset.o)
                              c:/program files (x86)/cypress/psoc creator/4.3/psoc creator/import/gnu/arm/5.4.1/bin/../lib/gcc/arm-none-eabi/5.4.1/../../../../arm-none-eabi/lib/armv6-m/crt0.o (memset)
c:/program files (x86)/cypress/psoc creator/4.3/psoc creator/import/gnu/arm/5.4.1/bin/../lib/gcc/arm-none-eabi/5.4.1/../../../../arm-none-eabi/lib/armv6-m\libg_nano.a(lib_a-strcmp.o)
                              .\CortexM0p\ARM_GCC_541\Debug\main.o (strcmp)

Discarded input sections

 .text          0x00000000        0x0 c:/program files (x86)/cypress/psoc creator/4.3/psoc creator/import/gnu/arm/5.4.1/bin/../lib/gcc/arm-none-eabi/5.4.1/armv6-m/crti.o
 .data          0x00000000        0x0 c:/program files (x86)/cypress/psoc creator/4.3/psoc creator/import/gnu/arm/5.4.1/bin/../lib/gcc/arm-none-eabi/5.4.1/armv6-m/crti.o
 .bss           0x00000000        0x0 c:/program files (x86)/cypress/psoc creator/4.3/psoc creator/import/gnu/arm/5.4.1/bin/../lib/gcc/arm-none-eabi/5.4.1/armv6-m/crti.o
 .data          0x00000000        0x4 c:/program files (x86)/cypress/psoc creator/4.3/psoc creator/import/gnu/arm/5.4.1/bin/../lib/gcc/arm-none-eabi/5.4.1/armv6-m/crtbegin.o
 .text          0x00000000       0x78 c:/program files (x86)/cypress/psoc creator/4.3/psoc creator/import/gnu/arm/5.4.1/bin/../lib/gcc/arm-none-eabi/5.4.1/../../../../arm-none-eabi/lib/armv6-m/crt0.o
 .data          0x00000000        0x0 c:/program files (x86)/cypress/psoc creator/4.3/psoc creator/import/gnu/arm/5.4.1/bin/../lib/gcc/arm-none-eabi/5.4.1/../../../../arm-none-eabi/lib/armv6-m/crt0.o
 .bss           0x00000000        0x0 c:/program files (x86)/cypress/psoc creator/4.3/psoc creator/import/gnu/arm/5.4.1/bin/../lib/gcc/arm-none-eabi/5.4.1/../../../../arm-none-eabi/lib/armv6-m/crt0.o
 .ARM.extab     0x00000000        0x0 c:/program files (x86)/cypress/psoc creator/4.3/psoc creator/import/gnu/arm/5.4.1/bin/../lib/gcc/arm-none-eabi/5.4.1/../../../../arm-none-eabi/lib/armv6-m/crt0.o
 .ARM.exidx     0x00000000        0x8 c:/program files (x86)/cypress/psoc creator/4.3/psoc creator/import/gnu/arm/5.4.1/bin/../lib/gcc/arm-none-eabi/5.4.1/../../../../arm-none-eabi/lib/armv6-m/crt0.o
 .text          0x00000000        0x0 .\CortexM0p\ARM_GCC_541\Debug\main.o
 .data          0x00000000        0x0 .\CortexM0p\ARM_GCC_541\Debug\main.o
 .text          0x00000000        0x0 .\CortexM0p\ARM_GCC_541\Debug\cyfitter_cfg.o
 .data          0x00000000        0x0 .\CortexM0p\ARM_GCC_541\Debug\cyfitter_cfg.o
 .bss           0x00000000        0x0 .\CortexM0p\ARM_GCC_541\Debug\cyfitter_cfg.o
 .text          0x00000000        0x0 .\CortexM0p\ARM_GCC_541\Debug\cymetadata.o
 .data          0x00000000        0x0 .\CortexM0p\ARM_GCC_541\Debug\cymetadata.o
 .bss           0x00000000        0x0 .\CortexM0p\ARM_GCC_541\Debug\cymetadata.o
 .text          0x00000000        0x0 .\CortexM0p\ARM_GCC_541\Debug\Cm0plusStart.o
 .data          0x00000000        0x4 .\CortexM0p\ARM_GCC_541\Debug\Cm0plusStart.o
 .bss           0x00000000        0x0 .\CortexM0p\ARM_GCC_541\Debug\Cm0plusStart.o
 .text._exit    0x00000000        0xc .\CortexM0p\ARM_GCC_541\Debug\Cm0plusStart.o
 .text._sbrk    0x00000000       0x30 .\CortexM0p\ARM_GCC_541\Debug\Cm0plusStart.o
 .text          0x00000000        0x0 .\CortexM0p\ARM_GCC_541\Debug\AutomatedBatterySwap.a(Pin_1.o)
 .data          0x00000000        0x0 .\CortexM0p\ARM_GCC_541\Debug\AutomatedBatterySwap.a(Pin_1.o)
 .bss           0x00000000        0x0 .\CortexM0p\ARM_GCC_541\Debug\AutomatedBatterySwap.a(Pin_1.o)
 .text.Pin_1_SetDriveMode
                0x00000000       0x14 .\CortexM0p\ARM_GCC_541\Debug\AutomatedBatterySwap.a(Pin_1.o)
 .text.Pin_1_Read
                0x00000000       0x10 .\CortexM0p\ARM_GCC_541\Debug\AutomatedBatterySwap.a(Pin_1.o)
 .text.Pin_1_ReadDataReg
                0x00000000       0x10 .\CortexM0p\ARM_GCC_541\Debug\AutomatedBatterySwap.a(Pin_1.o)
 .text.Pin_1_SetInterruptMode
                0x00000000       0x14 .\CortexM0p\ARM_GCC_541\Debug\AutomatedBatterySwap.a(Pin_1.o)
 .text.Pin_1_ClearInterrupt
                0x00000000       0x10 .\CortexM0p\ARM_GCC_541\Debug\AutomatedBatterySwap.a(Pin_1.o)
 .text          0x00000000        0x0 .\CortexM0p\ARM_GCC_541\Debug\AutomatedBatterySwap.a(Pin_2.o)
 .data          0x00000000        0x0 .\CortexM0p\ARM_GCC_541\Debug\AutomatedBatterySwap.a(Pin_2.o)
 .bss           0x00000000        0x0 .\CortexM0p\ARM_GCC_541\Debug\AutomatedBatterySwap.a(Pin_2.o)
 .text.Pin_2_SetDriveMode
                0x00000000       0x14 .\CortexM0p\ARM_GCC_541\Debug\AutomatedBatterySwap.a(Pin_2.o)
 .text.Pin_2_Read
                0x00000000       0x10 .\CortexM0p\ARM_GCC_541\Debug\AutomatedBatterySwap.a(Pin_2.o)
 .text.Pin_2_ReadDataReg
                0x00000000       0x10 .\CortexM0p\ARM_GCC_541\Debug\AutomatedBatterySwap.a(Pin_2.o)
 .text.Pin_2_SetInterruptMode
                0x00000000       0x14 .\CortexM0p\ARM_GCC_541\Debug\AutomatedBatterySwap.a(Pin_2.o)
 .text.Pin_2_ClearInterrupt
                0x00000000       0x14 .\CortexM0p\ARM_GCC_541\Debug\AutomatedBatterySwap.a(Pin_2.o)
 .text          0x00000000        0x0 .\CortexM0p\ARM_GCC_541\Debug\AutomatedBatterySwap.a(Pin_3.o)
 .data          0x00000000        0x0 .\CortexM0p\ARM_GCC_541\Debug\AutomatedBatterySwap.a(Pin_3.o)
 .bss           0x00000000        0x0 .\CortexM0p\ARM_GCC_541\Debug\AutomatedBatterySwap.a(Pin_3.o)
 .text.Pin_3_SetDriveMode
                0x00000000       0x18 .\CortexM0p\ARM_GCC_541\Debug\AutomatedBatterySwap.a(Pin_3.o)
 .text.Pin_3_Read
                0x00000000       0x10 .\CortexM0p\ARM_GCC_541\Debug\AutomatedBatterySwap.a(Pin_3.o)
 .text.Pin_3_ReadDataReg
                0x00000000       0x10 .\CortexM0p\ARM_GCC_541\Debug\AutomatedBatterySwap.a(Pin_3.o)
 .text.Pin_3_SetInterruptMode
                0x00000000       0x14 .\CortexM0p\ARM_GCC_541\Debug\AutomatedBatterySwap.a(Pin_3.o)
 .text.Pin_3_ClearInterrupt
                0x00000000       0x14 .\CortexM0p\ARM_GCC_541\Debug\AutomatedBatterySwap.a(Pin_3.o)
 .text          0x00000000        0x0 .\CortexM0p\ARM_GCC_541\Debug\AutomatedBatterySwap.a(Pin_4.o)
 .data          0x00000000        0x0 .\CortexM0p\ARM_GCC_541\Debug\AutomatedBatterySwap.a(Pin_4.o)
 .bss           0x00000000        0x0 .\CortexM0p\ARM_GCC_541\Debug\AutomatedBatterySwap.a(Pin_4.o)
 .text.Pin_4_SetDriveMode
                0x00000000       0x18 .\CortexM0p\ARM_GCC_541\Debug\AutomatedBatterySwap.a(Pin_4.o)
 .text.Pin_4_Read
                0x00000000       0x10 .\CortexM0p\ARM_GCC_541\Debug\AutomatedBatterySwap.a(Pin_4.o)
 .text.Pin_4_ReadDataReg
                0x00000000       0x10 .\CortexM0p\ARM_GCC_541\Debug\AutomatedBatterySwap.a(Pin_4.o)
 .text.Pin_4_SetInterruptMode
                0x00000000       0x14 .\CortexM0p\ARM_GCC_541\Debug\AutomatedBatterySwap.a(Pin_4.o)
 .text.Pin_4_ClearInterrupt
                0x00000000       0x14 .\CortexM0p\ARM_GCC_541\Debug\AutomatedBatterySwap.a(Pin_4.o)
 .text          0x00000000        0x0 .\CortexM0p\ARM_GCC_541\Debug\AutomatedBatterySwap.a(Pin_5.o)
 .data          0x00000000        0x0 .\CortexM0p\ARM_GCC_541\Debug\AutomatedBatterySwap.a(Pin_5.o)
 .bss           0x00000000        0x0 .\CortexM0p\ARM_GCC_541\Debug\AutomatedBatterySwap.a(Pin_5.o)
 .text.Pin_5_SetDriveMode
                0x00000000       0x18 .\CortexM0p\ARM_GCC_541\Debug\AutomatedBatterySwap.a(Pin_5.o)
 .text.Pin_5_Read
                0x00000000       0x10 .\CortexM0p\ARM_GCC_541\Debug\AutomatedBatterySwap.a(Pin_5.o)
 .text.Pin_5_ReadDataReg
                0x00000000       0x10 .\CortexM0p\ARM_GCC_541\Debug\AutomatedBatterySwap.a(Pin_5.o)
 .text.Pin_5_SetInterruptMode
                0x00000000       0x14 .\CortexM0p\ARM_GCC_541\Debug\AutomatedBatterySwap.a(Pin_5.o)
 .text.Pin_5_ClearInterrupt
                0x00000000       0x14 .\CortexM0p\ARM_GCC_541\Debug\AutomatedBatterySwap.a(Pin_5.o)
 .text          0x00000000        0x0 .\CortexM0p\ARM_GCC_541\Debug\AutomatedBatterySwap.a(UartPC.o)
 .data          0x00000000        0x0 .\CortexM0p\ARM_GCC_541\Debug\AutomatedBatterySwap.a(UartPC.o)
 .text.UartPC_ScbModeStop
                0x00000000        0x8 .\CortexM0p\ARM_GCC_541\Debug\AutomatedBatterySwap.a(UartPC.o)
 .text.UartPC_Stop
                0x00000000       0x20 .\CortexM0p\ARM_GCC_541\Debug\AutomatedBatterySwap.a(UartPC.o)
 .text.UartPC_SetRxFifoLevel
                0x00000000       0x14 .\CortexM0p\ARM_GCC_541\Debug\AutomatedBatterySwap.a(UartPC.o)
 .text.UartPC_SetTxFifoLevel
                0x00000000       0x14 .\CortexM0p\ARM_GCC_541\Debug\AutomatedBatterySwap.a(UartPC.o)
 .text          0x00000000        0x0 .\CortexM0p\ARM_GCC_541\Debug\AutomatedBatterySwap.a(UartPC_UART.o)
 .data          0x00000000        0x0 .\CortexM0p\ARM_GCC_541\Debug\AutomatedBatterySwap.a(UartPC_UART.o)
 .bss           0x00000000        0x0 .\CortexM0p\ARM_GCC_541\Debug\AutomatedBatterySwap.a(UartPC_UART.o)
 .text.UartPC_UartStop
                0x00000000       0x2c .\CortexM0p\ARM_GCC_541\Debug\AutomatedBatterySwap.a(UartPC_UART.o)
 .text.UartPC_UartSetRxAddress
                0x00000000       0x14 .\CortexM0p\ARM_GCC_541\Debug\AutomatedBatterySwap.a(UartPC_UART.o)
 .text.UartPC_UartSetRxAddressMask
                0x00000000       0x18 .\CortexM0p\ARM_GCC_541\Debug\AutomatedBatterySwap.a(UartPC_UART.o)
 .text.UartPC_UartGetByte
                0x00000000       0x34 .\CortexM0p\ARM_GCC_541\Debug\AutomatedBatterySwap.a(UartPC_UART.o)
 .text.UartPC_UartSetRtsPolarity
                0x00000000       0x28 .\CortexM0p\ARM_GCC_541\Debug\AutomatedBatterySwap.a(UartPC_UART.o)
 .text.UartPC_UartSetRtsFifoLevel
                0x00000000       0x14 .\CortexM0p\ARM_GCC_541\Debug\AutomatedBatterySwap.a(UartPC_UART.o)
 .text.UartPC_UartPutCRLF
                0x00000000       0x14 .\CortexM0p\ARM_GCC_541\Debug\AutomatedBatterySwap.a(UartPC_UART.o)
 .text.UartPC_UartEnableCts
                0x00000000       0x14 .\CortexM0p\ARM_GCC_541\Debug\AutomatedBatterySwap.a(UartPC_UART.o)
 .text.UartPC_UartDisableCts
                0x00000000       0x14 .\CortexM0p\ARM_GCC_541\Debug\AutomatedBatterySwap.a(UartPC_UART.o)
 .text.UartPC_UartSetCtsPolarity
                0x00000000       0x28 .\CortexM0p\ARM_GCC_541\Debug\AutomatedBatterySwap.a(UartPC_UART.o)
 .text.UartPC_UartSendBreakBlocking
                0x00000000       0x58 .\CortexM0p\ARM_GCC_541\Debug\AutomatedBatterySwap.a(UartPC_UART.o)
 .text          0x00000000        0x0 .\CortexM0p\ARM_GCC_541\Debug\AutomatedBatterySwap.a(CyLib.o)
 .bss           0x00000000       0x18 .\CortexM0p\ARM_GCC_541\Debug\AutomatedBatterySwap.a(CyLib.o)
 .text.CySysClkImoStart
                0x00000000       0x14 .\CortexM0p\ARM_GCC_541\Debug\AutomatedBatterySwap.a(CyLib.o)
 .text.CySysClkImoStop
                0x00000000       0x18 .\CortexM0p\ARM_GCC_541\Debug\AutomatedBatterySwap.a(CyLib.o)
 .text.CySysClkWriteHfclkDirect
                0x00000000       0x20 .\CortexM0p\ARM_GCC_541\Debug\AutomatedBatterySwap.a(CyLib.o)
 .text.CySysEnablePumpClock
                0x00000000       0x34 .\CortexM0p\ARM_GCC_541\Debug\AutomatedBatterySwap.a(CyLib.o)
 .text.CySysClkGetSysclkSource
                0x00000000       0x1c .\CortexM0p\ARM_GCC_541\Debug\AutomatedBatterySwap.a(CyLib.o)
 .text.CySysClkWriteSysclkDiv
                0x00000000       0x24 .\CortexM0p\ARM_GCC_541\Debug\AutomatedBatterySwap.a(CyLib.o)
 .text.CySysClkWriteHfclkDiv
                0x00000000       0x24 .\CortexM0p\ARM_GCC_541\Debug\AutomatedBatterySwap.a(CyLib.o)
 .text.CySysGetResetReason
                0x00000000       0x14 .\CortexM0p\ARM_GCC_541\Debug\AutomatedBatterySwap.a(CyLib.o)
 .text.CyDisableInts
                0x00000000       0x10 .\CortexM0p\ARM_GCC_541\Debug\AutomatedBatterySwap.a(CyLib.o)
 .text.CyEnableInts
                0x00000000        0xc .\CortexM0p\ARM_GCC_541\Debug\AutomatedBatterySwap.a(CyLib.o)
 .text.CyIntGetState
                0x00000000       0x18 .\CortexM0p\ARM_GCC_541\Debug\AutomatedBatterySwap.a(CyLib.o)
 .text.CyIntDisable
                0x00000000       0x14 .\CortexM0p\ARM_GCC_541\Debug\AutomatedBatterySwap.a(CyLib.o)
 .text.CyIntSetPending
                0x00000000       0x14 .\CortexM0p\ARM_GCC_541\Debug\AutomatedBatterySwap.a(CyLib.o)
 .text.CyIntClearPending
                0x00000000       0x14 .\CortexM0p\ARM_GCC_541\Debug\AutomatedBatterySwap.a(CyLib.o)
 .text.CyIntSetSysVector
                0x00000000       0x20 .\CortexM0p\ARM_GCC_541\Debug\AutomatedBatterySwap.a(CyLib.o)
 .text.CyIntGetSysVector
                0x00000000       0x1c .\CortexM0p\ARM_GCC_541\Debug\AutomatedBatterySwap.a(CyLib.o)
 .text.CyIntGetVector
                0x00000000       0x20 .\CortexM0p\ARM_GCC_541\Debug\AutomatedBatterySwap.a(CyLib.o)
 .text.CyIntSetPriority
                0x00000000       0x4c .\CortexM0p\ARM_GCC_541\Debug\AutomatedBatterySwap.a(CyLib.o)
 .text.CyIntGetPriority
                0x00000000       0x2c .\CortexM0p\ARM_GCC_541\Debug\AutomatedBatterySwap.a(CyLib.o)
 .text.CySoftwareReset
                0x00000000       0x18 .\CortexM0p\ARM_GCC_541\Debug\AutomatedBatterySwap.a(CyLib.o)
 .text.CyDelayFreq
                0x00000000       0x4c .\CortexM0p\ARM_GCC_541\Debug\AutomatedBatterySwap.a(CyLib.o)
 .text.CySysTickStop
                0x00000000       0x10 .\CortexM0p\ARM_GCC_541\Debug\AutomatedBatterySwap.a(CyLib.o)
 .text.CySysTickEnableInterrupt
                0x00000000       0x10 .\CortexM0p\ARM_GCC_541\Debug\AutomatedBatterySwap.a(CyLib.o)
 .text.CySysTickEnable
                0x00000000       0x18 .\CortexM0p\ARM_GCC_541\Debug\AutomatedBatterySwap.a(CyLib.o)
 .text.CySysTickDisableInterrupt
                0x00000000       0x10 .\CortexM0p\ARM_GCC_541\Debug\AutomatedBatterySwap.a(CyLib.o)
 .text.CySysTickSetReload
                0x00000000       0x10 .\CortexM0p\ARM_GCC_541\Debug\AutomatedBatterySwap.a(CyLib.o)
 .text.CySysTickGetReload
                0x00000000       0x10 .\CortexM0p\ARM_GCC_541\Debug\AutomatedBatterySwap.a(CyLib.o)
 .text.CySysTickGetValue
                0x00000000       0x10 .\CortexM0p\ARM_GCC_541\Debug\AutomatedBatterySwap.a(CyLib.o)
 .text.CySysTickSetClockSource
                0x00000000       0x20 .\CortexM0p\ARM_GCC_541\Debug\AutomatedBatterySwap.a(CyLib.o)
 .text.CySysTickGetClockSource
                0x00000000       0x10 .\CortexM0p\ARM_GCC_541\Debug\AutomatedBatterySwap.a(CyLib.o)
 .text.CySysTickGetCountFlag
                0x00000000       0x10 .\CortexM0p\ARM_GCC_541\Debug\AutomatedBatterySwap.a(CyLib.o)
 .text.CySysTickServiceCallbacks
                0x00000000       0x28 .\CortexM0p\ARM_GCC_541\Debug\AutomatedBatterySwap.a(CyLib.o)
 .text.CySysTickClear
                0x00000000        0xc .\CortexM0p\ARM_GCC_541\Debug\AutomatedBatterySwap.a(CyLib.o)
 .text.CySysTickInit
                0x00000000       0x44 .\CortexM0p\ARM_GCC_541\Debug\AutomatedBatterySwap.a(CyLib.o)
 .text.CySysTickStart
                0x00000000       0x20 .\CortexM0p\ARM_GCC_541\Debug\AutomatedBatterySwap.a(CyLib.o)
 .text.CySysTickSetCallback
                0x00000000       0x10 .\CortexM0p\ARM_GCC_541\Debug\AutomatedBatterySwap.a(CyLib.o)
 .text.CySysTickGetCallback
                0x00000000        0xc .\CortexM0p\ARM_GCC_541\Debug\AutomatedBatterySwap.a(CyLib.o)
 .text.CyGetUniqueId
                0x00000000       0x70 .\CortexM0p\ARM_GCC_541\Debug\AutomatedBatterySwap.a(CyLib.o)
 .text.CySysSetRamAccessArbPriority
                0x00000000       0x20 .\CortexM0p\ARM_GCC_541\Debug\AutomatedBatterySwap.a(CyLib.o)
 .text.CySysSetFlashAccessArbPriority
                0x00000000       0x20 .\CortexM0p\ARM_GCC_541\Debug\AutomatedBatterySwap.a(CyLib.o)
 .text.CySysSetDmacAccessArbPriority
                0x00000000       0x20 .\CortexM0p\ARM_GCC_541\Debug\AutomatedBatterySwap.a(CyLib.o)
 .text.CySysSetPeripheralAccessArbPriority
                0x00000000       0x4c .\CortexM0p\ARM_GCC_541\Debug\AutomatedBatterySwap.a(CyLib.o)
 .text.CySysPrbSetBgGain
                0x00000000       0x14 .\CortexM0p\ARM_GCC_541\Debug\AutomatedBatterySwap.a(CyLib.o)
 .text.CySysPrbEnableDeepsleepVddaRef
                0x00000000       0x14 .\CortexM0p\ARM_GCC_541\Debug\AutomatedBatterySwap.a(CyLib.o)
 .text.CySysPrbDisableDeepsleepVddaRef
                0x00000000       0x14 .\CortexM0p\ARM_GCC_541\Debug\AutomatedBatterySwap.a(CyLib.o)
 .text.CySysPrbEnableVddaRef
                0x00000000       0x10 .\CortexM0p\ARM_GCC_541\Debug\AutomatedBatterySwap.a(CyLib.o)
 .text.CySysPrbDisableVddaRef
                0x00000000       0x10 .\CortexM0p\ARM_GCC_541\Debug\AutomatedBatterySwap.a(CyLib.o)
 .text.CySysPrbSetBgBufferTrim
                0x00000000       0x34 .\CortexM0p\ARM_GCC_541\Debug\AutomatedBatterySwap.a(CyLib.o)
 .text.CySysPrbGetBgBufferTrim
                0x00000000       0x1c .\CortexM0p\ARM_GCC_541\Debug\AutomatedBatterySwap.a(CyLib.o)
 .text          0x00000000        0x0 .\CortexM0p\ARM_GCC_541\Debug\AutomatedBatterySwap.a(CyLFClk.o)
 .text.CySysClkIloStart
                0x00000000       0x14 .\CortexM0p\ARM_GCC_541\Debug\AutomatedBatterySwap.a(CyLFClk.o)
 .text.CySysClkIloStop
                0x00000000       0x10 .\CortexM0p\ARM_GCC_541\Debug\AutomatedBatterySwap.a(CyLFClk.o)
 .text.CySysClkIloStartMeasurement
                0x00000000       0x34 .\CortexM0p\ARM_GCC_541\Debug\AutomatedBatterySwap.a(CyLFClk.o)
 .text.CySysClkIloStopMeasurement
                0x00000000       0x28 .\CortexM0p\ARM_GCC_541\Debug\AutomatedBatterySwap.a(CyLFClk.o)
 .text.CySysClkIloCompensate
                0x00000000      0x10c .\CortexM0p\ARM_GCC_541\Debug\AutomatedBatterySwap.a(CyLFClk.o)
 .text.CySysClkWcoStart
                0x00000000       0x40 .\CortexM0p\ARM_GCC_541\Debug\AutomatedBatterySwap.a(CyLFClk.o)
 .text.CySysClkWcoStop
                0x00000000       0x1c .\CortexM0p\ARM_GCC_541\Debug\AutomatedBatterySwap.a(CyLFClk.o)
 .text.CySysClkWcoSetPowerMode
                0x00000000       0x4c .\CortexM0p\ARM_GCC_541\Debug\AutomatedBatterySwap.a(CyLFClk.o)
 .text.CySysClkWcoClockOutSelect
                0x00000000       0x2c .\CortexM0p\ARM_GCC_541\Debug\AutomatedBatterySwap.a(CyLFClk.o)
 .text.CySysWdtGetEnabledStatus
                0x00000000       0x1c .\CortexM0p\ARM_GCC_541\Debug\AutomatedBatterySwap.a(CyLFClk.o)
 .text.CySysWdtEnable
                0x00000000        0xc .\CortexM0p\ARM_GCC_541\Debug\AutomatedBatterySwap.a(CyLFClk.o)
 .text.CySysWdtSetMatch
                0x00000000       0x18 .\CortexM0p\ARM_GCC_541\Debug\AutomatedBatterySwap.a(CyLFClk.o)
 .text.CySysWdtGetMatch
                0x00000000       0x10 .\CortexM0p\ARM_GCC_541\Debug\AutomatedBatterySwap.a(CyLFClk.o)
 .text.CySysWdtGetCount
                0x00000000        0xc .\CortexM0p\ARM_GCC_541\Debug\AutomatedBatterySwap.a(CyLFClk.o)
 .text.CySysWdtSetIgnoreBits
                0x00000000       0x20 .\CortexM0p\ARM_GCC_541\Debug\AutomatedBatterySwap.a(CyLFClk.o)
 .text.CySysWdtGetIgnoreBits
                0x00000000       0x10 .\CortexM0p\ARM_GCC_541\Debug\AutomatedBatterySwap.a(CyLFClk.o)
 .text.CySysWdtClearInterrupt
                0x00000000       0x10 .\CortexM0p\ARM_GCC_541\Debug\AutomatedBatterySwap.a(CyLFClk.o)
 .text.CySysWdtMaskInterrupt
                0x00000000       0x10 .\CortexM0p\ARM_GCC_541\Debug\AutomatedBatterySwap.a(CyLFClk.o)
 .text.CySysWdtUnmaskInterrupt
                0x00000000       0x10 .\CortexM0p\ARM_GCC_541\Debug\AutomatedBatterySwap.a(CyLFClk.o)
 .text.CySysWdtSetInterruptCallback
                0x00000000       0x10 .\CortexM0p\ARM_GCC_541\Debug\AutomatedBatterySwap.a(CyLFClk.o)
 .text.CySysWdtGetInterruptCallback
                0x00000000        0xc .\CortexM0p\ARM_GCC_541\Debug\AutomatedBatterySwap.a(CyLFClk.o)
 .text.CySysWdtIsr
                0x00000000       0x18 .\CortexM0p\ARM_GCC_541\Debug\AutomatedBatterySwap.a(CyLFClk.o)
 .text.CySysTimerGetEnabledStatus
                0x00000000       0x24 .\CortexM0p\ARM_GCC_541\Debug\AutomatedBatterySwap.a(CyLFClk.o)
 .text.CySysTimerSetMode
                0x00000000       0x40 .\CortexM0p\ARM_GCC_541\Debug\AutomatedBatterySwap.a(CyLFClk.o)
 .text.CySysTimerGetMode
                0x00000000       0x14 .\CortexM0p\ARM_GCC_541\Debug\AutomatedBatterySwap.a(CyLFClk.o)
 .text.CySysTimerSetClearOnMatch
                0x00000000       0x34 .\CortexM0p\ARM_GCC_541\Debug\AutomatedBatterySwap.a(CyLFClk.o)
 .text.CySysTimerGetClearOnMatch
                0x00000000       0x24 .\CortexM0p\ARM_GCC_541\Debug\AutomatedBatterySwap.a(CyLFClk.o)
 .text.CySysTimerEnable
                0x00000000       0x3c .\CortexM0p\ARM_GCC_541\Debug\AutomatedBatterySwap.a(CyLFClk.o)
 .text.CySysTimerDisable
                0x00000000       0x3c .\CortexM0p\ARM_GCC_541\Debug\AutomatedBatterySwap.a(CyLFClk.o)
 .text.CySysTimerSetCascade
                0x00000000       0x34 .\CortexM0p\ARM_GCC_541\Debug\AutomatedBatterySwap.a(CyLFClk.o)
 .text.CySysTimerGetCascade
                0x00000000       0x14 .\CortexM0p\ARM_GCC_541\Debug\AutomatedBatterySwap.a(CyLFClk.o)
 .text.CySysTimerSetMatch
                0x00000000       0x54 .\CortexM0p\ARM_GCC_541\Debug\AutomatedBatterySwap.a(CyLFClk.o)
 .text.CySysTimerSetToggleBit
                0x00000000       0x30 .\CortexM0p\ARM_GCC_541\Debug\AutomatedBatterySwap.a(CyLFClk.o)
 .text.CySysTimerGetToggleBit
                0x00000000       0x10 .\CortexM0p\ARM_GCC_541\Debug\AutomatedBatterySwap.a(CyLFClk.o)
 .text.CySysTimerGetMatch
                0x00000000       0x20 .\CortexM0p\ARM_GCC_541\Debug\AutomatedBatterySwap.a(CyLFClk.o)
 .text.CySysTimerGetCount
                0x00000000       0x3c .\CortexM0p\ARM_GCC_541\Debug\AutomatedBatterySwap.a(CyLFClk.o)
 .text.CySysTimerGetInterruptSource
                0x00000000       0x14 .\CortexM0p\ARM_GCC_541\Debug\AutomatedBatterySwap.a(CyLFClk.o)
 .text.CySysTimerSetInterruptCallback
                0x00000000       0x20 .\CortexM0p\ARM_GCC_541\Debug\AutomatedBatterySwap.a(CyLFClk.o)
 .text.CySysTimerGetInterruptCallback
                0x00000000       0x20 .\CortexM0p\ARM_GCC_541\Debug\AutomatedBatterySwap.a(CyLFClk.o)
 .text.CySysTimerEnableIsr
                0x00000000       0x34 .\CortexM0p\ARM_GCC_541\Debug\AutomatedBatterySwap.a(CyLFClk.o)
 .text.CySysTimerDisableIsr
                0x00000000       0x28 .\CortexM0p\ARM_GCC_541\Debug\AutomatedBatterySwap.a(CyLFClk.o)
 .text.CySysTimerResetCounters
                0x00000000       0x20 .\CortexM0p\ARM_GCC_541\Debug\AutomatedBatterySwap.a(CyLFClk.o)
 .text.CySysTimerDelayUntilMatch
                0x00000000       0x6c .\CortexM0p\ARM_GCC_541\Debug\AutomatedBatterySwap.a(CyLFClk.o)
 .text.CySysTimerDelay
                0x00000000       0x3c .\CortexM0p\ARM_GCC_541\Debug\AutomatedBatterySwap.a(CyLFClk.o)
 .rodata        0x00000000        0xc .\CortexM0p\ARM_GCC_541\Debug\AutomatedBatterySwap.a(CyLFClk.o)
 .data          0x00000000        0x0 .\CortexM0p\ARM_GCC_541\Debug\AutomatedBatterySwap.a(CyBootAsmGnu.o)
 .bss           0x00000000        0x0 .\CortexM0p\ARM_GCC_541\Debug\AutomatedBatterySwap.a(CyBootAsmGnu.o)
 .text          0x00000000        0x0 .\CortexM0p\ARM_GCC_541\Debug\AutomatedBatterySwap.a(UartPC_SPI_UART.o)
 .data          0x00000000        0x0 .\CortexM0p\ARM_GCC_541\Debug\AutomatedBatterySwap.a(UartPC_SPI_UART.o)
 .bss           0x00000000        0x0 .\CortexM0p\ARM_GCC_541\Debug\AutomatedBatterySwap.a(UartPC_SPI_UART.o)
 .text.UartPC_SpiUartClearRxBuffer
                0x00000000       0x20 .\CortexM0p\ARM_GCC_541\Debug\AutomatedBatterySwap.a(UartPC_SPI_UART.o)
 .text.UartPC_SpiUartPutArray
                0x00000000       0x18 .\CortexM0p\ARM_GCC_541\Debug\AutomatedBatterySwap.a(UartPC_SPI_UART.o)
 .text.UartPC_SpiUartGetTxBufferSize
                0x00000000       0x10 .\CortexM0p\ARM_GCC_541\Debug\AutomatedBatterySwap.a(UartPC_SPI_UART.o)
 .text.UartPC_SpiUartClearTxBuffer
                0x00000000       0x20 .\CortexM0p\ARM_GCC_541\Debug\AutomatedBatterySwap.a(UartPC_SPI_UART.o)
 .text.UartPC_SpiUartDisableIntRx
                0x00000000       0x10 .\CortexM0p\ARM_GCC_541\Debug\AutomatedBatterySwap.a(UartPC_SPI_UART.o)
 .text.UartPC_SpiUartDisableIntTx
                0x00000000       0x10 .\CortexM0p\ARM_GCC_541\Debug\AutomatedBatterySwap.a(UartPC_SPI_UART.o)
 .text          0x00000000        0x0 .\CortexM0p\ARM_GCC_541\Debug\AutomatedBatterySwap.a(CyFlash.o)
 .data          0x00000000        0x0 .\CortexM0p\ARM_GCC_541\Debug\AutomatedBatterySwap.a(CyFlash.o)
 .bss           0x00000000       0x18 .\CortexM0p\ARM_GCC_541\Debug\AutomatedBatterySwap.a(CyFlash.o)
 .text.CySysFlashClockBackup
                0x00000000       0x64 .\CortexM0p\ARM_GCC_541\Debug\AutomatedBatterySwap.a(CyFlash.o)
 .text.CySysFlashClockConfig
                0x00000000       0x54 .\CortexM0p\ARM_GCC_541\Debug\AutomatedBatterySwap.a(CyFlash.o)
 .text.CySysFlashClockRestore
                0x00000000       0x64 .\CortexM0p\ARM_GCC_541\Debug\AutomatedBatterySwap.a(CyFlash.o)
 .text.CySysFlashWriteRow
                0x00000000      0x118 .\CortexM0p\ARM_GCC_541\Debug\AutomatedBatterySwap.a(CyFlash.o)
 .text.CySysSFlashWriteUserRow
                0x00000000      0x108 .\CortexM0p\ARM_GCC_541\Debug\AutomatedBatterySwap.a(CyFlash.o)
 .text          0x00000000      0x114 c:/program files (x86)/cypress/psoc creator/4.3/psoc creator/import/gnu/arm/5.4.1/bin/../lib/gcc/arm-none-eabi/5.4.1/armv6-m\libgcc.a(_udivsi3.o)
 .data          0x00000000        0x0 c:/program files (x86)/cypress/psoc creator/4.3/psoc creator/import/gnu/arm/5.4.1/bin/../lib/gcc/arm-none-eabi/5.4.1/armv6-m\libgcc.a(_udivsi3.o)
 .bss           0x00000000        0x0 c:/program files (x86)/cypress/psoc creator/4.3/psoc creator/import/gnu/arm/5.4.1/bin/../lib/gcc/arm-none-eabi/5.4.1/armv6-m\libgcc.a(_udivsi3.o)
 .text          0x00000000        0x4 c:/program files (x86)/cypress/psoc creator/4.3/psoc creator/import/gnu/arm/5.4.1/bin/../lib/gcc/arm-none-eabi/5.4.1/armv6-m\libgcc.a(_dvmd_tls.o)
 .data          0x00000000        0x0 c:/program files (x86)/cypress/psoc creator/4.3/psoc creator/import/gnu/arm/5.4.1/bin/../lib/gcc/arm-none-eabi/5.4.1/armv6-m\libgcc.a(_dvmd_tls.o)
 .bss           0x00000000        0x0 c:/program files (x86)/cypress/psoc creator/4.3/psoc creator/import/gnu/arm/5.4.1/bin/../lib/gcc/arm-none-eabi/5.4.1/armv6-m\libgcc.a(_dvmd_tls.o)
 .text          0x00000000        0x0 c:/program files (x86)/cypress/psoc creator/4.3/psoc creator/import/gnu/arm/5.4.1/bin/../lib/gcc/arm-none-eabi/5.4.1/../../../../arm-none-eabi/lib/armv6-m\libg_nano.a(lib_a-errno.o)
 .data          0x00000000        0x0 c:/program files (x86)/cypress/psoc creator/4.3/psoc creator/import/gnu/arm/5.4.1/bin/../lib/gcc/arm-none-eabi/5.4.1/../../../../arm-none-eabi/lib/armv6-m\libg_nano.a(lib_a-errno.o)
 .bss           0x00000000        0x0 c:/program files (x86)/cypress/psoc creator/4.3/psoc creator/import/gnu/arm/5.4.1/bin/../lib/gcc/arm-none-eabi/5.4.1/../../../../arm-none-eabi/lib/armv6-m\libg_nano.a(lib_a-errno.o)
 .text          0x00000000        0x0 c:/program files (x86)/cypress/psoc creator/4.3/psoc creator/import/gnu/arm/5.4.1/bin/../lib/gcc/arm-none-eabi/5.4.1/../../../../arm-none-eabi/lib/armv6-m\libg_nano.a(lib_a-exit.o)
 .data          0x00000000        0x0 c:/program files (x86)/cypress/psoc creator/4.3/psoc creator/import/gnu/arm/5.4.1/bin/../lib/gcc/arm-none-eabi/5.4.1/../../../../arm-none-eabi/lib/armv6-m\libg_nano.a(lib_a-exit.o)
 .bss           0x00000000        0x0 c:/program files (x86)/cypress/psoc creator/4.3/psoc creator/import/gnu/arm/5.4.1/bin/../lib/gcc/arm-none-eabi/5.4.1/../../../../arm-none-eabi/lib/armv6-m\libg_nano.a(lib_a-exit.o)
 .text.exit     0x00000000       0x2c c:/program files (x86)/cypress/psoc creator/4.3/psoc creator/import/gnu/arm/5.4.1/bin/../lib/gcc/arm-none-eabi/5.4.1/../../../../arm-none-eabi/lib/armv6-m\libg_nano.a(lib_a-exit.o)
 .text          0x00000000        0x0 c:/program files (x86)/cypress/psoc creator/4.3/psoc creator/import/gnu/arm/5.4.1/bin/../lib/gcc/arm-none-eabi/5.4.1/../../../../arm-none-eabi/lib/armv6-m\libg_nano.a(lib_a-impure.o)
 .data          0x00000000        0x0 c:/program files (x86)/cypress/psoc creator/4.3/psoc creator/import/gnu/arm/5.4.1/bin/../lib/gcc/arm-none-eabi/5.4.1/../../../../arm-none-eabi/lib/armv6-m\libg_nano.a(lib_a-impure.o)
 .bss           0x00000000        0x0 c:/program files (x86)/cypress/psoc creator/4.3/psoc creator/import/gnu/arm/5.4.1/bin/../lib/gcc/arm-none-eabi/5.4.1/../../../../arm-none-eabi/lib/armv6-m\libg_nano.a(lib_a-impure.o)
 .rodata._global_impure_ptr
                0x00000000        0x4 c:/program files (x86)/cypress/psoc creator/4.3/psoc creator/import/gnu/arm/5.4.1/bin/../lib/gcc/arm-none-eabi/5.4.1/../../../../arm-none-eabi/lib/armv6-m\libg_nano.a(lib_a-impure.o)
 .text          0x00000000        0x0 c:/program files (x86)/cypress/psoc creator/4.3/psoc creator/import/gnu/arm/5.4.1/bin/../lib/gcc/arm-none-eabi/5.4.1/../../../../arm-none-eabi/lib/armv6-m\libg_nano.a(lib_a-init.o)
 .data          0x00000000        0x0 c:/program files (x86)/cypress/psoc creator/4.3/psoc creator/import/gnu/arm/5.4.1/bin/../lib/gcc/arm-none-eabi/5.4.1/../../../../arm-none-eabi/lib/armv6-m\libg_nano.a(lib_a-init.o)
 .bss           0x00000000        0x0 c:/program files (x86)/cypress/psoc creator/4.3/psoc creator/import/gnu/arm/5.4.1/bin/../lib/gcc/arm-none-eabi/5.4.1/../../../../arm-none-eabi/lib/armv6-m\libg_nano.a(lib_a-init.o)
 .text          0x00000000        0x0 c:/program files (x86)/cypress/psoc creator/4.3/psoc creator/import/gnu/arm/5.4.1/bin/../lib/gcc/arm-none-eabi/5.4.1/../../../../arm-none-eabi/lib/armv6-m\libg_nano.a(lib_a-memcpy-stub.o)
 .data          0x00000000        0x0 c:/program files (x86)/cypress/psoc creator/4.3/psoc creator/import/gnu/arm/5.4.1/bin/../lib/gcc/arm-none-eabi/5.4.1/../../../../arm-none-eabi/lib/armv6-m\libg_nano.a(lib_a-memcpy-stub.o)
 .bss           0x00000000        0x0 c:/program files (x86)/cypress/psoc creator/4.3/psoc creator/import/gnu/arm/5.4.1/bin/../lib/gcc/arm-none-eabi/5.4.1/../../../../arm-none-eabi/lib/armv6-m\libg_nano.a(lib_a-memcpy-stub.o)
 .text.memcpy   0x00000000       0x12 c:/program files (x86)/cypress/psoc creator/4.3/psoc creator/import/gnu/arm/5.4.1/bin/../lib/gcc/arm-none-eabi/5.4.1/../../../../arm-none-eabi/lib/armv6-m\libg_nano.a(lib_a-memcpy-stub.o)
 .text          0x00000000        0x0 c:/program files (x86)/cypress/psoc creator/4.3/psoc creator/import/gnu/arm/5.4.1/bin/../lib/gcc/arm-none-eabi/5.4.1/../../../../arm-none-eabi/lib/armv6-m\libg_nano.a(lib_a-memset.o)
 .data          0x00000000        0x0 c:/program files (x86)/cypress/psoc creator/4.3/psoc creator/import/gnu/arm/5.4.1/bin/../lib/gcc/arm-none-eabi/5.4.1/../../../../arm-none-eabi/lib/armv6-m\libg_nano.a(lib_a-memset.o)
 .bss           0x00000000        0x0 c:/program files (x86)/cypress/psoc creator/4.3/psoc creator/import/gnu/arm/5.4.1/bin/../lib/gcc/arm-none-eabi/5.4.1/../../../../arm-none-eabi/lib/armv6-m\libg_nano.a(lib_a-memset.o)
 .text.memset   0x00000000       0x10 c:/program files (x86)/cypress/psoc creator/4.3/psoc creator/import/gnu/arm/5.4.1/bin/../lib/gcc/arm-none-eabi/5.4.1/../../../../arm-none-eabi/lib/armv6-m\libg_nano.a(lib_a-memset.o)
 .data          0x00000000        0x0 c:/program files (x86)/cypress/psoc creator/4.3/psoc creator/import/gnu/arm/5.4.1/bin/../lib/gcc/arm-none-eabi/5.4.1/../../../../arm-none-eabi/lib/armv6-m\libg_nano.a(lib_a-strcmp.o)
 .bss           0x00000000        0x0 c:/program files (x86)/cypress/psoc creator/4.3/psoc creator/import/gnu/arm/5.4.1/bin/../lib/gcc/arm-none-eabi/5.4.1/../../../../arm-none-eabi/lib/armv6-m\libg_nano.a(lib_a-strcmp.o)
 .text          0x00000000        0x0 c:/program files (x86)/cypress/psoc creator/4.3/psoc creator/import/gnu/arm/5.4.1/bin/../lib/gcc/arm-none-eabi/5.4.1/armv6-m/crtend.o
 .data          0x00000000        0x0 c:/program files (x86)/cypress/psoc creator/4.3/psoc creator/import/gnu/arm/5.4.1/bin/../lib/gcc/arm-none-eabi/5.4.1/armv6-m/crtend.o
 .bss           0x00000000        0x0 c:/program files (x86)/cypress/psoc creator/4.3/psoc creator/import/gnu/arm/5.4.1/bin/../lib/gcc/arm-none-eabi/5.4.1/armv6-m/crtend.o
 .text          0x00000000        0x0 c:/program files (x86)/cypress/psoc creator/4.3/psoc creator/import/gnu/arm/5.4.1/bin/../lib/gcc/arm-none-eabi/5.4.1/armv6-m/crtn.o
 .data          0x00000000        0x0 c:/program files (x86)/cypress/psoc creator/4.3/psoc creator/import/gnu/arm/5.4.1/bin/../lib/gcc/arm-none-eabi/5.4.1/armv6-m/crtn.o
 .bss           0x00000000        0x0 c:/program files (x86)/cypress/psoc creator/4.3/psoc creator/import/gnu/arm/5.4.1/bin/../lib/gcc/arm-none-eabi/5.4.1/armv6-m/crtn.o

Memory Configuration

Name             Origin             Length             Attributes
rom              0x00000000         0x00008000         xr
ram              0x20000000         0x00001000         xrw
*default*        0x00000000         0xffffffff

Linker script and memory map

LOAD c:/program files (x86)/cypress/psoc creator/4.3/psoc creator/import/gnu/arm/5.4.1/bin/../lib/gcc/arm-none-eabi/5.4.1/armv6-m/crti.o
LOAD c:/program files (x86)/cypress/psoc creator/4.3/psoc creator/import/gnu/arm/5.4.1/bin/../lib/gcc/arm-none-eabi/5.4.1/armv6-m/crtbegin.o
LOAD c:/program files (x86)/cypress/psoc creator/4.3/psoc creator/import/gnu/arm/5.4.1/bin/../lib/gcc/arm-none-eabi/5.4.1/../../../../arm-none-eabi/lib/armv6-m/crt0.o
START GROUP
LOAD .\CortexM0p\ARM_GCC_541\Debug\main.o
LOAD .\CortexM0p\ARM_GCC_541\Debug\cyfitter_cfg.o
LOAD .\CortexM0p\ARM_GCC_541\Debug\cymetadata.o
LOAD .\CortexM0p\ARM_GCC_541\Debug\Cm0plusStart.o
LOAD .\CortexM0p\ARM_GCC_541\Debug\AutomatedBatterySwap.a
END GROUP
START GROUP
LOAD c:/program files (x86)/cypress/psoc creator/4.3/psoc creator/import/gnu/arm/5.4.1/bin/../lib/gcc/arm-none-eabi/5.4.1/armv6-m\libgcc.a
LOAD c:/program files (x86)/cypress/psoc creator/4.3/psoc creator/import/gnu/arm/5.4.1/bin/../lib/gcc/arm-none-eabi/5.4.1/../../../../arm-none-eabi/lib/armv6-m\libg_nano.a
LOAD c:/program files (x86)/cypress/psoc creator/4.3/psoc creator/import/gnu/arm/5.4.1/bin/../lib/gcc/arm-none-eabi/5.4.1/../../../../arm-none-eabi/lib/armv6-m\libc_nano.a
END GROUP
START GROUP
LOAD c:/program files (x86)/cypress/psoc creator/4.3/psoc creator/import/gnu/arm/5.4.1/bin/../lib/gcc/arm-none-eabi/5.4.1/armv6-m\libgcc.a
LOAD c:/program files (x86)/cypress/psoc creator/4.3/psoc creator/import/gnu/arm/5.4.1/bin/../lib/gcc/arm-none-eabi/5.4.1/../../../../arm-none-eabi/lib/armv6-m\libc_nano.a
END GROUP
LOAD c:/program files (x86)/cypress/psoc creator/4.3/psoc creator/import/gnu/arm/5.4.1/bin/../lib/gcc/arm-none-eabi/5.4.1/armv6-m/crtend.o
LOAD c:/program files (x86)/cypress/psoc creator/4.3/psoc creator/import/gnu/arm/5.4.1/bin/../lib/gcc/arm-none-eabi/5.4.1/armv6-m/crtn.o
START GROUP
LOAD c:/program files (x86)/cypress/psoc creator/4.3/psoc creator/import/gnu/arm/5.4.1/bin/../lib/gcc/arm-none-eabi/5.4.1/armv6-m\libgcc.a
LOAD c:/program files (x86)/cypress/psoc creator/4.3/psoc creator/import/gnu/arm/5.4.1/bin/../lib/gcc/arm-none-eabi/5.4.1/../../../../arm-none-eabi/lib/armv6-m\libc.a
LOAD c:/program files (x86)/cypress/psoc creator/4.3/psoc creator/import/gnu/arm/5.4.1/bin/../lib/gcc/arm-none-eabi/5.4.1/../../../../arm-none-eabi/lib/armv6-m\libnosys.a
END GROUP
                0x00000000                CY_APPL_ORIGIN = 0x0
                0x00000080                CY_FLASH_ROW_SIZE = 0x80
                0x00000001                CY_APPL_NUM = 0x1
                0x00000001                CY_APPL_MAX = 0x1
                0x00000040                CY_METADATA_SIZE = 0x40
                0x00000000                CY_APPL_LOADABLE = 0x0
                0x00000000                CY_CHECKSUM_EXCLUDE_SIZE = ALIGN (0x0, CY_FLASH_ROW_SIZE)
                0x00000000                CY_APP_FOR_STACK_AND_COPIER = 0x0
                [!provide]                PROVIDE (__cy_heap_start, _end)
                0x00000001                PROVIDE (__cy_region_num, ((__cy_regions_end - __cy_regions) / 0x10))
                0x20001000                PROVIDE (__cy_stack, (ORIGIN (ram) + LENGTH (ram)))
                [!provide]                PROVIDE (__cy_heap_end, (__cy_stack - 0x400))

.cybootloader   0x00000000        0x0
 *(.cybootloader)
                0x00000000                appl1_start = CY_APPL_ORIGIN?CY_APPL_ORIGIN:ALIGN (CY_FLASH_ROW_SIZE)
                0x00003f80                appl2_start = (appl1_start + ALIGN ((((LENGTH (rom) - appl1_start) - (0x2 * CY_FLASH_ROW_SIZE)) / 0x2), CY_FLASH_ROW_SIZE))
                0x00000000                appl_start = (CY_APPL_NUM == 0x1)?appl1_start:appl2_start
                0x00000001                cy_project_type_bootloader = (appl_start == 0x0)?0x1:0x0
                0x00000000                cy_project_type_app_for_stack_and_copier = (CY_APP_FOR_STACK_AND_COPIER == 0x1)?0x1:0x0

.text           0x00000000      0x9e0
 CREATE_OBJECT_SYMBOLS
                0x00000000                PROVIDE (__cy_interrupt_vector, RomVectors)
 *(.romvectors)
 .romvectors    0x00000000       0x10 .\CortexM0p\ARM_GCC_541\Debug\Cm0plusStart.o
                0x00000000                RomVectors
                0x00000001                ASSERT ((. != __cy_interrupt_vector), No interrupt vector)
                0x00000001                ASSERT (CY_APPL_ORIGIN?(SIZEOF (.cybootloader) <= CY_APPL_ORIGIN):0x1, Wrong image location)
                0x00000010                PROVIDE (__cy_reset, Reset)
 *(.text.Reset)
 .text.Reset    0x00000010        0xc .\CortexM0p\ARM_GCC_541\Debug\Cm0plusStart.o
                0x00000010                Reset
                0x00000001                ASSERT ((. != __cy_reset), No reset code)
 *(.psocinit)
 .psocinit      0x0000001c       0xb8 .\CortexM0p\ARM_GCC_541\Debug\cyfitter_cfg.o
                0x00000080                cyfitter_cfg
                0x00000100                . = MAX (., 0x100)
 *fill*         0x000000d4       0x2c 
 *(.text .text.* .gnu.linkonce.t.*)
 .text          0x00000100       0x60 c:/program files (x86)/cypress/psoc creator/4.3/psoc creator/import/gnu/arm/5.4.1/bin/../lib/gcc/arm-none-eabi/5.4.1/armv6-m/crtbegin.o
 .text.init     0x00000160        0x8 .\CortexM0p\ARM_GCC_541\Debug\main.o
                0x00000160                init
 .text.parseCommand
                0x00000168       0x78 .\CortexM0p\ARM_GCC_541\Debug\main.o
                0x00000168                parseCommand
 .text.pollUart
                0x000001e0       0x5c .\CortexM0p\ARM_GCC_541\Debug\main.o
                0x000001e0                pollUart
 .text.main     0x0000023c        0xc .\CortexM0p\ARM_GCC_541\Debug\main.o
                0x0000023c                main
 .text.AnalogSetDefault
                0x00000248       0x18 .\CortexM0p\ARM_GCC_541\Debug\cyfitter_cfg.o
 .text.IntDefaultHandler
                0x00000260       0x10 .\CortexM0p\ARM_GCC_541\Debug\Cm0plusStart.o
                0x00000260                IntDefaultHandler
 .text.Start_c  0x00000270       0x48 .\CortexM0p\ARM_GCC_541\Debug\Cm0plusStart.o
                0x00000270                Start_c
 .text.initialize_psoc
                0x000002b8       0x40 .\CortexM0p\ARM_GCC_541\Debug\Cm0plusStart.o
                0x000002b8                initialize_psoc
 .text.Pin_1_Write
                0x000002f8       0x18 .\CortexM0p\ARM_GCC_541\Debug\AutomatedBatterySwap.a(Pin_1.o)
                0x000002f8                Pin_1_Write
 .text.Pin_2_Write
                0x00000310       0x18 .\CortexM0p\ARM_GCC_541\Debug\AutomatedBatterySwap.a(Pin_2.o)
                0x00000310                Pin_2_Write
 .text.Pin_3_Write
                0x00000328       0x18 .\CortexM0p\ARM_GCC_541\Debug\AutomatedBatterySwap.a(Pin_3.o)
                0x00000328                Pin_3_Write
 .text.Pin_4_Write
                0x00000340       0x18 .\CortexM0p\ARM_GCC_541\Debug\AutomatedBatterySwap.a(Pin_4.o)
                0x00000340                Pin_4_Write
 .text.Pin_5_Write
                0x00000358       0x18 .\CortexM0p\ARM_GCC_541\Debug\AutomatedBatterySwap.a(Pin_5.o)
                0x00000358                Pin_5_Write
 .text.UartPC_ScbModePostEnable
                0x00000370        0x8 .\CortexM0p\ARM_GCC_541\Debug\AutomatedBatterySwap.a(UartPC.o)
 .text.UartPC_Init
                0x00000378        0x8 .\CortexM0p\ARM_GCC_541\Debug\AutomatedBatterySwap.a(UartPC.o)
                0x00000378                UartPC_Init
 .text.UartPC_Enable
                0x00000380       0x18 .\CortexM0p\ARM_GCC_541\Debug\AutomatedBatterySwap.a(UartPC.o)
                0x00000380                UartPC_Enable
 .text.UartPC_Start
                0x00000398       0x20 .\CortexM0p\ARM_GCC_541\Debug\AutomatedBatterySwap.a(UartPC.o)
                0x00000398                UartPC_Start
 .text.UartPC_UartInit
                0x000003b8       0xa8 .\CortexM0p\ARM_GCC_541\Debug\AutomatedBatterySwap.a(UartPC_UART.o)
                0x000003b8                UartPC_UartInit
 .text.UartPC_UartPostEnable
                0x00000460       0x2c .\CortexM0p\ARM_GCC_541\Debug\AutomatedBatterySwap.a(UartPC_UART.o)
                0x00000460                UartPC_UartPostEnable
 .text.UartPC_UartGetChar
                0x0000048c       0x2c .\CortexM0p\ARM_GCC_541\Debug\AutomatedBatterySwap.a(UartPC_UART.o)
                0x0000048c                UartPC_UartGetChar
 .text.UartPC_UartPutString
                0x000004b8       0x18 .\CortexM0p\ARM_GCC_541\Debug\AutomatedBatterySwap.a(UartPC_UART.o)
                0x000004b8                UartPC_UartPutString
 .text.CySysClkImoDisableWcoLock
                0x000004d0       0x4c .\CortexM0p\ARM_GCC_541\Debug\AutomatedBatterySwap.a(CyLib.o)
                0x000004d0                CySysClkImoDisableWcoLock
 .text.CySysClkImoGetWcoLock
                0x0000051c       0x14 .\CortexM0p\ARM_GCC_541\Debug\AutomatedBatterySwap.a(CyLib.o)
                0x0000051c                CySysClkImoGetWcoLock
 .text.CyIntEnable
                0x00000530       0x14 .\CortexM0p\ARM_GCC_541\Debug\AutomatedBatterySwap.a(CyLib.o)
                0x00000530                CyIntEnable
 .text.CyHalt   0x00000544        0x4 .\CortexM0p\ARM_GCC_541\Debug\AutomatedBatterySwap.a(CyLib.o)
                0x00000544                CyHalt
 .text.CyIntSetVector
                0x00000548       0x24 .\CortexM0p\ARM_GCC_541\Debug\AutomatedBatterySwap.a(CyLib.o)
                0x00000548                CyIntSetVector
 .text.CyDelay  0x0000056c       0x30 .\CortexM0p\ARM_GCC_541\Debug\AutomatedBatterySwap.a(CyLib.o)
                0x0000056c                CyDelay
 .text.CySysClkImoEnableWcoLock
                0x0000059c       0xd0 .\CortexM0p\ARM_GCC_541\Debug\AutomatedBatterySwap.a(CyLib.o)
                0x0000059c                CySysClkImoEnableWcoLock
 .text.CySysClkWriteImoFreq
                0x0000066c       0xd8 .\CortexM0p\ARM_GCC_541\Debug\AutomatedBatterySwap.a(CyLib.o)
                0x0000066c                CySysClkWriteImoFreq
 .text.CyDelayUs
                0x00000744       0x14 .\CortexM0p\ARM_GCC_541\Debug\AutomatedBatterySwap.a(CyLib.o)
                0x00000744                CyDelayUs
 .text.CySysClkGetTimerSource
                0x00000758       0x10 .\CortexM0p\ARM_GCC_541\Debug\AutomatedBatterySwap.a(CyLFClk.o)
 .text.CySysClkWcoEnabled
                0x00000768       0x14 .\CortexM0p\ARM_GCC_541\Debug\AutomatedBatterySwap.a(CyLFClk.o)
                0x00000768                CySysClkWcoEnabled
 .text.CySysWdtDisable
                0x0000077c       0x10 .\CortexM0p\ARM_GCC_541\Debug\AutomatedBatterySwap.a(CyLFClk.o)
                0x0000077c                CySysWdtDisable
 .text.CySysClkSetTimerSource
                0x0000078c       0x68 .\CortexM0p\ARM_GCC_541\Debug\AutomatedBatterySwap.a(CyLFClk.o)
                0x0000078c                CySysClkSetTimerSource
 .text.CySysTimerClearInterrupt
                0x000007f4       0x2c .\CortexM0p\ARM_GCC_541\Debug\AutomatedBatterySwap.a(CyLFClk.o)
                0x000007f4                CySysTimerClearInterrupt
 .text.CySysTimerIsr
                0x00000820       0xa4 .\CortexM0p\ARM_GCC_541\Debug\AutomatedBatterySwap.a(CyLFClk.o)
                0x00000820                CySysTimerIsr
 *fill*         0x000008c4        0x4 
 .text          0x000008c8       0x20 .\CortexM0p\ARM_GCC_541\Debug\AutomatedBatterySwap.a(CyBootAsmGnu.o)
                0x000008c8                CyDelayCycles
                0x000008da                CyEnterCriticalSection
                0x000008e2                CyExitCriticalSection
 .text.UartPC_SpiUartReadRxData
                0x000008e8        0xc .\CortexM0p\ARM_GCC_541\Debug\AutomatedBatterySwap.a(UartPC_SPI_UART.o)
                0x000008e8                UartPC_SpiUartReadRxData
 .text.UartPC_SpiUartGetRxBufferSize
                0x000008f4       0x10 .\CortexM0p\ARM_GCC_541\Debug\AutomatedBatterySwap.a(UartPC_SPI_UART.o)
                0x000008f4                UartPC_SpiUartGetRxBufferSize
 .text.UartPC_SpiUartWriteTxData
                0x00000904       0x1c .\CortexM0p\ARM_GCC_541\Debug\AutomatedBatterySwap.a(UartPC_SPI_UART.o)
                0x00000904                UartPC_SpiUartWriteTxData
 .text.CySysFlashSetWaitCycles
                0x00000920       0x54 .\CortexM0p\ARM_GCC_541\Debug\AutomatedBatterySwap.a(CyFlash.o)
                0x00000920                CySysFlashSetWaitCycles
 .text.__errno  0x00000974        0xc c:/program files (x86)/cypress/psoc creator/4.3/psoc creator/import/gnu/arm/5.4.1/bin/../lib/gcc/arm-none-eabi/5.4.1/../../../../arm-none-eabi/lib/armv6-m\libg_nano.a(lib_a-errno.o)
                0x00000974                __errno
 .text.__libc_init_array
                0x00000980       0x4c c:/program files (x86)/cypress/psoc creator/4.3/psoc creator/import/gnu/arm/5.4.1/bin/../lib/gcc/arm-none-eabi/5.4.1/../../../../arm-none-eabi/lib/armv6-m\libg_nano.a(lib_a-init.o)
                0x00000980                __libc_init_array
 .text          0x000009cc       0x14 c:/program files (x86)/cypress/psoc creator/4.3/psoc creator/import/gnu/arm/5.4.1/bin/../lib/gcc/arm-none-eabi/5.4.1/../../../../arm-none-eabi/lib/armv6-m\libg_nano.a(lib_a-strcmp.o)
                0x000009cc                strcmp
 *(.plt)
 *(.gnu.warning)
 *(.glue_7t)
 .glue_7t       0x000009e0        0x0 linker stubs
 *(.glue_7)
 .glue_7        0x000009e0        0x0 linker stubs
 *(.vfp11_veneer)
 .vfp11_veneer  0x000009e0        0x0 linker stubs
 *(.bootloader)
 *(.ARM.extab* .gnu.linkonce.armextab.*)
 *(.gcc_except_table)

.v4_bx          0x000009e0        0x0
 .v4_bx         0x000009e0        0x0 linker stubs

.iplt           0x000009e0        0x0
 .iplt          0x000009e0        0x0 c:/program files (x86)/cypress/psoc creator/4.3/psoc creator/import/gnu/arm/5.4.1/bin/../lib/gcc/arm-none-eabi/5.4.1/armv6-m/crtbegin.o

.eh_frame_hdr
 *(.eh_frame_hdr)

.eh_frame       0x000009e0        0x4
 *(.eh_frame)
 .eh_frame      0x000009e0        0x0 c:/program files (x86)/cypress/psoc creator/4.3/psoc creator/import/gnu/arm/5.4.1/bin/../lib/gcc/arm-none-eabi/5.4.1/armv6-m/crtbegin.o
 .eh_frame      0x000009e0        0x4 c:/program files (x86)/cypress/psoc creator/4.3/psoc creator/import/gnu/arm/5.4.1/bin/../lib/gcc/arm-none-eabi/5.4.1/armv6-m/crtend.o
                [!provide]                PROVIDE (__exidx_start, .)

.ARM.exidx
 *(.ARM.exidx* .gnu.linkonce.armexidx.*)
                0x000009e4                __exidx_end = .

.rodata         0x000009e4       0x5c
 *(.rodata .rodata.* .gnu.linkonce.r.*)
 .rodata.str1.4
                0x000009e4       0x20 .\CortexM0p\ARM_GCC_541\Debug\main.o
                                 0x1e (size before relaxing)
 .rodata.str1.1
                0x00000a04        0x2 c:/program files (x86)/cypress/psoc creator/4.3/psoc creator/import/gnu/arm/5.4.1/bin/../lib/gcc/arm-none-eabi/5.4.1/../../../../arm-none-eabi/lib/armv6-m\libg_nano.a(lib_a-impure.o)
                0x00000a08                . = ALIGN (0x4)
 *fill*         0x00000a06        0x2 
 *(.init)
 .init          0x00000a08        0x4 c:/program files (x86)/cypress/psoc creator/4.3/psoc creator/import/gnu/arm/5.4.1/bin/../lib/gcc/arm-none-eabi/5.4.1/armv6-m/crti.o
                0x00000a08                _init
 .init          0x00000a0c        0x8 c:/program files (x86)/cypress/psoc creator/4.3/psoc creator/import/gnu/arm/5.4.1/bin/../lib/gcc/arm-none-eabi/5.4.1/armv6-m/crtn.o
                0x00000a14                . = ALIGN (0x4)
                0x00000a14                __preinit_array_start = .
 *(.preinit_array)
                0x00000a14                __preinit_array_end = .
                0x00000a14                . = ALIGN (0x4)
                0x00000a14                __init_array_start = .
 *(SORT(.init_array.*))
 *(.init_array)
 .init_array    0x00000a14        0x4 c:/program files (x86)/cypress/psoc creator/4.3/psoc creator/import/gnu/arm/5.4.1/bin/../lib/gcc/arm-none-eabi/5.4.1/armv6-m/crtbegin.o
 .init_array    0x00000a18        0x4 .\CortexM0p\ARM_GCC_541\Debug\Cm0plusStart.o
                0x00000a1c                __init_array_end = .
                0x00000a1c                . = ALIGN (0x4)
 *(.fini)
 .fini          0x00000a1c        0x4 c:/program files (x86)/cypress/psoc creator/4.3/psoc creator/import/gnu/arm/5.4.1/bin/../lib/gcc/arm-none-eabi/5.4.1/armv6-m/crti.o
                0x00000a1c                _fini
 .fini          0x00000a20        0x8 c:/program files (x86)/cypress/psoc creator/4.3/psoc creator/import/gnu/arm/5.4.1/bin/../lib/gcc/arm-none-eabi/5.4.1/armv6-m/crtn.o
                0x00000a28                . = ALIGN (0x4)
                0x00000a28                __fini_array_start = .
 *(.fini_array)
 .fini_array    0x00000a28        0x4 c:/program files (x86)/cypress/psoc creator/4.3/psoc creator/import/gnu/arm/5.4.1/bin/../lib/gcc/arm-none-eabi/5.4.1/armv6-m/crtbegin.o
 *(SORT(.fini_array.*))
                0x00000a2c                __fini_array_end = .
                0x00000a2c                . = ALIGN (0x4)
 *crtbegin.o(.ctors)
 *(EXCLUDE_FILE(*crtend.o) .ctors)
 *(SORT(.ctors.*))
 *crtend.o(.ctors)
                0x00000a2c                . = ALIGN (0x4)
 *crtbegin.o(.dtors)
 *(EXCLUDE_FILE(*crtend.o) .dtors)
 *(SORT(.dtors.*))
 *crtend.o(.dtors)
                0x00000a2c                . = ALIGN (0x4)
                0x00000a2c                __cy_regions = .
                0x00000a2c        0x4 LONG 0xa40 __cy_region_init_ram
                0x00000a30        0x4 LONG 0x200000a8 __cy_region_start_data
                0x00000a34        0x4 LONG 0x80 __cy_region_init_size_ram
                0x00000a38        0x4 LONG 0xa8 __cy_region_zero_size_ram
                0x00000a3c                __cy_regions_end = .
                0x00000a40                . = ALIGN (0x8)
 *fill*         0x00000a3c        0x4 
                0x00000a40                _etext = .

.cy_checksum_exclude
                0x00000a40        0x0
 *(.cy_checksum_exclude)

.ramvectors     0x20000000       0xa4
                0x20000000                __cy_region_start_ram = .
 *(.ramvectors)
 .ramvectors    0x20000000       0xa4 .\CortexM0p\ARM_GCC_541\Debug\Cm0plusStart.o
                0x20000000                CyRamVectors

.noinit
 *(.noinit)

.data           0x200000a8       0x80 load address 0x00000a40
                0x200000a8                __cy_region_start_data = .
 *(.jcr)
 .jcr           0x200000a8        0x0 c:/program files (x86)/cypress/psoc creator/4.3/psoc creator/import/gnu/arm/5.4.1/bin/../lib/gcc/arm-none-eabi/5.4.1/armv6-m/crtbegin.o
 .jcr           0x200000a8        0x4 c:/program files (x86)/cypress/psoc creator/4.3/psoc creator/import/gnu/arm/5.4.1/bin/../lib/gcc/arm-none-eabi/5.4.1/armv6-m/crtend.o
 *(.got.plt)
 *(.got)
 *(.shdata)
 *(.data .data.* .gnu.linkonce.d.*)
 .data          0x200000ac       0x14 .\CortexM0p\ARM_GCC_541\Debug\AutomatedBatterySwap.a(CyLib.o)
                0x200000ac                CySysClkPumpConfig
                0x200000b0                cydelay32kMs
                0x200000b4                cydelayFreqKhz
                0x200000b8                cydelayFreqMhz
                0x200000bc                cydelayFreqHz
 .data          0x200000c0        0x4 .\CortexM0p\ARM_GCC_541\Debug\AutomatedBatterySwap.a(CyLFClk.o)
 .data.impure_data
                0x200000c4       0x60 c:/program files (x86)/cypress/psoc creator/4.3/psoc creator/import/gnu/arm/5.4.1/bin/../lib/gcc/arm-none-eabi/5.4.1/../../../../arm-none-eabi/lib/armv6-m\libg_nano.a(lib_a-impure.o)
 .data._impure_ptr
                0x20000124        0x4 c:/program files (x86)/cypress/psoc creator/4.3/psoc creator/import/gnu/arm/5.4.1/bin/../lib/gcc/arm-none-eabi/5.4.1/../../../../arm-none-eabi/lib/armv6-m\libg_nano.a(lib_a-impure.o)
                0x20000124                _impure_ptr
                0x20000128                . = ALIGN (0x8)
 *(.ram)
                0x20000128                _edata = .

.igot.plt       0x20000128        0x0 load address 0x00000ac0
 .igot.plt      0x20000128        0x0 c:/program files (x86)/cypress/psoc creator/4.3/psoc creator/import/gnu/arm/5.4.1/bin/../lib/gcc/arm-none-eabi/5.4.1/armv6-m/crtbegin.o

.bss            0x20000128       0xa8 load address 0x00000ac0
                0x20000128                PROVIDE (__bss_start__, .)
 *(.shbss)
 *(.bss .bss.* .gnu.linkonce.b.*)
 .bss           0x20000128       0x1c c:/program files (x86)/cypress/psoc creator/4.3/psoc creator/import/gnu/arm/5.4.1/bin/../lib/gcc/arm-none-eabi/5.4.1/armv6-m/crtbegin.o
 .bss           0x20000144       0x6c .\CortexM0p\ARM_GCC_541\Debug\main.o
 .bss           0x200001b0        0x4 .\CortexM0p\ARM_GCC_541\Debug\AutomatedBatterySwap.a(UartPC.o)
                0x200001b0                UartPC_initVar
                0x200001b2                UartPC_IntrTxMask
 .bss           0x200001b4       0x18 .\CortexM0p\ARM_GCC_541\Debug\AutomatedBatterySwap.a(CyLFClk.o)
 *(COMMON)
                0x200001d0                . = ALIGN (0x8)
 *fill*         0x200001cc        0x4 
 *(.ram.b)
                0x200001d0                _end = .
                0x200001d0                __end = .
                0x200001d0                PROVIDE (end, .)
                0x200001d0                PROVIDE (__bss_end__, .)
                0x00000a40                __cy_region_init_ram = LOADADDR (.data)
                0x00000080                __cy_region_init_size_ram = (_edata - ADDR (.data))
                0x000000a8                __cy_region_zero_size_ram = (_end - _edata)

.heap           0x200001d0       0x80 load address 0x00000ac0
                0x200001d0                . = _end
                0x20000250                . = (. + 0x80)
 *fill*         0x200001d0       0x80 
                0x20000250                __cy_heap_limit = .

.stack          0x20000c00      0x400
                0x20000c00                __cy_stack_limit = .
                0x20001000                . = (. + 0x400)
 *fill*         0x20000c00      0x400 
                0x00000001                ASSERT ((__cy_stack_limit >= __cy_heap_limit), region RAM overflowed with stack)
                0x00000000                cy_checksum_exclude_size = (CY_APPL_LOADABLE == 0x1)?SIZEOF (.cy_checksum_exclude):0x0
                0x00000001                ASSERT ((cy_checksum_exclude_size <= CY_CHECKSUM_EXCLUDE_SIZE), CY_BOOT: Section .cy_checksum_exclude size exceedes specified limit.)
                0x00007fc0                cyloadermeta_start = (cy_project_type_bootloader || cy_project_type_app_for_stack_and_copier)?(LENGTH (rom) - CY_METADATA_SIZE):0xf0000000

.cyloadermeta
 *(.cyloadermeta)
                0x00007fc0                cyloadablemeta_start = cy_project_type_app_for_stack_and_copier?((LENGTH (rom) - CY_FLASH_ROW_SIZE) - CY_METADATA_SIZE):((LENGTH (rom) - (CY_FLASH_ROW_SIZE * (CY_APPL_NUM - 0x1))) - CY_METADATA_SIZE)

.cyloadablemeta
 *(.cyloadablemeta)

.cyflashprotect
                0x90400000       0x20
 *(.cyflashprotect)
 .cyflashprotect
                0x90400000       0x20 .\CortexM0p\ARM_GCC_541\Debug\cymetadata.o
                0x90400000                cy_meta_flashprotect

.cymeta         0x90500000        0xc
 *(.cymeta)
 .cymeta        0x90500000        0xc .\CortexM0p\ARM_GCC_541\Debug\cymetadata.o
                0x90500000                cy_metadata

.cychipprotect  0x90600000        0x1
 *(.cychipprotect)
 .cychipprotect
                0x90600000        0x1 .\CortexM0p\ARM_GCC_541\Debug\cymetadata.o
                0x90600000                cy_meta_chipprotect

.rel.dyn        0x00000ac0        0x0 load address 0x90600004
 .rel.iplt      0x00000ac0        0x0 c:/program files (x86)/cypress/psoc creator/4.3/psoc creator/import/gnu/arm/5.4.1/bin/../lib/gcc/arm-none-eabi/5.4.1/armv6-m/crtbegin.o

.stab
 *(.stab)

.stabstr
 *(.stabstr)

.debug
 *(.debug)

.line
 *(.line)

.debug_srcinfo
 *(.debug_srcinfo)

.debug_sfnames
 *(.debug_sfnames)

.debug_aranges  0x00000000      0x770
 *(.debug_aranges)
 .debug_aranges
                0x00000000       0x38 .\CortexM0p\ARM_GCC_541\Debug\main.o
 .debug_aranges
                0x00000038       0x30 .\CortexM0p\ARM_GCC_541\Debug\cyfitter_cfg.o
 .debug_aranges
                0x00000068       0x18 .\CortexM0p\ARM_GCC_541\Debug\cymetadata.o
 .debug_aranges
                0x00000080       0x48 .\CortexM0p\ARM_GCC_541\Debug\Cm0plusStart.o
 .debug_aranges
                0x000000c8       0x48 .\CortexM0p\ARM_GCC_541\Debug\AutomatedBatterySwap.a(Pin_1.o)
 .debug_aranges
                0x00000110       0x48 .\CortexM0p\ARM_GCC_541\Debug\AutomatedBatterySwap.a(Pin_2.o)
 .debug_aranges
                0x00000158       0x48 .\CortexM0p\ARM_GCC_541\Debug\AutomatedBatterySwap.a(Pin_3.o)
 .debug_aranges
                0x000001a0       0x48 .\CortexM0p\ARM_GCC_541\Debug\AutomatedBatterySwap.a(Pin_4.o)
 .debug_aranges
                0x000001e8       0x48 .\CortexM0p\ARM_GCC_541\Debug\AutomatedBatterySwap.a(Pin_5.o)
 .debug_aranges
                0x00000230       0x58 .\CortexM0p\ARM_GCC_541\Debug\AutomatedBatterySwap.a(UartPC.o)
 .debug_aranges
                0x00000288       0x90 .\CortexM0p\ARM_GCC_541\Debug\AutomatedBatterySwap.a(UartPC_UART.o)
 .debug_aranges
                0x00000318      0x1e8 .\CortexM0p\ARM_GCC_541\Debug\AutomatedBatterySwap.a(CyLib.o)
 .debug_aranges
                0x00000500      0x1a8 .\CortexM0p\ARM_GCC_541\Debug\AutomatedBatterySwap.a(CyLFClk.o)
 .debug_aranges
                0x000006a8       0x20 .\CortexM0p\ARM_GCC_541\Debug\AutomatedBatterySwap.a(CyBootAsmGnu.o)
 .debug_aranges
                0x000006c8       0x60 .\CortexM0p\ARM_GCC_541\Debug\AutomatedBatterySwap.a(UartPC_SPI_UART.o)
 .debug_aranges
                0x00000728       0x48 .\CortexM0p\ARM_GCC_541\Debug\AutomatedBatterySwap.a(CyFlash.o)

.debug_pubnames
 *(.debug_pubnames)

.debug_info     0x00000000     0x3913
 *(.debug_info .gnu.linkonce.wi.*)
 .debug_info    0x00000000      0x338 .\CortexM0p\ARM_GCC_541\Debug\main.o
 .debug_info    0x00000338      0x170 .\CortexM0p\ARM_GCC_541\Debug\cyfitter_cfg.o
 .debug_info    0x000004a8       0xf8 .\CortexM0p\ARM_GCC_541\Debug\cymetadata.o
 .debug_info    0x000005a0      0x3a5 .\CortexM0p\ARM_GCC_541\Debug\Cm0plusStart.o
 .debug_info    0x00000945      0x19b .\CortexM0p\ARM_GCC_541\Debug\AutomatedBatterySwap.a(Pin_1.o)
 .debug_info    0x00000ae0      0x19d .\CortexM0p\ARM_GCC_541\Debug\AutomatedBatterySwap.a(Pin_2.o)
 .debug_info    0x00000c7d      0x19d .\CortexM0p\ARM_GCC_541\Debug\AutomatedBatterySwap.a(Pin_3.o)
 .debug_info    0x00000e1a      0x19d .\CortexM0p\ARM_GCC_541\Debug\AutomatedBatterySwap.a(Pin_4.o)
 .debug_info    0x00000fb7      0x19d .\CortexM0p\ARM_GCC_541\Debug\AutomatedBatterySwap.a(Pin_5.o)
 .debug_info    0x00001154      0x23a .\CortexM0p\ARM_GCC_541\Debug\AutomatedBatterySwap.a(UartPC.o)
 .debug_info    0x0000138e      0x3b5 .\CortexM0p\ARM_GCC_541\Debug\AutomatedBatterySwap.a(UartPC_UART.o)
 .debug_info    0x00001743      0xdc0 .\CortexM0p\ARM_GCC_541\Debug\AutomatedBatterySwap.a(CyLib.o)
 .debug_info    0x00002503      0xd06 .\CortexM0p\ARM_GCC_541\Debug\AutomatedBatterySwap.a(CyLFClk.o)
 .debug_info    0x00003209       0xd3 .\CortexM0p\ARM_GCC_541\Debug\AutomatedBatterySwap.a(CyBootAsmGnu.o)
 .debug_info    0x000032dc      0x220 .\CortexM0p\ARM_GCC_541\Debug\AutomatedBatterySwap.a(UartPC_SPI_UART.o)
 .debug_info    0x000034fc      0x417 .\CortexM0p\ARM_GCC_541\Debug\AutomatedBatterySwap.a(CyFlash.o)

.debug_abbrev   0x00000000     0x10ed
 *(.debug_abbrev)
 .debug_abbrev  0x00000000      0x10e .\CortexM0p\ARM_GCC_541\Debug\main.o
 .debug_abbrev  0x0000010e       0xc6 .\CortexM0p\ARM_GCC_541\Debug\cyfitter_cfg.o
 .debug_abbrev  0x000001d4       0x5d .\CortexM0p\ARM_GCC_541\Debug\cymetadata.o
 .debug_abbrev  0x00000231      0x1d0 .\CortexM0p\ARM_GCC_541\Debug\Cm0plusStart.o
 .debug_abbrev  0x00000401       0xc8 .\CortexM0p\ARM_GCC_541\Debug\AutomatedBatterySwap.a(Pin_1.o)
 .debug_abbrev  0x000004c9       0xc8 .\CortexM0p\ARM_GCC_541\Debug\AutomatedBatterySwap.a(Pin_2.o)
 .debug_abbrev  0x00000591       0xc8 .\CortexM0p\ARM_GCC_541\Debug\AutomatedBatterySwap.a(Pin_3.o)
 .debug_abbrev  0x00000659       0xc8 .\CortexM0p\ARM_GCC_541\Debug\AutomatedBatterySwap.a(Pin_4.o)
 .debug_abbrev  0x00000721       0xc8 .\CortexM0p\ARM_GCC_541\Debug\AutomatedBatterySwap.a(Pin_5.o)
 .debug_abbrev  0x000007e9       0xd5 .\CortexM0p\ARM_GCC_541\Debug\AutomatedBatterySwap.a(UartPC.o)
 .debug_abbrev  0x000008be      0x132 .\CortexM0p\ARM_GCC_541\Debug\AutomatedBatterySwap.a(UartPC_UART.o)
 .debug_abbrev  0x000009f0      0x1f5 .\CortexM0p\ARM_GCC_541\Debug\AutomatedBatterySwap.a(CyLib.o)
 .debug_abbrev  0x00000be5      0x207 .\CortexM0p\ARM_GCC_541\Debug\AutomatedBatterySwap.a(CyLFClk.o)
 .debug_abbrev  0x00000dec       0x14 .\CortexM0p\ARM_GCC_541\Debug\AutomatedBatterySwap.a(CyBootAsmGnu.o)
 .debug_abbrev  0x00000e00      0x14f .\CortexM0p\ARM_GCC_541\Debug\AutomatedBatterySwap.a(UartPC_SPI_UART.o)
 .debug_abbrev  0x00000f4f      0x19e .\CortexM0p\ARM_GCC_541\Debug\AutomatedBatterySwap.a(CyFlash.o)

.debug_line     0x00000000     0x1b29
 *(.debug_line)
 .debug_line    0x00000000      0x188 .\CortexM0p\ARM_GCC_541\Debug\main.o
 .debug_line    0x00000188       0xa7 .\CortexM0p\ARM_GCC_541\Debug\cyfitter_cfg.o
 .debug_line    0x0000022f      0x141 .\CortexM0p\ARM_GCC_541\Debug\cymetadata.o
 .debug_line    0x00000370      0x247 .\CortexM0p\ARM_GCC_541\Debug\Cm0plusStart.o
 .debug_line    0x000005b7       0xbc .\CortexM0p\ARM_GCC_541\Debug\AutomatedBatterySwap.a(Pin_1.o)
 .debug_line    0x00000673       0xbd .\CortexM0p\ARM_GCC_541\Debug\AutomatedBatterySwap.a(Pin_2.o)
 .debug_line    0x00000730       0xbd .\CortexM0p\ARM_GCC_541\Debug\AutomatedBatterySwap.a(Pin_3.o)
 .debug_line    0x000007ed       0xbd .\CortexM0p\ARM_GCC_541\Debug\AutomatedBatterySwap.a(Pin_4.o)
 .debug_line    0x000008aa       0xbd .\CortexM0p\ARM_GCC_541\Debug\AutomatedBatterySwap.a(Pin_5.o)
 .debug_line    0x00000967      0x10c .\CortexM0p\ARM_GCC_541\Debug\AutomatedBatterySwap.a(UartPC.o)
 .debug_line    0x00000a73      0x1d5 .\CortexM0p\ARM_GCC_541\Debug\AutomatedBatterySwap.a(UartPC_UART.o)
 .debug_line    0x00000c48      0x5bb .\CortexM0p\ARM_GCC_541\Debug\AutomatedBatterySwap.a(CyLib.o)
 .debug_line    0x00001203      0x5c1 .\CortexM0p\ARM_GCC_541\Debug\AutomatedBatterySwap.a(CyLFClk.o)
 .debug_line    0x000017c4       0x68 .\CortexM0p\ARM_GCC_541\Debug\AutomatedBatterySwap.a(CyBootAsmGnu.o)
 .debug_line    0x0000182c      0x11c .\CortexM0p\ARM_GCC_541\Debug\AutomatedBatterySwap.a(UartPC_SPI_UART.o)
 .debug_line    0x00001948      0x1e1 .\CortexM0p\ARM_GCC_541\Debug\AutomatedBatterySwap.a(CyFlash.o)

.debug_frame    0x00000000     0x11a0
 *(.debug_frame)
 .debug_frame   0x00000000       0x84 .\CortexM0p\ARM_GCC_541\Debug\main.o
 .debug_frame   0x00000084       0x5c .\CortexM0p\ARM_GCC_541\Debug\cyfitter_cfg.o
 .debug_frame   0x000000e0       0xbc .\CortexM0p\ARM_GCC_541\Debug\Cm0plusStart.o
 .debug_frame   0x0000019c       0x70 .\CortexM0p\ARM_GCC_541\Debug\AutomatedBatterySwap.a(Pin_1.o)
 .debug_frame   0x0000020c       0x70 .\CortexM0p\ARM_GCC_541\Debug\AutomatedBatterySwap.a(Pin_2.o)
 .debug_frame   0x0000027c       0x70 .\CortexM0p\ARM_GCC_541\Debug\AutomatedBatterySwap.a(Pin_3.o)
 .debug_frame   0x000002ec       0x70 .\CortexM0p\ARM_GCC_541\Debug\AutomatedBatterySwap.a(Pin_4.o)
 .debug_frame   0x0000035c       0x70 .\CortexM0p\ARM_GCC_541\Debug\AutomatedBatterySwap.a(Pin_5.o)
 .debug_frame   0x000003cc       0xd8 .\CortexM0p\ARM_GCC_541\Debug\AutomatedBatterySwap.a(UartPC.o)
 .debug_frame   0x000004a4      0x144 .\CortexM0p\ARM_GCC_541\Debug\AutomatedBatterySwap.a(UartPC_UART.o)
 .debug_frame   0x000005e8      0x4e0 .\CortexM0p\ARM_GCC_541\Debug\AutomatedBatterySwap.a(CyLib.o)
 .debug_frame   0x00000ac8      0x484 .\CortexM0p\ARM_GCC_541\Debug\AutomatedBatterySwap.a(CyLFClk.o)
 .debug_frame   0x00000f4c       0xb0 .\CortexM0p\ARM_GCC_541\Debug\AutomatedBatterySwap.a(UartPC_SPI_UART.o)
 .debug_frame   0x00000ffc       0xa8 .\CortexM0p\ARM_GCC_541\Debug\AutomatedBatterySwap.a(CyFlash.o)
 .debug_frame   0x000010a4       0x20 c:/program files (x86)/cypress/psoc creator/4.3/psoc creator/import/gnu/arm/5.4.1/bin/../lib/gcc/arm-none-eabi/5.4.1/armv6-m\libgcc.a(_udivsi3.o)
 .debug_frame   0x000010c4       0x20 c:/program files (x86)/cypress/psoc creator/4.3/psoc creator/import/gnu/arm/5.4.1/bin/../lib/gcc/arm-none-eabi/5.4.1/../../../../arm-none-eabi/lib/armv6-m\libg_nano.a(lib_a-errno.o)
 .debug_frame   0x000010e4       0x28 c:/program files (x86)/cypress/psoc creator/4.3/psoc creator/import/gnu/arm/5.4.1/bin/../lib/gcc/arm-none-eabi/5.4.1/../../../../arm-none-eabi/lib/armv6-m\libg_nano.a(lib_a-exit.o)
 .debug_frame   0x0000110c       0x2c c:/program files (x86)/cypress/psoc creator/4.3/psoc creator/import/gnu/arm/5.4.1/bin/../lib/gcc/arm-none-eabi/5.4.1/../../../../arm-none-eabi/lib/armv6-m\libg_nano.a(lib_a-init.o)
 .debug_frame   0x00001138       0x28 c:/program files (x86)/cypress/psoc creator/4.3/psoc creator/import/gnu/arm/5.4.1/bin/../lib/gcc/arm-none-eabi/5.4.1/../../../../arm-none-eabi/lib/armv6-m\libg_nano.a(lib_a-memcpy-stub.o)
 .debug_frame   0x00001160       0x20 c:/program files (x86)/cypress/psoc creator/4.3/psoc creator/import/gnu/arm/5.4.1/bin/../lib/gcc/arm-none-eabi/5.4.1/../../../../arm-none-eabi/lib/armv6-m\libg_nano.a(lib_a-memset.o)
 .debug_frame   0x00001180       0x20 c:/program files (x86)/cypress/psoc creator/4.3/psoc creator/import/gnu/arm/5.4.1/bin/../lib/gcc/arm-none-eabi/5.4.1/../../../../arm-none-eabi/lib/armv6-m\libg_nano.a(lib_a-strcmp.o)

.debug_str      0x00000000     0x1979
 *(.debug_str)
 .debug_str     0x00000000      0x247 .\CortexM0p\ARM_GCC_541\Debug\main.o
                                0x287 (size before relaxing)
 .debug_str     0x00000247      0x128 .\CortexM0p\ARM_GCC_541\Debug\cyfitter_cfg.o
                                0x265 (size before relaxing)
 .debug_str     0x0000036f       0x63 .\CortexM0p\ARM_GCC_541\Debug\cymetadata.o
                                0x20f (size before relaxing)
 .debug_str     0x000003d2      0x156 .\CortexM0p\ARM_GCC_541\Debug\Cm0plusStart.o
                                0x356 (size before relaxing)
 .debug_str     0x00000528       0xaa .\CortexM0p\ARM_GCC_541\Debug\AutomatedBatterySwap.a(Pin_1.o)
                                0x27d (size before relaxing)
 .debug_str     0x000005d2       0x7b .\CortexM0p\ARM_GCC_541\Debug\AutomatedBatterySwap.a(Pin_2.o)
                                0x27d (size before relaxing)
 .debug_str     0x0000064d       0x7b .\CortexM0p\ARM_GCC_541\Debug\AutomatedBatterySwap.a(Pin_3.o)
                                0x27d (size before relaxing)
 .debug_str     0x000006c8       0x7b .\CortexM0p\ARM_GCC_541\Debug\AutomatedBatterySwap.a(Pin_4.o)
                                0x27d (size before relaxing)
 .debug_str     0x00000743       0x7b .\CortexM0p\ARM_GCC_541\Debug\AutomatedBatterySwap.a(Pin_5.o)
                                0x27d (size before relaxing)
 .debug_str     0x000007be      0x111 .\CortexM0p\ARM_GCC_541\Debug\AutomatedBatterySwap.a(UartPC.o)
                                0x2fa (size before relaxing)
 .debug_str     0x000008cf      0x1dc .\CortexM0p\ARM_GCC_541\Debug\AutomatedBatterySwap.a(UartPC_UART.o)
                                0x437 (size before relaxing)
 .debug_str     0x00000aab      0x673 .\CortexM0p\ARM_GCC_541\Debug\AutomatedBatterySwap.a(CyLib.o)
                                0x8b8 (size before relaxing)
 .debug_str     0x0000111e      0x646 .\CortexM0p\ARM_GCC_541\Debug\AutomatedBatterySwap.a(CyLFClk.o)
                                0x8e0 (size before relaxing)
 .debug_str     0x00001764       0xf1 .\CortexM0p\ARM_GCC_541\Debug\AutomatedBatterySwap.a(UartPC_SPI_UART.o)
                                0x329 (size before relaxing)
 .debug_str     0x00001855      0x124 .\CortexM0p\ARM_GCC_541\Debug\AutomatedBatterySwap.a(CyFlash.o)
                                0x369 (size before relaxing)

.debug_loc      0x00000000     0x1c1b
 *(.debug_loc)
 .debug_loc     0x00000000       0x2c .\CortexM0p\ARM_GCC_541\Debug\main.o
 .debug_loc     0x0000002c      0x14f .\CortexM0p\ARM_GCC_541\Debug\Cm0plusStart.o
 .debug_loc     0x0000017b       0x81 .\CortexM0p\ARM_GCC_541\Debug\AutomatedBatterySwap.a(Pin_1.o)
 .debug_loc     0x000001fc       0xa2 .\CortexM0p\ARM_GCC_541\Debug\AutomatedBatterySwap.a(Pin_2.o)
 .debug_loc     0x0000029e       0xa2 .\CortexM0p\ARM_GCC_541\Debug\AutomatedBatterySwap.a(Pin_3.o)
 .debug_loc     0x00000340       0xa2 .\CortexM0p\ARM_GCC_541\Debug\AutomatedBatterySwap.a(Pin_4.o)
 .debug_loc     0x000003e2       0xa2 .\CortexM0p\ARM_GCC_541\Debug\AutomatedBatterySwap.a(Pin_5.o)
 .debug_loc     0x00000484       0x7e .\CortexM0p\ARM_GCC_541\Debug\AutomatedBatterySwap.a(UartPC.o)
 .debug_loc     0x00000502      0x223 .\CortexM0p\ARM_GCC_541\Debug\AutomatedBatterySwap.a(UartPC_UART.o)
 .debug_loc     0x00000725      0x81b .\CortexM0p\ARM_GCC_541\Debug\AutomatedBatterySwap.a(CyLib.o)
 .debug_loc     0x00000f40      0xa88 .\CortexM0p\ARM_GCC_541\Debug\AutomatedBatterySwap.a(CyLFClk.o)
 .debug_loc     0x000019c8       0x96 .\CortexM0p\ARM_GCC_541\Debug\AutomatedBatterySwap.a(UartPC_SPI_UART.o)
 .debug_loc     0x00001a5e      0x1bd .\CortexM0p\ARM_GCC_541\Debug\AutomatedBatterySwap.a(CyFlash.o)

.debug_macinfo
 *(.debug_macinfo)

.debug_ranges   0x00000000      0x658
 *(.debug_ranges)
 .debug_ranges  0x00000000       0x28 .\CortexM0p\ARM_GCC_541\Debug\main.o
 .debug_ranges  0x00000028       0x20 .\CortexM0p\ARM_GCC_541\Debug\cyfitter_cfg.o
 .debug_ranges  0x00000048       0x38 .\CortexM0p\ARM_GCC_541\Debug\Cm0plusStart.o
 .debug_ranges  0x00000080       0x38 .\CortexM0p\ARM_GCC_541\Debug\AutomatedBatterySwap.a(Pin_1.o)
 .debug_ranges  0x000000b8       0x38 .\CortexM0p\ARM_GCC_541\Debug\AutomatedBatterySwap.a(Pin_2.o)
 .debug_ranges  0x000000f0       0x38 .\CortexM0p\ARM_GCC_541\Debug\AutomatedBatterySwap.a(Pin_3.o)
 .debug_ranges  0x00000128       0x38 .\CortexM0p\ARM_GCC_541\Debug\AutomatedBatterySwap.a(Pin_4.o)
 .debug_ranges  0x00000160       0x38 .\CortexM0p\ARM_GCC_541\Debug\AutomatedBatterySwap.a(Pin_5.o)
 .debug_ranges  0x00000198       0x48 .\CortexM0p\ARM_GCC_541\Debug\AutomatedBatterySwap.a(UartPC.o)
 .debug_ranges  0x000001e0       0x80 .\CortexM0p\ARM_GCC_541\Debug\AutomatedBatterySwap.a(UartPC_UART.o)
 .debug_ranges  0x00000260      0x1d8 .\CortexM0p\ARM_GCC_541\Debug\AutomatedBatterySwap.a(CyLib.o)
 .debug_ranges  0x00000438      0x198 .\CortexM0p\ARM_GCC_541\Debug\AutomatedBatterySwap.a(CyLFClk.o)
 .debug_ranges  0x000005d0       0x50 .\CortexM0p\ARM_GCC_541\Debug\AutomatedBatterySwap.a(UartPC_SPI_UART.o)
 .debug_ranges  0x00000620       0x38 .\CortexM0p\ARM_GCC_541\Debug\AutomatedBatterySwap.a(CyFlash.o)

.comment        0x00000000       0x6e
 .comment       0x00000000       0x6e .\CortexM0p\ARM_GCC_541\Debug\main.o
                                 0x6f (size before relaxing)
 .comment       0x0000006e       0x6f .\CortexM0p\ARM_GCC_541\Debug\cyfitter_cfg.o
 .comment       0x0000006e       0x6f .\CortexM0p\ARM_GCC_541\Debug\cymetadata.o
 .comment       0x0000006e       0x6f .\CortexM0p\ARM_GCC_541\Debug\Cm0plusStart.o
 .comment       0x0000006e       0x6f .\CortexM0p\ARM_GCC_541\Debug\AutomatedBatterySwap.a(Pin_1.o)
 .comment       0x0000006e       0x6f .\CortexM0p\ARM_GCC_541\Debug\AutomatedBatterySwap.a(Pin_2.o)
 .comment       0x0000006e       0x6f .\CortexM0p\ARM_GCC_541\Debug\AutomatedBatterySwap.a(Pin_3.o)
 .comment       0x0000006e       0x6f .\CortexM0p\ARM_GCC_541\Debug\AutomatedBatterySwap.a(Pin_4.o)
 .comment       0x0000006e       0x6f .\CortexM0p\ARM_GCC_541\Debug\AutomatedBatterySwap.a(Pin_5.o)
 .comment       0x0000006e       0x6f .\CortexM0p\ARM_GCC_541\Debug\AutomatedBatterySwap.a(UartPC.o)
 .comment       0x0000006e       0x6f .\CortexM0p\ARM_GCC_541\Debug\AutomatedBatterySwap.a(UartPC_UART.o)
 .comment       0x0000006e       0x6f .\CortexM0p\ARM_GCC_541\Debug\AutomatedBatterySwap.a(CyLib.o)
 .comment       0x0000006e       0x6f .\CortexM0p\ARM_GCC_541\Debug\AutomatedBatterySwap.a(CyLFClk.o)
 .comment       0x0000006e       0x6f .\CortexM0p\ARM_GCC_541\Debug\AutomatedBatterySwap.a(UartPC_SPI_UART.o)
 .comment       0x0000006e       0x6f .\CortexM0p\ARM_GCC_541\Debug\AutomatedBatterySwap.a(CyFlash.o)

.debug_weaknames
 *(.debug_weaknames)

.debug_funcnames
 *(.debug_funcnames)

.debug_typenames
 *(.debug_typenames)

.debug_varnames
 *(.debug_varnames)

.note.gnu.arm.ident
 *(.note.gnu.arm.ident)

.ARM.attributes
                0x00000000       0x28
 *(.ARM.attributes)
 .ARM.attributes
                0x00000000       0x1e c:/program files (x86)/cypress/psoc creator/4.3/psoc creator/import/gnu/arm/5.4.1/bin/../lib/gcc/arm-none-eabi/5.4.1/armv6-m/crti.o
 .ARM.attributes
                0x0000001e       0x2c c:/program files (x86)/cypress/psoc creator/4.3/psoc creator/import/gnu/arm/5.4.1/bin/../lib/gcc/arm-none-eabi/5.4.1/armv6-m/crtbegin.o
 .ARM.attributes
                0x0000004a       0x1b c:/program files (x86)/cypress/psoc creator/4.3/psoc creator/import/gnu/arm/5.4.1/bin/../lib/gcc/arm-none-eabi/5.4.1/../../../../arm-none-eabi/lib/armv6-m/crt0.o
 .ARM.attributes
                0x00000065       0x32 .\CortexM0p\ARM_GCC_541\Debug\main.o
 .ARM.attributes
                0x00000097       0x32 .\CortexM0p\ARM_GCC_541\Debug\cyfitter_cfg.o
 .ARM.attributes
                0x000000c9       0x32 .\CortexM0p\ARM_GCC_541\Debug\cymetadata.o
 .ARM.attributes
                0x000000fb       0x32 .\CortexM0p\ARM_GCC_541\Debug\Cm0plusStart.o
 .ARM.attributes
                0x0000012d       0x32 .\CortexM0p\ARM_GCC_541\Debug\AutomatedBatterySwap.a(Pin_1.o)
 .ARM.attributes
                0x0000015f       0x32 .\CortexM0p\ARM_GCC_541\Debug\AutomatedBatterySwap.a(Pin_2.o)
 .ARM.attributes
                0x00000191       0x32 .\CortexM0p\ARM_GCC_541\Debug\AutomatedBatterySwap.a(Pin_3.o)
 .ARM.attributes
                0x000001c3       0x32 .\CortexM0p\ARM_GCC_541\Debug\AutomatedBatterySwap.a(Pin_4.o)
 .ARM.attributes
                0x000001f5       0x32 .\CortexM0p\ARM_GCC_541\Debug\AutomatedBatterySwap.a(Pin_5.o)
 .ARM.attributes
                0x00000227       0x32 .\CortexM0p\ARM_GCC_541\Debug\AutomatedBatterySwap.a(UartPC.o)
 .ARM.attributes
                0x00000259       0x32 .\CortexM0p\ARM_GCC_541\Debug\AutomatedBatterySwap.a(UartPC_UART.o)
 .ARM.attributes
                0x0000028b       0x32 .\CortexM0p\ARM_GCC_541\Debug\AutomatedBatterySwap.a(CyLib.o)
 .ARM.attributes
                0x000002bd       0x32 .\CortexM0p\ARM_GCC_541\Debug\AutomatedBatterySwap.a(CyLFClk.o)
 .ARM.attributes
                0x000002ef       0x22 .\CortexM0p\ARM_GCC_541\Debug\AutomatedBatterySwap.a(CyBootAsmGnu.o)
 .ARM.attributes
                0x00000311       0x32 .\CortexM0p\ARM_GCC_541\Debug\AutomatedBatterySwap.a(UartPC_SPI_UART.o)
 .ARM.attributes
                0x00000343       0x32 .\CortexM0p\ARM_GCC_541\Debug\AutomatedBatterySwap.a(CyFlash.o)
 .ARM.attributes
                0x00000375       0x1e c:/program files (x86)/cypress/psoc creator/4.3/psoc creator/import/gnu/arm/5.4.1/bin/../lib/gcc/arm-none-eabi/5.4.1/armv6-m\libgcc.a(_udivsi3.o)
 .ARM.attributes
                0x00000393       0x1e c:/program files (x86)/cypress/psoc creator/4.3/psoc creator/import/gnu/arm/5.4.1/bin/../lib/gcc/arm-none-eabi/5.4.1/armv6-m\libgcc.a(_dvmd_tls.o)
 .ARM.attributes
                0x000003b1       0x2c c:/program files (x86)/cypress/psoc creator/4.3/psoc creator/import/gnu/arm/5.4.1/bin/../lib/gcc/arm-none-eabi/5.4.1/../../../../arm-none-eabi/lib/armv6-m\libg_nano.a(lib_a-errno.o)
 .ARM.attributes
                0x000003dd       0x2c c:/program files (x86)/cypress/psoc creator/4.3/psoc creator/import/gnu/arm/5.4.1/bin/../lib/gcc/arm-none-eabi/5.4.1/../../../../arm-none-eabi/lib/armv6-m\libg_nano.a(lib_a-exit.o)
 .ARM.attributes
                0x00000409       0x2c c:/program files (x86)/cypress/psoc creator/4.3/psoc creator/import/gnu/arm/5.4.1/bin/../lib/gcc/arm-none-eabi/5.4.1/../../../../arm-none-eabi/lib/armv6-m\libg_nano.a(lib_a-impure.o)
 .ARM.attributes
                0x00000435       0x2c c:/program files (x86)/cypress/psoc creator/4.3/psoc creator/import/gnu/arm/5.4.1/bin/../lib/gcc/arm-none-eabi/5.4.1/../../../../arm-none-eabi/lib/armv6-m\libg_nano.a(lib_a-init.o)
 .ARM.attributes
                0x00000461       0x2c c:/program files (x86)/cypress/psoc creator/4.3/psoc creator/import/gnu/arm/5.4.1/bin/../lib/gcc/arm-none-eabi/5.4.1/../../../../arm-none-eabi/lib/armv6-m\libg_nano.a(lib_a-memcpy-stub.o)
 .ARM.attributes
                0x0000048d       0x2c c:/program files (x86)/cypress/psoc creator/4.3/psoc creator/import/gnu/arm/5.4.1/bin/../lib/gcc/arm-none-eabi/5.4.1/../../../../arm-none-eabi/lib/armv6-m\libg_nano.a(lib_a-memset.o)
 .ARM.attributes
                0x000004b9       0x1c c:/program files (x86)/cypress/psoc creator/4.3/psoc creator/import/gnu/arm/5.4.1/bin/../lib/gcc/arm-none-eabi/5.4.1/../../../../arm-none-eabi/lib/armv6-m\libg_nano.a(lib_a-strcmp.o)
 .ARM.attributes
                0x000004d5       0x2c c:/program files (x86)/cypress/psoc creator/4.3/psoc creator/import/gnu/arm/5.4.1/bin/../lib/gcc/arm-none-eabi/5.4.1/armv6-m/crtend.o
 .ARM.attributes
                0x00000501       0x1e c:/program files (x86)/cypress/psoc creator/4.3/psoc creator/import/gnu/arm/5.4.1/bin/../lib/gcc/arm-none-eabi/5.4.1/armv6-m/crtn.o

/DISCARD/
 *(.note.GNU-stack)
OUTPUT(C:\Users\gcristini\OneDrive - Datalogic S.p.a\Data\PhytonWorkspace\AutomatedBatterySwap\PSOC4\AutomatedBatterySwap.cydsn\CortexM0p\ARM_GCC_541\Debug\AutomatedBatterySwap.elf elf32-littlearm)
