Archive member included to satisfy reference by file (symbol)

.\CortexM0p\ARM_GCC_541\Debug\AutomatedBatterySwap.a(UartPC.o)
                              .\CortexM0p\ARM_GCC_541\Debug\main.o (UartPC_Start)
.\CortexM0p\ARM_GCC_541\Debug\AutomatedBatterySwap.a(UartPC_UART.o)
                              .\CortexM0p\ARM_GCC_541\Debug\AutomatedBatterySwap.a(UartPC.o) (UartPC_UartInit)
.\CortexM0p\ARM_GCC_541\Debug\AutomatedBatterySwap.a(CyLib.o)
                              .\CortexM0p\ARM_GCC_541\Debug\cyfitter_cfg.o (CyIntEnable)
.\CortexM0p\ARM_GCC_541\Debug\AutomatedBatterySwap.a(CyLFClk.o)
                              .\CortexM0p\ARM_GCC_541\Debug\AutomatedBatterySwap.a(CyLib.o) (CySysClkWcoEnabled)
.\CortexM0p\ARM_GCC_541\Debug\AutomatedBatterySwap.a(pin_PackP.o)
                              .\CortexM0p\ARM_GCC_541\Debug\main.o (pin_PackP_Write)
.\CortexM0p\ARM_GCC_541\Debug\AutomatedBatterySwap.a(pin_SCL.o)
                              .\CortexM0p\ARM_GCC_541\Debug\main.o (pin_SCL_Write)
.\CortexM0p\ARM_GCC_541\Debug\AutomatedBatterySwap.a(pin_SDA.o)
                              .\CortexM0p\ARM_GCC_541\Debug\main.o (pin_SDA_Write)
.\CortexM0p\ARM_GCC_541\Debug\AutomatedBatterySwap.a(pin_Detect.o)
                              .\CortexM0p\ARM_GCC_541\Debug\main.o (pin_Detect_Write)
.\CortexM0p\ARM_GCC_541\Debug\AutomatedBatterySwap.a(pin_NTC.o)
                              .\CortexM0p\ARM_GCC_541\Debug\main.o (pin_NTC_Write)
.\CortexM0p\ARM_GCC_541\Debug\AutomatedBatterySwap.a(CyBootAsmGnu.o)
                              .\CortexM0p\ARM_GCC_541\Debug\AutomatedBatterySwap.a(CyLib.o) (CyDelayCycles)
.\CortexM0p\ARM_GCC_541\Debug\AutomatedBatterySwap.a(UartPC_SPI_UART.o)
                              .\CortexM0p\ARM_GCC_541\Debug\AutomatedBatterySwap.a(UartPC_UART.o) (UartPC_SpiUartReadRxData)
.\CortexM0p\ARM_GCC_541\Debug\AutomatedBatterySwap.a(CyFlash.o)
                              .\CortexM0p\ARM_GCC_541\Debug\AutomatedBatterySwap.a(CyLib.o) (CySysFlashSetWaitCycles)
c:/program files (x86)/cypress/psoc creator/4.3/psoc creator/import/gnu/arm/5.4.1/bin/../lib/gcc/arm-none-eabi/5.4.1/armv6-m\libgcc.a(_udivsi3.o)
                              .\CortexM0p\ARM_GCC_541\Debug\AutomatedBatterySwap.a(CyLib.o) (__aeabi_uidiv)
c:/program files (x86)/cypress/psoc creator/4.3/psoc creator/import/gnu/arm/5.4.1/bin/../lib/gcc/arm-none-eabi/5.4.1/armv6-m\libgcc.a(_dvmd_tls.o)
                              c:/program files (x86)/cypress/psoc creator/4.3/psoc creator/import/gnu/arm/5.4.1/bin/../lib/gcc/arm-none-eabi/5.4.1/armv6-m\libgcc.a(_udivsi3.o) (__aeabi_idiv0)
c:/program files (x86)/cypress/psoc creator/4.3/psoc creator/import/gnu/arm/5.4.1/bin/../lib/gcc/arm-none-eabi/5.4.1/../../../../arm-none-eabi/lib/armv6-m\libg_nano.a(lib_a-errno.o)
                              .\CortexM0p\ARM_GCC_541\Debug\Cm0plusStart.o (__errno)
c:/program files (x86)/cypress/psoc creator/4.3/psoc creator/import/gnu/arm/5.4.1/bin/../lib/gcc/arm-none-eabi/5.4.1/../../../../arm-none-eabi/lib/armv6-m\libg_nano.a(lib_a-exit.o)
                              c:/program files (x86)/cypress/psoc creator/4.3/psoc creator/import/gnu/arm/5.4.1/bin/../lib/gcc/arm-none-eabi/5.4.1/../../../../arm-none-eabi/lib/armv6-m/crt0.o (exit)
c:/program files (x86)/cypress/psoc creator/4.3/psoc creator/import/gnu/arm/5.4.1/bin/../lib/gcc/arm-none-eabi/5.4.1/../../../../arm-none-eabi/lib/armv6-m\libg_nano.a(lib_a-impure.o)
                              c:/program files (x86)/cypress/psoc creator/4.3/psoc creator/import/gnu/arm/5.4.1/bin/../lib/gcc/arm-none-eabi/5.4.1/../../../../arm-none-eabi/lib/armv6-m\libg_nano.a(lib_a-exit.o) (_global_impure_ptr)
c:/program files (x86)/cypress/psoc creator/4.3/psoc creator/import/gnu/arm/5.4.1/bin/../lib/gcc/arm-none-eabi/5.4.1/../../../../arm-none-eabi/lib/armv6-m\libg_nano.a(lib_a-init.o)
                              c:/program files (x86)/cypress/psoc creator/4.3/psoc creator/import/gnu/arm/5.4.1/bin/../lib/gcc/arm-none-eabi/5.4.1/../../../../arm-none-eabi/lib/armv6-m/crt0.o (__libc_init_array)
c:/program files (x86)/cypress/psoc creator/4.3/psoc creator/import/gnu/arm/5.4.1/bin/../lib/gcc/arm-none-eabi/5.4.1/../../../../arm-none-eabi/lib/armv6-m\libg_nano.a(lib_a-memcpy-stub.o)
                              .\CortexM0p\ARM_GCC_541\Debug\AutomatedBatterySwap.a(CyFlash.o) (memcpy)
c:/program files (x86)/cypress/psoc creator/4.3/psoc creator/import/gnu/arm/5.4.1/bin/../lib/gcc/arm-none-eabi/5.4.1/../../../../arm-none-eabi/lib/armv6-m\libg_nano.a(lib_a-memset.o)
                              c:/program files (x86)/cypress/psoc creator/4.3/psoc creator/import/gnu/arm/5.4.1/bin/../lib/gcc/arm-none-eabi/5.4.1/../../../../arm-none-eabi/lib/armv6-m/crt0.o (memset)
c:/program files (x86)/cypress/psoc creator/4.3/psoc creator/import/gnu/arm/5.4.1/bin/../lib/gcc/arm-none-eabi/5.4.1/../../../../arm-none-eabi/lib/armv6-m\libg_nano.a(lib_a-strcmp.o)
                              .\CortexM0p\ARM_GCC_541\Debug\main.o (strcmp)

Discarded input sections

 .text          0x00000000        0x0 c:/program files (x86)/cypress/psoc creator/4.3/psoc creator/import/gnu/arm/5.4.1/bin/../lib/gcc/arm-none-eabi/5.4.1/armv6-m/crti.o
 .data          0x00000000        0x0 c:/program files (x86)/cypress/psoc creator/4.3/psoc creator/import/gnu/arm/5.4.1/bin/../lib/gcc/arm-none-eabi/5.4.1/armv6-m/crti.o
 .bss           0x00000000        0x0 c:/program files (x86)/cypress/psoc creator/4.3/psoc creator/import/gnu/arm/5.4.1/bin/../lib/gcc/arm-none-eabi/5.4.1/armv6-m/crti.o
 .data          0x00000000        0x4 c:/program files (x86)/cypress/psoc creator/4.3/psoc creator/import/gnu/arm/5.4.1/bin/../lib/gcc/arm-none-eabi/5.4.1/armv6-m/crtbegin.o
 .text          0x00000000       0x78 c:/program files (x86)/cypress/psoc creator/4.3/psoc creator/import/gnu/arm/5.4.1/bin/../lib/gcc/arm-none-eabi/5.4.1/../../../../arm-none-eabi/lib/armv6-m/crt0.o
 .data          0x00000000        0x0 c:/program files (x86)/cypress/psoc creator/4.3/psoc creator/import/gnu/arm/5.4.1/bin/../lib/gcc/arm-none-eabi/5.4.1/../../../../arm-none-eabi/lib/armv6-m/crt0.o
 .bss           0x00000000        0x0 c:/program files (x86)/cypress/psoc creator/4.3/psoc creator/import/gnu/arm/5.4.1/bin/../lib/gcc/arm-none-eabi/5.4.1/../../../../arm-none-eabi/lib/armv6-m/crt0.o
 .ARM.extab     0x00000000        0x0 c:/program files (x86)/cypress/psoc creator/4.3/psoc creator/import/gnu/arm/5.4.1/bin/../lib/gcc/arm-none-eabi/5.4.1/../../../../arm-none-eabi/lib/armv6-m/crt0.o
 .ARM.exidx     0x00000000        0x8 c:/program files (x86)/cypress/psoc creator/4.3/psoc creator/import/gnu/arm/5.4.1/bin/../lib/gcc/arm-none-eabi/5.4.1/../../../../arm-none-eabi/lib/armv6-m/crt0.o
 .text          0x00000000        0x0 .\CortexM0p\ARM_GCC_541\Debug\main.o
 .data          0x00000000        0x0 .\CortexM0p\ARM_GCC_541\Debug\main.o
 .text          0x00000000        0x0 .\CortexM0p\ARM_GCC_541\Debug\cyfitter_cfg.o
 .data          0x00000000        0x0 .\CortexM0p\ARM_GCC_541\Debug\cyfitter_cfg.o
 .bss           0x00000000        0x0 .\CortexM0p\ARM_GCC_541\Debug\cyfitter_cfg.o
 .text          0x00000000        0x0 .\CortexM0p\ARM_GCC_541\Debug\cymetadata.o
 .data          0x00000000        0x0 .\CortexM0p\ARM_GCC_541\Debug\cymetadata.o
 .bss           0x00000000        0x0 .\CortexM0p\ARM_GCC_541\Debug\cymetadata.o
 .text          0x00000000        0x0 .\CortexM0p\ARM_GCC_541\Debug\Cm0plusStart.o
 .data          0x00000000        0x4 .\CortexM0p\ARM_GCC_541\Debug\Cm0plusStart.o
 .bss           0x00000000        0x0 .\CortexM0p\ARM_GCC_541\Debug\Cm0plusStart.o
 .text._exit    0x00000000        0xc .\CortexM0p\ARM_GCC_541\Debug\Cm0plusStart.o
 .text._sbrk    0x00000000       0x30 .\CortexM0p\ARM_GCC_541\Debug\Cm0plusStart.o
 .text          0x00000000        0x0 .\CortexM0p\ARM_GCC_541\Debug\AutomatedBatterySwap.a(UartPC.o)
 .data          0x00000000        0x0 .\CortexM0p\ARM_GCC_541\Debug\AutomatedBatterySwap.a(UartPC.o)
 .text.UartPC_ScbModeStop
                0x00000000        0x8 .\CortexM0p\ARM_GCC_541\Debug\AutomatedBatterySwap.a(UartPC.o)
 .text.UartPC_Stop
                0x00000000       0x20 .\CortexM0p\ARM_GCC_541\Debug\AutomatedBatterySwap.a(UartPC.o)
 .text.UartPC_SetRxFifoLevel
                0x00000000       0x14 .\CortexM0p\ARM_GCC_541\Debug\AutomatedBatterySwap.a(UartPC.o)
 .text.UartPC_SetTxFifoLevel
                0x00000000       0x14 .\CortexM0p\ARM_GCC_541\Debug\AutomatedBatterySwap.a(UartPC.o)
 .text          0x00000000        0x0 .\CortexM0p\ARM_GCC_541\Debug\AutomatedBatterySwap.a(UartPC_UART.o)
 .data          0x00000000        0x0 .\CortexM0p\ARM_GCC_541\Debug\AutomatedBatterySwap.a(UartPC_UART.o)
 .bss           0x00000000        0x0 .\CortexM0p\ARM_GCC_541\Debug\AutomatedBatterySwap.a(UartPC_UART.o)
 .text.UartPC_UartStop
                0x00000000       0x2c .\CortexM0p\ARM_GCC_541\Debug\AutomatedBatterySwap.a(UartPC_UART.o)
 .text.UartPC_UartSetRxAddress
                0x00000000       0x14 .\CortexM0p\ARM_GCC_541\Debug\AutomatedBatterySwap.a(UartPC_UART.o)
 .text.UartPC_UartSetRxAddressMask
                0x00000000       0x18 .\CortexM0p\ARM_GCC_541\Debug\AutomatedBatterySwap.a(UartPC_UART.o)
 .text.UartPC_UartGetByte
                0x00000000       0x34 .\CortexM0p\ARM_GCC_541\Debug\AutomatedBatterySwap.a(UartPC_UART.o)
 .text.UartPC_UartSetRtsPolarity
                0x00000000       0x28 .\CortexM0p\ARM_GCC_541\Debug\AutomatedBatterySwap.a(UartPC_UART.o)
 .text.UartPC_UartSetRtsFifoLevel
                0x00000000       0x14 .\CortexM0p\ARM_GCC_541\Debug\AutomatedBatterySwap.a(UartPC_UART.o)
 .text.UartPC_UartPutCRLF
                0x00000000       0x14 .\CortexM0p\ARM_GCC_541\Debug\AutomatedBatterySwap.a(UartPC_UART.o)
 .text.UartPC_UartEnableCts
                0x00000000       0x14 .\CortexM0p\ARM_GCC_541\Debug\AutomatedBatterySwap.a(UartPC_UART.o)
 .text.UartPC_UartDisableCts
                0x00000000       0x14 .\CortexM0p\ARM_GCC_541\Debug\AutomatedBatterySwap.a(UartPC_UART.o)
 .text.UartPC_UartSetCtsPolarity
                0x00000000       0x28 .\CortexM0p\ARM_GCC_541\Debug\AutomatedBatterySwap.a(UartPC_UART.o)
 .text.UartPC_UartSendBreakBlocking
                0x00000000       0x58 .\CortexM0p\ARM_GCC_541\Debug\AutomatedBatterySwap.a(UartPC_UART.o)
 .text          0x00000000        0x0 .\CortexM0p\ARM_GCC_541\Debug\AutomatedBatterySwap.a(CyLib.o)
 .bss           0x00000000       0x18 .\CortexM0p\ARM_GCC_541\Debug\AutomatedBatterySwap.a(CyLib.o)
 .text.CySysClkImoStart
                0x00000000       0x14 .\CortexM0p\ARM_GCC_541\Debug\AutomatedBatterySwap.a(CyLib.o)
 .text.CySysClkImoStop
                0x00000000       0x18 .\CortexM0p\ARM_GCC_541\Debug\AutomatedBatterySwap.a(CyLib.o)
 .text.CySysClkWriteHfclkDirect
                0x00000000       0x20 .\CortexM0p\ARM_GCC_541\Debug\AutomatedBatterySwap.a(CyLib.o)
 .text.CySysEnablePumpClock
                0x00000000       0x34 .\CortexM0p\ARM_GCC_541\Debug\AutomatedBatterySwap.a(CyLib.o)
 .text.CySysClkGetSysclkSource
                0x00000000       0x1c .\CortexM0p\ARM_GCC_541\Debug\AutomatedBatterySwap.a(CyLib.o)
 .text.CySysClkWriteSysclkDiv
                0x00000000       0x24 .\CortexM0p\ARM_GCC_541\Debug\AutomatedBatterySwap.a(CyLib.o)
 .text.CySysClkWriteHfclkDiv
                0x00000000       0x24 .\CortexM0p\ARM_GCC_541\Debug\AutomatedBatterySwap.a(CyLib.o)
 .text.CySysGetResetReason
                0x00000000       0x14 .\CortexM0p\ARM_GCC_541\Debug\AutomatedBatterySwap.a(CyLib.o)
 .text.CyDisableInts
                0x00000000       0x10 .\CortexM0p\ARM_GCC_541\Debug\AutomatedBatterySwap.a(CyLib.o)
 .text.CyEnableInts
                0x00000000        0xc .\CortexM0p\ARM_GCC_541\Debug\AutomatedBatterySwap.a(CyLib.o)
 .text.CyIntGetState
                0x00000000       0x18 .\CortexM0p\ARM_GCC_541\Debug\AutomatedBatterySwap.a(CyLib.o)
 .text.CyIntDisable
                0x00000000       0x14 .\CortexM0p\ARM_GCC_541\Debug\AutomatedBatterySwap.a(CyLib.o)
 .text.CyIntSetPending
                0x00000000       0x14 .\CortexM0p\ARM_GCC_541\Debug\AutomatedBatterySwap.a(CyLib.o)
 .text.CyIntClearPending
                0x00000000       0x14 .\CortexM0p\ARM_GCC_541\Debug\AutomatedBatterySwap.a(CyLib.o)
 .text.CyIntSetSysVector
                0x00000000       0x20 .\CortexM0p\ARM_GCC_541\Debug\AutomatedBatterySwap.a(CyLib.o)
 .text.CyIntGetSysVector
                0x00000000       0x1c .\CortexM0p\ARM_GCC_541\Debug\AutomatedBatterySwap.a(CyLib.o)
 .text.CyIntGetVector
                0x00000000       0x20 .\CortexM0p\ARM_GCC_541\Debug\AutomatedBatterySwap.a(CyLib.o)
 .text.CyIntSetPriority
                0x00000000       0x4c .\CortexM0p\ARM_GCC_541\Debug\AutomatedBatterySwap.a(CyLib.o)
 .text.CyIntGetPriority
                0x00000000       0x2c .\CortexM0p\ARM_GCC_541\Debug\AutomatedBatterySwap.a(CyLib.o)
 .text.CySoftwareReset
                0x00000000       0x18 .\CortexM0p\ARM_GCC_541\Debug\AutomatedBatterySwap.a(CyLib.o)
 .text.CyDelayFreq
                0x00000000       0x4c .\CortexM0p\ARM_GCC_541\Debug\AutomatedBatterySwap.a(CyLib.o)
 .text.CySysTickStop
                0x00000000       0x10 .\CortexM0p\ARM_GCC_541\Debug\AutomatedBatterySwap.a(CyLib.o)
 .text.CySysTickEnableInterrupt
                0x00000000       0x10 .\CortexM0p\ARM_GCC_541\Debug\AutomatedBatterySwap.a(CyLib.o)
 .text.CySysTickEnable
                0x00000000       0x18 .\CortexM0p\ARM_GCC_541\Debug\AutomatedBatterySwap.a(CyLib.o)
 .text.CySysTickDisableInterrupt
                0x00000000       0x10 .\CortexM0p\ARM_GCC_541\Debug\AutomatedBatterySwap.a(CyLib.o)
 .text.CySysTickSetReload
                0x00000000       0x10 .\CortexM0p\ARM_GCC_541\Debug\AutomatedBatterySwap.a(CyLib.o)
 .text.CySysTickGetReload
                0x00000000       0x10 .\CortexM0p\ARM_GCC_541\Debug\AutomatedBatterySwap.a(CyLib.o)
 .text.CySysTickGetValue
                0x00000000       0x10 .\CortexM0p\ARM_GCC_541\Debug\AutomatedBatterySwap.a(CyLib.o)
 .text.CySysTickSetClockSource
                0x00000000       0x20 .\CortexM0p\ARM_GCC_541\Debug\AutomatedBatterySwap.a(CyLib.o)
 .text.CySysTickGetClockSource
                0x00000000       0x10 .\CortexM0p\ARM_GCC_541\Debug\AutomatedBatterySwap.a(CyLib.o)
 .text.CySysTickGetCountFlag
                0x00000000       0x10 .\CortexM0p\ARM_GCC_541\Debug\AutomatedBatterySwap.a(CyLib.o)
 .text.CySysTickServiceCallbacks
                0x00000000       0x28 .\CortexM0p\ARM_GCC_541\Debug\AutomatedBatterySwap.a(CyLib.o)
 .text.CySysTickClear
                0x00000000        0xc .\CortexM0p\ARM_GCC_541\Debug\AutomatedBatterySwap.a(CyLib.o)
 .text.CySysTickInit
                0x00000000       0x44 .\CortexM0p\ARM_GCC_541\Debug\AutomatedBatterySwap.a(CyLib.o)
 .text.CySysTickStart
                0x00000000       0x20 .\CortexM0p\ARM_GCC_541\Debug\AutomatedBatterySwap.a(CyLib.o)
 .text.CySysTickSetCallback
                0x00000000       0x10 .\CortexM0p\ARM_GCC_541\Debug\AutomatedBatterySwap.a(CyLib.o)
 .text.CySysTickGetCallback
                0x00000000        0xc .\CortexM0p\ARM_GCC_541\Debug\AutomatedBatterySwap.a(CyLib.o)
 .text.CyGetUniqueId
                0x00000000       0x70 .\CortexM0p\ARM_GCC_541\Debug\AutomatedBatterySwap.a(CyLib.o)
 .text.CySysSetRamAccessArbPriority
                0x00000000       0x20 .\CortexM0p\ARM_GCC_541\Debug\AutomatedBatterySwap.a(CyLib.o)
 .text.CySysSetFlashAccessArbPriority
                0x00000000       0x20 .\CortexM0p\ARM_GCC_541\Debug\AutomatedBatterySwap.a(CyLib.o)
 .text.CySysSetDmacAccessArbPriority
                0x00000000       0x20 .\CortexM0p\ARM_GCC_541\Debug\AutomatedBatterySwap.a(CyLib.o)
 .text.CySysSetPeripheralAccessArbPriority
                0x00000000       0x4c .\CortexM0p\ARM_GCC_541\Debug\AutomatedBatterySwap.a(CyLib.o)
 .text.CySysPrbSetBgGain
                0x00000000       0x14 .\CortexM0p\ARM_GCC_541\Debug\AutomatedBatterySwap.a(CyLib.o)
 .text.CySysPrbEnableDeepsleepVddaRef
                0x00000000       0x14 .\CortexM0p\ARM_GCC_541\Debug\AutomatedBatterySwap.a(CyLib.o)
 .text.CySysPrbDisableDeepsleepVddaRef
                0x00000000       0x14 .\CortexM0p\ARM_GCC_541\Debug\AutomatedBatterySwap.a(CyLib.o)
 .text.CySysPrbEnableVddaRef
                0x00000000       0x10 .\CortexM0p\ARM_GCC_541\Debug\AutomatedBatterySwap.a(CyLib.o)
 .text.CySysPrbDisableVddaRef
                0x00000000       0x10 .\CortexM0p\ARM_GCC_541\Debug\AutomatedBatterySwap.a(CyLib.o)
 .text.CySysPrbSetBgBufferTrim
                0x00000000       0x34 .\CortexM0p\ARM_GCC_541\Debug\AutomatedBatterySwap.a(CyLib.o)
 .text.CySysPrbGetBgBufferTrim
                0x00000000       0x1c .\CortexM0p\ARM_GCC_541\Debug\AutomatedBatterySwap.a(CyLib.o)
 .text          0x00000000        0x0 .\CortexM0p\ARM_GCC_541\Debug\AutomatedBatterySwap.a(CyLFClk.o)
 .text.CySysClkIloStart
                0x00000000       0x14 .\CortexM0p\ARM_GCC_541\Debug\AutomatedBatterySwap.a(CyLFClk.o)
 .text.CySysClkIloStop
                0x00000000       0x10 .\CortexM0p\ARM_GCC_541\Debug\AutomatedBatterySwap.a(CyLFClk.o)
 .text.CySysClkIloStartMeasurement
                0x00000000       0x34 .\CortexM0p\ARM_GCC_541\Debug\AutomatedBatterySwap.a(CyLFClk.o)
 .text.CySysClkIloStopMeasurement
                0x00000000       0x28 .\CortexM0p\ARM_GCC_541\Debug\AutomatedBatterySwap.a(CyLFClk.o)
 .text.CySysClkIloCompensate
                0x00000000      0x10c .\CortexM0p\ARM_GCC_541\Debug\AutomatedBatterySwap.a(CyLFClk.o)
 .text.CySysClkWcoStart
                0x00000000       0x40 .\CortexM0p\ARM_GCC_541\Debug\AutomatedBatterySwap.a(CyLFClk.o)
 .text.CySysClkWcoStop
                0x00000000       0x1c .\CortexM0p\ARM_GCC_541\Debug\AutomatedBatterySwap.a(CyLFClk.o)
 .text.CySysClkWcoSetPowerMode
                0x00000000       0x4c .\CortexM0p\ARM_GCC_541\Debug\AutomatedBatterySwap.a(CyLFClk.o)
 .text.CySysClkWcoClockOutSelect
                0x00000000       0x2c .\CortexM0p\ARM_GCC_541\Debug\AutomatedBatterySwap.a(CyLFClk.o)
 .text.CySysWdtGetEnabledStatus
                0x00000000       0x1c .\CortexM0p\ARM_GCC_541\Debug\AutomatedBatterySwap.a(CyLFClk.o)
 .text.CySysWdtEnable
                0x00000000        0xc .\CortexM0p\ARM_GCC_541\Debug\AutomatedBatterySwap.a(CyLFClk.o)
 .text.CySysWdtSetMatch
                0x00000000       0x18 .\CortexM0p\ARM_GCC_541\Debug\AutomatedBatterySwap.a(CyLFClk.o)
 .text.CySysWdtGetMatch
                0x00000000       0x10 .\CortexM0p\ARM_GCC_541\Debug\AutomatedBatterySwap.a(CyLFClk.o)
 .text.CySysWdtGetCount
                0x00000000        0xc .\CortexM0p\ARM_GCC_541\Debug\AutomatedBatterySwap.a(CyLFClk.o)
 .text.CySysWdtSetIgnoreBits
                0x00000000       0x20 .\CortexM0p\ARM_GCC_541\Debug\AutomatedBatterySwap.a(CyLFClk.o)
 .text.CySysWdtGetIgnoreBits
                0x00000000       0x10 .\CortexM0p\ARM_GCC_541\Debug\AutomatedBatterySwap.a(CyLFClk.o)
 .text.CySysWdtClearInterrupt
                0x00000000       0x10 .\CortexM0p\ARM_GCC_541\Debug\AutomatedBatterySwap.a(CyLFClk.o)
 .text.CySysWdtMaskInterrupt
                0x00000000       0x10 .\CortexM0p\ARM_GCC_541\Debug\AutomatedBatterySwap.a(CyLFClk.o)
 .text.CySysWdtUnmaskInterrupt
                0x00000000       0x10 .\CortexM0p\ARM_GCC_541\Debug\AutomatedBatterySwap.a(CyLFClk.o)
 .text.CySysWdtSetInterruptCallback
                0x00000000       0x10 .\CortexM0p\ARM_GCC_541\Debug\AutomatedBatterySwap.a(CyLFClk.o)
 .text.CySysWdtGetInterruptCallback
                0x00000000        0xc .\CortexM0p\ARM_GCC_541\Debug\AutomatedBatterySwap.a(CyLFClk.o)
 .text.CySysWdtIsr
                0x00000000       0x18 .\CortexM0p\ARM_GCC_541\Debug\AutomatedBatterySwap.a(CyLFClk.o)
 .text.CySysTimerGetEnabledStatus
                0x00000000       0x24 .\CortexM0p\ARM_GCC_541\Debug\AutomatedBatterySwap.a(CyLFClk.o)
 .text.CySysTimerSetMode
                0x00000000       0x40 .\CortexM0p\ARM_GCC_541\Debug\AutomatedBatterySwap.a(CyLFClk.o)
 .text.CySysTimerGetMode
                0x00000000       0x14 .\CortexM0p\ARM_GCC_541\Debug\AutomatedBatterySwap.a(CyLFClk.o)
 .text.CySysTimerSetClearOnMatch
                0x00000000       0x34 .\CortexM0p\ARM_GCC_541\Debug\AutomatedBatterySwap.a(CyLFClk.o)
 .text.CySysTimerGetClearOnMatch
                0x00000000       0x24 .\CortexM0p\ARM_GCC_541\Debug\AutomatedBatterySwap.a(CyLFClk.o)
 .text.CySysTimerEnable
                0x00000000       0x3c .\CortexM0p\ARM_GCC_541\Debug\AutomatedBatterySwap.a(CyLFClk.o)
 .text.CySysTimerDisable
                0x00000000       0x3c .\CortexM0p\ARM_GCC_541\Debug\AutomatedBatterySwap.a(CyLFClk.o)
 .text.CySysTimerSetCascade
                0x00000000       0x34 .\CortexM0p\ARM_GCC_541\Debug\AutomatedBatterySwap.a(CyLFClk.o)
 .text.CySysTimerGetCascade
                0x00000000       0x14 .\CortexM0p\ARM_GCC_541\Debug\AutomatedBatterySwap.a(CyLFClk.o)
 .text.CySysTimerSetMatch
                0x00000000       0x54 .\CortexM0p\ARM_GCC_541\Debug\AutomatedBatterySwap.a(CyLFClk.o)
 .text.CySysTimerSetToggleBit
                0x00000000       0x30 .\CortexM0p\ARM_GCC_541\Debug\AutomatedBatterySwap.a(CyLFClk.o)
 .text.CySysTimerGetToggleBit
                0x00000000       0x10 .\CortexM0p\ARM_GCC_541\Debug\AutomatedBatterySwap.a(CyLFClk.o)
 .text.CySysTimerGetMatch
                0x00000000       0x20 .\CortexM0p\ARM_GCC_541\Debug\AutomatedBatterySwap.a(CyLFClk.o)
 .text.CySysTimerGetCount
                0x00000000       0x3c .\CortexM0p\ARM_GCC_541\Debug\AutomatedBatterySwap.a(CyLFClk.o)
 .text.CySysTimerGetInterruptSource
                0x00000000       0x14 .\CortexM0p\ARM_GCC_541\Debug\AutomatedBatterySwap.a(CyLFClk.o)
 .text.CySysTimerSetInterruptCallback
                0x00000000       0x20 .\CortexM0p\ARM_GCC_541\Debug\AutomatedBatterySwap.a(CyLFClk.o)
 .text.CySysTimerGetInterruptCallback
                0x00000000       0x20 .\CortexM0p\ARM_GCC_541\Debug\AutomatedBatterySwap.a(CyLFClk.o)
 .text.CySysTimerEnableIsr
                0x00000000       0x34 .\CortexM0p\ARM_GCC_541\Debug\AutomatedBatterySwap.a(CyLFClk.o)
 .text.CySysTimerDisableIsr
                0x00000000       0x28 .\CortexM0p\ARM_GCC_541\Debug\AutomatedBatterySwap.a(CyLFClk.o)
 .text.CySysTimerResetCounters
                0x00000000       0x20 .\CortexM0p\ARM_GCC_541\Debug\AutomatedBatterySwap.a(CyLFClk.o)
 .text.CySysTimerDelayUntilMatch
                0x00000000       0x6c .\CortexM0p\ARM_GCC_541\Debug\AutomatedBatterySwap.a(CyLFClk.o)
 .text.CySysTimerDelay
                0x00000000       0x3c .\CortexM0p\ARM_GCC_541\Debug\AutomatedBatterySwap.a(CyLFClk.o)
 .rodata        0x00000000        0xc .\CortexM0p\ARM_GCC_541\Debug\AutomatedBatterySwap.a(CyLFClk.o)
 .text          0x00000000        0x0 .\CortexM0p\ARM_GCC_541\Debug\AutomatedBatterySwap.a(pin_PackP.o)
 .data          0x00000000        0x0 .\CortexM0p\ARM_GCC_541\Debug\AutomatedBatterySwap.a(pin_PackP.o)
 .bss           0x00000000        0x0 .\CortexM0p\ARM_GCC_541\Debug\AutomatedBatterySwap.a(pin_PackP.o)
 .text.pin_PackP_SetDriveMode
                0x00000000       0x14 .\CortexM0p\ARM_GCC_541\Debug\AutomatedBatterySwap.a(pin_PackP.o)
 .text.pin_PackP_Read
                0x00000000       0x10 .\CortexM0p\ARM_GCC_541\Debug\AutomatedBatterySwap.a(pin_PackP.o)
 .text.pin_PackP_ReadDataReg
                0x00000000       0x10 .\CortexM0p\ARM_GCC_541\Debug\AutomatedBatterySwap.a(pin_PackP.o)
 .text.pin_PackP_SetInterruptMode
                0x00000000       0x14 .\CortexM0p\ARM_GCC_541\Debug\AutomatedBatterySwap.a(pin_PackP.o)
 .text.pin_PackP_ClearInterrupt
                0x00000000       0x10 .\CortexM0p\ARM_GCC_541\Debug\AutomatedBatterySwap.a(pin_PackP.o)
 .text          0x00000000        0x0 .\CortexM0p\ARM_GCC_541\Debug\AutomatedBatterySwap.a(pin_SCL.o)
 .data          0x00000000        0x0 .\CortexM0p\ARM_GCC_541\Debug\AutomatedBatterySwap.a(pin_SCL.o)
 .bss           0x00000000        0x0 .\CortexM0p\ARM_GCC_541\Debug\AutomatedBatterySwap.a(pin_SCL.o)
 .text.pin_SCL_SetDriveMode
                0x00000000       0x14 .\CortexM0p\ARM_GCC_541\Debug\AutomatedBatterySwap.a(pin_SCL.o)
 .text.pin_SCL_Read
                0x00000000       0x10 .\CortexM0p\ARM_GCC_541\Debug\AutomatedBatterySwap.a(pin_SCL.o)
 .text.pin_SCL_ReadDataReg
                0x00000000       0x10 .\CortexM0p\ARM_GCC_541\Debug\AutomatedBatterySwap.a(pin_SCL.o)
 .text.pin_SCL_SetInterruptMode
                0x00000000       0x14 .\CortexM0p\ARM_GCC_541\Debug\AutomatedBatterySwap.a(pin_SCL.o)
 .text.pin_SCL_ClearInterrupt
                0x00000000       0x14 .\CortexM0p\ARM_GCC_541\Debug\AutomatedBatterySwap.a(pin_SCL.o)
 .text          0x00000000        0x0 .\CortexM0p\ARM_GCC_541\Debug\AutomatedBatterySwap.a(pin_SDA.o)
 .data          0x00000000        0x0 .\CortexM0p\ARM_GCC_541\Debug\AutomatedBatterySwap.a(pin_SDA.o)
 .bss           0x00000000        0x0 .\CortexM0p\ARM_GCC_541\Debug\AutomatedBatterySwap.a(pin_SDA.o)
 .text.pin_SDA_SetDriveMode
                0x00000000       0x18 .\CortexM0p\ARM_GCC_541\Debug\AutomatedBatterySwap.a(pin_SDA.o)
 .text.pin_SDA_Read
                0x00000000       0x10 .\CortexM0p\ARM_GCC_541\Debug\AutomatedBatterySwap.a(pin_SDA.o)
 .text.pin_SDA_ReadDataReg
                0x00000000       0x10 .\CortexM0p\ARM_GCC_541\Debug\AutomatedBatterySwap.a(pin_SDA.o)
 .text.pin_SDA_SetInterruptMode
                0x00000000       0x14 .\CortexM0p\ARM_GCC_541\Debug\AutomatedBatterySwap.a(pin_SDA.o)
 .text.pin_SDA_ClearInterrupt
                0x00000000       0x14 .\CortexM0p\ARM_GCC_541\Debug\AutomatedBatterySwap.a(pin_SDA.o)
 .text          0x00000000        0x0 .\CortexM0p\ARM_GCC_541\Debug\AutomatedBatterySwap.a(pin_Detect.o)
 .data          0x00000000        0x0 .\CortexM0p\ARM_GCC_541\Debug\AutomatedBatterySwap.a(pin_Detect.o)
 .bss           0x00000000        0x0 .\CortexM0p\ARM_GCC_541\Debug\AutomatedBatterySwap.a(pin_Detect.o)
 .text.pin_Detect_SetDriveMode
                0x00000000       0x18 .\CortexM0p\ARM_GCC_541\Debug\AutomatedBatterySwap.a(pin_Detect.o)
 .text.pin_Detect_Read
                0x00000000       0x10 .\CortexM0p\ARM_GCC_541\Debug\AutomatedBatterySwap.a(pin_Detect.o)
 .text.pin_Detect_ReadDataReg
                0x00000000       0x10 .\CortexM0p\ARM_GCC_541\Debug\AutomatedBatterySwap.a(pin_Detect.o)
 .text.pin_Detect_SetInterruptMode
                0x00000000       0x14 .\CortexM0p\ARM_GCC_541\Debug\AutomatedBatterySwap.a(pin_Detect.o)
 .text.pin_Detect_ClearInterrupt
                0x00000000       0x14 .\CortexM0p\ARM_GCC_541\Debug\AutomatedBatterySwap.a(pin_Detect.o)
 .text          0x00000000        0x0 .\CortexM0p\ARM_GCC_541\Debug\AutomatedBatterySwap.a(pin_NTC.o)
 .data          0x00000000        0x0 .\CortexM0p\ARM_GCC_541\Debug\AutomatedBatterySwap.a(pin_NTC.o)
 .bss           0x00000000        0x0 .\CortexM0p\ARM_GCC_541\Debug\AutomatedBatterySwap.a(pin_NTC.o)
 .text.pin_NTC_SetDriveMode
                0x00000000       0x18 .\CortexM0p\ARM_GCC_541\Debug\AutomatedBatterySwap.a(pin_NTC.o)
 .text.pin_NTC_Read
                0x00000000       0x10 .\CortexM0p\ARM_GCC_541\Debug\AutomatedBatterySwap.a(pin_NTC.o)
 .text.pin_NTC_ReadDataReg
                0x00000000       0x10 .\CortexM0p\ARM_GCC_541\Debug\AutomatedBatterySwap.a(pin_NTC.o)
 .text.pin_NTC_SetInterruptMode
                0x00000000       0x14 .\CortexM0p\ARM_GCC_541\Debug\AutomatedBatterySwap.a(pin_NTC.o)
 .text.pin_NTC_ClearInterrupt
                0x00000000       0x14 .\CortexM0p\ARM_GCC_541\Debug\AutomatedBatterySwap.a(pin_NTC.o)
 .data          0x00000000        0x0 .\CortexM0p\ARM_GCC_541\Debug\AutomatedBatterySwap.a(CyBootAsmGnu.o)
 .bss           0x00000000        0x0 .\CortexM0p\ARM_GCC_541\Debug\AutomatedBatterySwap.a(CyBootAsmGnu.o)
 .text          0x00000000        0x0 .\CortexM0p\ARM_GCC_541\Debug\AutomatedBatterySwap.a(UartPC_SPI_UART.o)
 .data          0x00000000        0x0 .\CortexM0p\ARM_GCC_541\Debug\AutomatedBatterySwap.a(UartPC_SPI_UART.o)
 .bss           0x00000000        0x0 .\CortexM0p\ARM_GCC_541\Debug\AutomatedBatterySwap.a(UartPC_SPI_UART.o)
 .text.UartPC_SpiUartClearRxBuffer
                0x00000000       0x20 .\CortexM0p\ARM_GCC_541\Debug\AutomatedBatterySwap.a(UartPC_SPI_UART.o)
 .text.UartPC_SpiUartPutArray
                0x00000000       0x18 .\CortexM0p\ARM_GCC_541\Debug\AutomatedBatterySwap.a(UartPC_SPI_UART.o)
 .text.UartPC_SpiUartGetTxBufferSize
                0x00000000       0x10 .\CortexM0p\ARM_GCC_541\Debug\AutomatedBatterySwap.a(UartPC_SPI_UART.o)
 .text.UartPC_SpiUartClearTxBuffer
                0x00000000       0x20 .\CortexM0p\ARM_GCC_541\Debug\AutomatedBatterySwap.a(UartPC_SPI_UART.o)
 .text.UartPC_SpiUartDisableIntRx
                0x00000000       0x10 .\CortexM0p\ARM_GCC_541\Debug\AutomatedBatterySwap.a(UartPC_SPI_UART.o)
 .text.UartPC_SpiUartDisableIntTx
                0x00000000       0x10 .\CortexM0p\ARM_GCC_541\Debug\AutomatedBatterySwap.a(UartPC_SPI_UART.o)
 .text          0x00000000        0x0 .\CortexM0p\ARM_GCC_541\Debug\AutomatedBatterySwap.a(CyFlash.o)
 .data          0x00000000        0x0 .\CortexM0p\ARM_GCC_541\Debug\AutomatedBatterySwap.a(CyFlash.o)
 .bss           0x00000000       0x18 .\CortexM0p\ARM_GCC_541\Debug\AutomatedBatterySwap.a(CyFlash.o)
 .text.CySysFlashClockBackup
                0x00000000       0x64 .\CortexM0p\ARM_GCC_541\Debug\AutomatedBatterySwap.a(CyFlash.o)
 .text.CySysFlashClockConfig
                0x00000000       0x54 .\CortexM0p\ARM_GCC_541\Debug\AutomatedBatterySwap.a(CyFlash.o)
 .text.CySysFlashClockRestore
                0x00000000       0x64 .\CortexM0p\ARM_GCC_541\Debug\AutomatedBatterySwap.a(CyFlash.o)
 .text.CySysFlashWriteRow
                0x00000000      0x118 .\CortexM0p\ARM_GCC_541\Debug\AutomatedBatterySwap.a(CyFlash.o)
 .text.CySysSFlashWriteUserRow
                0x00000000      0x108 .\CortexM0p\ARM_GCC_541\Debug\AutomatedBatterySwap.a(CyFlash.o)
 .text          0x00000000      0x114 c:/program files (x86)/cypress/psoc creator/4.3/psoc creator/import/gnu/arm/5.4.1/bin/../lib/gcc/arm-none-eabi/5.4.1/armv6-m\libgcc.a(_udivsi3.o)
 .data          0x00000000        0x0 c:/program files (x86)/cypress/psoc creator/4.3/psoc creator/import/gnu/arm/5.4.1/bin/../lib/gcc/arm-none-eabi/5.4.1/armv6-m\libgcc.a(_udivsi3.o)
 .bss           0x00000000        0x0 c:/program files (x86)/cypress/psoc creator/4.3/psoc creator/import/gnu/arm/5.4.1/bin/../lib/gcc/arm-none-eabi/5.4.1/armv6-m\libgcc.a(_udivsi3.o)
 .text          0x00000000        0x4 c:/program files (x86)/cypress/psoc creator/4.3/psoc creator/import/gnu/arm/5.4.1/bin/../lib/gcc/arm-none-eabi/5.4.1/armv6-m\libgcc.a(_dvmd_tls.o)
 .data          0x00000000        0x0 c:/program files (x86)/cypress/psoc creator/4.3/psoc creator/import/gnu/arm/5.4.1/bin/../lib/gcc/arm-none-eabi/5.4.1/armv6-m\libgcc.a(_dvmd_tls.o)
 .bss           0x00000000        0x0 c:/program files (x86)/cypress/psoc creator/4.3/psoc creator/import/gnu/arm/5.4.1/bin/../lib/gcc/arm-none-eabi/5.4.1/armv6-m\libgcc.a(_dvmd_tls.o)
 .text          0x00000000        0x0 c:/program files (x86)/cypress/psoc creator/4.3/psoc creator/import/gnu/arm/5.4.1/bin/../lib/gcc/arm-none-eabi/5.4.1/../../../../arm-none-eabi/lib/armv6-m\libg_nano.a(lib_a-errno.o)
 .data          0x00000000        0x0 c:/program files (x86)/cypress/psoc creator/4.3/psoc creator/import/gnu/arm/5.4.1/bin/../lib/gcc/arm-none-eabi/5.4.1/../../../../arm-none-eabi/lib/armv6-m\libg_nano.a(lib_a-errno.o)
 .bss           0x00000000        0x0 c:/program files (x86)/cypress/psoc creator/4.3/psoc creator/import/gnu/arm/5.4.1/bin/../lib/gcc/arm-none-eabi/5.4.1/../../../../arm-none-eabi/lib/armv6-m\libg_nano.a(lib_a-errno.o)
 .text          0x00000000        0x0 c:/program files (x86)/cypress/psoc creator/4.3/psoc creator/import/gnu/arm/5.4.1/bin/../lib/gcc/arm-none-eabi/5.4.1/../../../../arm-none-eabi/lib/armv6-m\libg_nano.a(lib_a-exit.o)
 .data          0x00000000        0x0 c:/program files (x86)/cypress/psoc creator/4.3/psoc creator/import/gnu/arm/5.4.1/bin/../lib/gcc/arm-none-eabi/5.4.1/../../../../arm-none-eabi/lib/armv6-m\libg_nano.a(lib_a-exit.o)
 .bss           0x00000000        0x0 c:/program files (x86)/cypress/psoc creator/4.3/psoc creator/import/gnu/arm/5.4.1/bin/../lib/gcc/arm-none-eabi/5.4.1/../../../../arm-none-eabi/lib/armv6-m\libg_nano.a(lib_a-exit.o)
 .text.exit     0x00000000       0x2c c:/program files (x86)/cypress/psoc creator/4.3/psoc creator/import/gnu/arm/5.4.1/bin/../lib/gcc/arm-none-eabi/5.4.1/../../../../arm-none-eabi/lib/armv6-m\libg_nano.a(lib_a-exit.o)
 .text          0x00000000        0x0 c:/program files (x86)/cypress/psoc creator/4.3/psoc creator/import/gnu/arm/5.4.1/bin/../lib/gcc/arm-none-eabi/5.4.1/../../../../arm-none-eabi/lib/armv6-m\libg_nano.a(lib_a-impure.o)
 .data          0x00000000        0x0 c:/program files (x86)/cypress/psoc creator/4.3/psoc creator/import/gnu/arm/5.4.1/bin/../lib/gcc/arm-none-eabi/5.4.1/../../../../arm-none-eabi/lib/armv6-m\libg_nano.a(lib_a-impure.o)
 .bss           0x00000000        0x0 c:/program files (x86)/cypress/psoc creator/4.3/psoc creator/import/gnu/arm/5.4.1/bin/../lib/gcc/arm-none-eabi/5.4.1/../../../../arm-none-eabi/lib/armv6-m\libg_nano.a(lib_a-impure.o)
 .rodata._global_impure_ptr
                0x00000000        0x4 c:/program files (x86)/cypress/psoc creator/4.3/psoc creator/import/gnu/arm/5.4.1/bin/../lib/gcc/arm-none-eabi/5.4.1/../../../../arm-none-eabi/lib/armv6-m\libg_nano.a(lib_a-impure.o)
 .text          0x00000000        0x0 c:/program files (x86)/cypress/psoc creator/4.3/psoc creator/import/gnu/arm/5.4.1/bin/../lib/gcc/arm-none-eabi/5.4.1/../../../../arm-none-eabi/lib/armv6-m\libg_nano.a(lib_a-init.o)
 .data          0x00000000        0x0 c:/program files (x86)/cypress/psoc creator/4.3/psoc creator/import/gnu/arm/5.4.1/bin/../lib/gcc/arm-none-eabi/5.4.1/../../../../arm-none-eabi/lib/armv6-m\libg_nano.a(lib_a-init.o)
 .bss           0x00000000        0x0 c:/program files (x86)/cypress/psoc creator/4.3/psoc creator/import/gnu/arm/5.4.1/bin/../lib/gcc/arm-none-eabi/5.4.1/../../../../arm-none-eabi/lib/armv6-m\libg_nano.a(lib_a-init.o)
 .text          0x00000000        0x0 c:/program files (x86)/cypress/psoc creator/4.3/psoc creator/import/gnu/arm/5.4.1/bin/../lib/gcc/arm-none-eabi/5.4.1/../../../../arm-none-eabi/lib/armv6-m\libg_nano.a(lib_a-memcpy-stub.o)
 .data          0x00000000        0x0 c:/program files (x86)/cypress/psoc creator/4.3/psoc creator/import/gnu/arm/5.4.1/bin/../lib/gcc/arm-none-eabi/5.4.1/../../../../arm-none-eabi/lib/armv6-m\libg_nano.a(lib_a-memcpy-stub.o)
 .bss           0x00000000        0x0 c:/program files (x86)/cypress/psoc creator/4.3/psoc creator/import/gnu/arm/5.4.1/bin/../lib/gcc/arm-none-eabi/5.4.1/../../../../arm-none-eabi/lib/armv6-m\libg_nano.a(lib_a-memcpy-stub.o)
 .text.memcpy   0x00000000       0x12 c:/program files (x86)/cypress/psoc creator/4.3/psoc creator/import/gnu/arm/5.4.1/bin/../lib/gcc/arm-none-eabi/5.4.1/../../../../arm-none-eabi/lib/armv6-m\libg_nano.a(lib_a-memcpy-stub.o)
 .text          0x00000000        0x0 c:/program files (x86)/cypress/psoc creator/4.3/psoc creator/import/gnu/arm/5.4.1/bin/../lib/gcc/arm-none-eabi/5.4.1/../../../../arm-none-eabi/lib/armv6-m\libg_nano.a(lib_a-memset.o)
 .data          0x00000000        0x0 c:/program files (x86)/cypress/psoc creator/4.3/psoc creator/import/gnu/arm/5.4.1/bin/../lib/gcc/arm-none-eabi/5.4.1/../../../../arm-none-eabi/lib/armv6-m\libg_nano.a(lib_a-memset.o)
 .bss           0x00000000        0x0 c:/program files (x86)/cypress/psoc creator/4.3/psoc creator/import/gnu/arm/5.4.1/bin/../lib/gcc/arm-none-eabi/5.4.1/../../../../arm-none-eabi/lib/armv6-m\libg_nano.a(lib_a-memset.o)
 .text.memset   0x00000000       0x10 c:/program files (x86)/cypress/psoc creator/4.3/psoc creator/import/gnu/arm/5.4.1/bin/../lib/gcc/arm-none-eabi/5.4.1/../../../../arm-none-eabi/lib/armv6-m\libg_nano.a(lib_a-memset.o)
 .data          0x00000000        0x0 c:/program files (x86)/cypress/psoc creator/4.3/psoc creator/import/gnu/arm/5.4.1/bin/../lib/gcc/arm-none-eabi/5.4.1/../../../../arm-none-eabi/lib/armv6-m\libg_nano.a(lib_a-strcmp.o)
 .bss           0x00000000        0x0 c:/program files (x86)/cypress/psoc creator/4.3/psoc creator/import/gnu/arm/5.4.1/bin/../lib/gcc/arm-none-eabi/5.4.1/../../../../arm-none-eabi/lib/armv6-m\libg_nano.a(lib_a-strcmp.o)
 .text          0x00000000        0x0 c:/program files (x86)/cypress/psoc creator/4.3/psoc creator/import/gnu/arm/5.4.1/bin/../lib/gcc/arm-none-eabi/5.4.1/armv6-m/crtend.o
 .data          0x00000000        0x0 c:/program files (x86)/cypress/psoc creator/4.3/psoc creator/import/gnu/arm/5.4.1/bin/../lib/gcc/arm-none-eabi/5.4.1/armv6-m/crtend.o
 .bss           0x00000000        0x0 c:/program files (x86)/cypress/psoc creator/4.3/psoc creator/import/gnu/arm/5.4.1/bin/../lib/gcc/arm-none-eabi/5.4.1/armv6-m/crtend.o
 .text          0x00000000        0x0 c:/program files (x86)/cypress/psoc creator/4.3/psoc creator/import/gnu/arm/5.4.1/bin/../lib/gcc/arm-none-eabi/5.4.1/armv6-m/crtn.o
 .data          0x00000000        0x0 c:/program files (x86)/cypress/psoc creator/4.3/psoc creator/import/gnu/arm/5.4.1/bin/../lib/gcc/arm-none-eabi/5.4.1/armv6-m/crtn.o
 .bss           0x00000000        0x0 c:/program files (x86)/cypress/psoc creator/4.3/psoc creator/import/gnu/arm/5.4.1/bin/../lib/gcc/arm-none-eabi/5.4.1/armv6-m/crtn.o

Memory Configuration

Name             Origin             Length             Attributes
rom              0x00000000         0x00008000         xr
ram              0x20000000         0x00001000         xrw
*default*        0x00000000         0xffffffff

Linker script and memory map

LOAD c:/program files (x86)/cypress/psoc creator/4.3/psoc creator/import/gnu/arm/5.4.1/bin/../lib/gcc/arm-none-eabi/5.4.1/armv6-m/crti.o
LOAD c:/program files (x86)/cypress/psoc creator/4.3/psoc creator/import/gnu/arm/5.4.1/bin/../lib/gcc/arm-none-eabi/5.4.1/armv6-m/crtbegin.o
LOAD c:/program files (x86)/cypress/psoc creator/4.3/psoc creator/import/gnu/arm/5.4.1/bin/../lib/gcc/arm-none-eabi/5.4.1/../../../../arm-none-eabi/lib/armv6-m/crt0.o
START GROUP
LOAD .\CortexM0p\ARM_GCC_541\Debug\main.o
LOAD .\CortexM0p\ARM_GCC_541\Debug\cyfitter_cfg.o
LOAD .\CortexM0p\ARM_GCC_541\Debug\cymetadata.o
LOAD .\CortexM0p\ARM_GCC_541\Debug\Cm0plusStart.o
LOAD .\CortexM0p\ARM_GCC_541\Debug\AutomatedBatterySwap.a
END GROUP
START GROUP
LOAD c:/program files (x86)/cypress/psoc creator/4.3/psoc creator/import/gnu/arm/5.4.1/bin/../lib/gcc/arm-none-eabi/5.4.1/armv6-m\libgcc.a
LOAD c:/program files (x86)/cypress/psoc creator/4.3/psoc creator/import/gnu/arm/5.4.1/bin/../lib/gcc/arm-none-eabi/5.4.1/../../../../arm-none-eabi/lib/armv6-m\libg_nano.a
LOAD c:/program files (x86)/cypress/psoc creator/4.3/psoc creator/import/gnu/arm/5.4.1/bin/../lib/gcc/arm-none-eabi/5.4.1/../../../../arm-none-eabi/lib/armv6-m\libc_nano.a
END GROUP
START GROUP
LOAD c:/program files (x86)/cypress/psoc creator/4.3/psoc creator/import/gnu/arm/5.4.1/bin/../lib/gcc/arm-none-eabi/5.4.1/armv6-m\libgcc.a
LOAD c:/program files (x86)/cypress/psoc creator/4.3/psoc creator/import/gnu/arm/5.4.1/bin/../lib/gcc/arm-none-eabi/5.4.1/../../../../arm-none-eabi/lib/armv6-m\libc_nano.a
END GROUP
LOAD c:/program files (x86)/cypress/psoc creator/4.3/psoc creator/import/gnu/arm/5.4.1/bin/../lib/gcc/arm-none-eabi/5.4.1/armv6-m/crtend.o
LOAD c:/program files (x86)/cypress/psoc creator/4.3/psoc creator/import/gnu/arm/5.4.1/bin/../lib/gcc/arm-none-eabi/5.4.1/armv6-m/crtn.o
START GROUP
LOAD c:/program files (x86)/cypress/psoc creator/4.3/psoc creator/import/gnu/arm/5.4.1/bin/../lib/gcc/arm-none-eabi/5.4.1/armv6-m\libgcc.a
LOAD c:/program files (x86)/cypress/psoc creator/4.3/psoc creator/import/gnu/arm/5.4.1/bin/../lib/gcc/arm-none-eabi/5.4.1/../../../../arm-none-eabi/lib/armv6-m\libc.a
LOAD c:/program files (x86)/cypress/psoc creator/4.3/psoc creator/import/gnu/arm/5.4.1/bin/../lib/gcc/arm-none-eabi/5.4.1/../../../../arm-none-eabi/lib/armv6-m\libnosys.a
END GROUP
                0x00000000                CY_APPL_ORIGIN = 0x0
                0x00000080                CY_FLASH_ROW_SIZE = 0x80
                0x00000001                CY_APPL_NUM = 0x1
                0x00000001                CY_APPL_MAX = 0x1
                0x00000040                CY_METADATA_SIZE = 0x40
                0x00000000                CY_APPL_LOADABLE = 0x0
                0x00000000                CY_CHECKSUM_EXCLUDE_SIZE = ALIGN (0x0, CY_FLASH_ROW_SIZE)
                0x00000000                CY_APP_FOR_STACK_AND_COPIER = 0x0
                [!provide]                PROVIDE (__cy_heap_start, _end)
                0x00000001                PROVIDE (__cy_region_num, ((__cy_regions_end - __cy_regions) / 0x10))
                0x20001000                PROVIDE (__cy_stack, (ORIGIN (ram) + LENGTH (ram)))
                [!provide]                PROVIDE (__cy_heap_end, (__cy_stack - 0x400))

.cybootloader   0x00000000        0x0
 *(.cybootloader)
                0x00000000                appl1_start = CY_APPL_ORIGIN?CY_APPL_ORIGIN:ALIGN (CY_FLASH_ROW_SIZE)
                0x00003f80                appl2_start = (appl1_start + ALIGN ((((LENGTH (rom) - appl1_start) - (0x2 * CY_FLASH_ROW_SIZE)) / 0x2), CY_FLASH_ROW_SIZE))
                0x00000000                appl_start = (CY_APPL_NUM == 0x1)?appl1_start:appl2_start
                0x00000001                cy_project_type_bootloader = (appl_start == 0x0)?0x1:0x0
                0x00000000                cy_project_type_app_for_stack_and_copier = (CY_APP_FOR_STACK_AND_COPIER == 0x1)?0x1:0x0

.text           0x00000000      0xab8
 CREATE_OBJECT_SYMBOLS
                0x00000000                PROVIDE (__cy_interrupt_vector, RomVectors)
 *(.romvectors)
 .romvectors    0x00000000       0x10 .\CortexM0p\ARM_GCC_541\Debug\Cm0plusStart.o
                0x00000000                RomVectors
                0x00000001                ASSERT ((. != __cy_interrupt_vector), No interrupt vector)
                0x00000001                ASSERT (CY_APPL_ORIGIN?(SIZEOF (.cybootloader) <= CY_APPL_ORIGIN):0x1, Wrong image location)
                0x00000010                PROVIDE (__cy_reset, Reset)
 *(.text.Reset)
 .text.Reset    0x00000010        0xc .\CortexM0p\ARM_GCC_541\Debug\Cm0plusStart.o
                0x00000010                Reset
                0x00000001                ASSERT ((. != __cy_reset), No reset code)
 *(.psocinit)
 .psocinit      0x0000001c       0xb8 .\CortexM0p\ARM_GCC_541\Debug\cyfitter_cfg.o
                0x00000080                cyfitter_cfg
                0x00000100                . = MAX (., 0x100)
 *fill*         0x000000d4       0x2c 
 *(.text .text.* .gnu.linkonce.t.*)
 .text          0x00000100       0x60 c:/program files (x86)/cypress/psoc creator/4.3/psoc creator/import/gnu/arm/5.4.1/bin/../lib/gcc/arm-none-eabi/5.4.1/armv6-m/crtbegin.o
 .text.init     0x00000160        0x8 .\CortexM0p\ARM_GCC_541\Debug\main.o
                0x00000160                init
 .text.parseCommand
                0x00000168      0x148 .\CortexM0p\ARM_GCC_541\Debug\main.o
                0x00000168                parseCommand
 .text.clearBuffer
                0x000002b0       0x18 .\CortexM0p\ARM_GCC_541\Debug\main.o
                0x000002b0                clearBuffer
 .text.pollUart
                0x000002c8       0x44 .\CortexM0p\ARM_GCC_541\Debug\main.o
                0x000002c8                pollUart
 .text.main     0x0000030c       0x18 .\CortexM0p\ARM_GCC_541\Debug\main.o
                0x0000030c                main
 .text.AnalogSetDefault
                0x00000324       0x18 .\CortexM0p\ARM_GCC_541\Debug\cyfitter_cfg.o
 .text.IntDefaultHandler
                0x0000033c       0x10 .\CortexM0p\ARM_GCC_541\Debug\Cm0plusStart.o
                0x0000033c                IntDefaultHandler
 .text.Start_c  0x0000034c       0x48 .\CortexM0p\ARM_GCC_541\Debug\Cm0plusStart.o
                0x0000034c                Start_c
 .text.initialize_psoc
                0x00000394       0x40 .\CortexM0p\ARM_GCC_541\Debug\Cm0plusStart.o
                0x00000394                initialize_psoc
 .text.UartPC_ScbModePostEnable
                0x000003d4        0x8 .\CortexM0p\ARM_GCC_541\Debug\AutomatedBatterySwap.a(UartPC.o)
 .text.UartPC_Init
                0x000003dc        0x8 .\CortexM0p\ARM_GCC_541\Debug\AutomatedBatterySwap.a(UartPC.o)
                0x000003dc                UartPC_Init
 .text.UartPC_Enable
                0x000003e4       0x18 .\CortexM0p\ARM_GCC_541\Debug\AutomatedBatterySwap.a(UartPC.o)
                0x000003e4                UartPC_Enable
 .text.UartPC_Start
                0x000003fc       0x20 .\CortexM0p\ARM_GCC_541\Debug\AutomatedBatterySwap.a(UartPC.o)
                0x000003fc                UartPC_Start
 .text.UartPC_UartInit
                0x0000041c       0xa8 .\CortexM0p\ARM_GCC_541\Debug\AutomatedBatterySwap.a(UartPC_UART.o)
                0x0000041c                UartPC_UartInit
 .text.UartPC_UartPostEnable
                0x000004c4       0x2c .\CortexM0p\ARM_GCC_541\Debug\AutomatedBatterySwap.a(UartPC_UART.o)
                0x000004c4                UartPC_UartPostEnable
 .text.UartPC_UartGetChar
                0x000004f0       0x2c .\CortexM0p\ARM_GCC_541\Debug\AutomatedBatterySwap.a(UartPC_UART.o)
                0x000004f0                UartPC_UartGetChar
 .text.UartPC_UartPutString
                0x0000051c       0x18 .\CortexM0p\ARM_GCC_541\Debug\AutomatedBatterySwap.a(UartPC_UART.o)
                0x0000051c                UartPC_UartPutString
 .text.CySysClkImoDisableWcoLock
                0x00000534       0x4c .\CortexM0p\ARM_GCC_541\Debug\AutomatedBatterySwap.a(CyLib.o)
                0x00000534                CySysClkImoDisableWcoLock
 .text.CySysClkImoGetWcoLock
                0x00000580       0x14 .\CortexM0p\ARM_GCC_541\Debug\AutomatedBatterySwap.a(CyLib.o)
                0x00000580                CySysClkImoGetWcoLock
 .text.CyIntEnable
                0x00000594       0x14 .\CortexM0p\ARM_GCC_541\Debug\AutomatedBatterySwap.a(CyLib.o)
                0x00000594                CyIntEnable
 .text.CyHalt   0x000005a8        0x4 .\CortexM0p\ARM_GCC_541\Debug\AutomatedBatterySwap.a(CyLib.o)
                0x000005a8                CyHalt
 .text.CyIntSetVector
                0x000005ac       0x24 .\CortexM0p\ARM_GCC_541\Debug\AutomatedBatterySwap.a(CyLib.o)
                0x000005ac                CyIntSetVector
 .text.CyDelay  0x000005d0       0x30 .\CortexM0p\ARM_GCC_541\Debug\AutomatedBatterySwap.a(CyLib.o)
                0x000005d0                CyDelay
 .text.CySysClkImoEnableWcoLock
                0x00000600       0xd0 .\CortexM0p\ARM_GCC_541\Debug\AutomatedBatterySwap.a(CyLib.o)
                0x00000600                CySysClkImoEnableWcoLock
 .text.CySysClkWriteImoFreq
                0x000006d0       0xd8 .\CortexM0p\ARM_GCC_541\Debug\AutomatedBatterySwap.a(CyLib.o)
                0x000006d0                CySysClkWriteImoFreq
 .text.CyDelayUs
                0x000007a8       0x14 .\CortexM0p\ARM_GCC_541\Debug\AutomatedBatterySwap.a(CyLib.o)
                0x000007a8                CyDelayUs
 .text.CySysClkGetTimerSource
                0x000007bc       0x10 .\CortexM0p\ARM_GCC_541\Debug\AutomatedBatterySwap.a(CyLFClk.o)
 .text.CySysClkWcoEnabled
                0x000007cc       0x14 .\CortexM0p\ARM_GCC_541\Debug\AutomatedBatterySwap.a(CyLFClk.o)
                0x000007cc                CySysClkWcoEnabled
 .text.CySysWdtDisable
                0x000007e0       0x10 .\CortexM0p\ARM_GCC_541\Debug\AutomatedBatterySwap.a(CyLFClk.o)
                0x000007e0                CySysWdtDisable
 .text.CySysClkSetTimerSource
                0x000007f0       0x68 .\CortexM0p\ARM_GCC_541\Debug\AutomatedBatterySwap.a(CyLFClk.o)
                0x000007f0                CySysClkSetTimerSource
 .text.CySysTimerClearInterrupt
                0x00000858       0x2c .\CortexM0p\ARM_GCC_541\Debug\AutomatedBatterySwap.a(CyLFClk.o)
                0x00000858                CySysTimerClearInterrupt
 .text.CySysTimerIsr
                0x00000884       0xa4 .\CortexM0p\ARM_GCC_541\Debug\AutomatedBatterySwap.a(CyLFClk.o)
                0x00000884                CySysTimerIsr
 .text.pin_PackP_Write
                0x00000928       0x18 .\CortexM0p\ARM_GCC_541\Debug\AutomatedBatterySwap.a(pin_PackP.o)
                0x00000928                pin_PackP_Write
 .text.pin_SCL_Write
                0x00000940       0x18 .\CortexM0p\ARM_GCC_541\Debug\AutomatedBatterySwap.a(pin_SCL.o)
                0x00000940                pin_SCL_Write
 .text.pin_SDA_Write
                0x00000958       0x18 .\CortexM0p\ARM_GCC_541\Debug\AutomatedBatterySwap.a(pin_SDA.o)
                0x00000958                pin_SDA_Write
 .text.pin_Detect_Write
                0x00000970       0x18 .\CortexM0p\ARM_GCC_541\Debug\AutomatedBatterySwap.a(pin_Detect.o)
                0x00000970                pin_Detect_Write
 .text.pin_NTC_Write
                0x00000988       0x18 .\CortexM0p\ARM_GCC_541\Debug\AutomatedBatterySwap.a(pin_NTC.o)
                0x00000988                pin_NTC_Write
 .text          0x000009a0       0x20 .\CortexM0p\ARM_GCC_541\Debug\AutomatedBatterySwap.a(CyBootAsmGnu.o)
                0x000009a0                CyDelayCycles
                0x000009b2                CyEnterCriticalSection
                0x000009ba                CyExitCriticalSection
 .text.UartPC_SpiUartReadRxData
                0x000009c0        0xc .\CortexM0p\ARM_GCC_541\Debug\AutomatedBatterySwap.a(UartPC_SPI_UART.o)
                0x000009c0                UartPC_SpiUartReadRxData
 .text.UartPC_SpiUartGetRxBufferSize
                0x000009cc       0x10 .\CortexM0p\ARM_GCC_541\Debug\AutomatedBatterySwap.a(UartPC_SPI_UART.o)
                0x000009cc                UartPC_SpiUartGetRxBufferSize
 .text.UartPC_SpiUartWriteTxData
                0x000009dc       0x1c .\CortexM0p\ARM_GCC_541\Debug\AutomatedBatterySwap.a(UartPC_SPI_UART.o)
                0x000009dc                UartPC_SpiUartWriteTxData
 .text.CySysFlashSetWaitCycles
                0x000009f8       0x54 .\CortexM0p\ARM_GCC_541\Debug\AutomatedBatterySwap.a(CyFlash.o)
                0x000009f8                CySysFlashSetWaitCycles
 .text.__errno  0x00000a4c        0xc c:/program files (x86)/cypress/psoc creator/4.3/psoc creator/import/gnu/arm/5.4.1/bin/../lib/gcc/arm-none-eabi/5.4.1/../../../../arm-none-eabi/lib/armv6-m\libg_nano.a(lib_a-errno.o)
                0x00000a4c                __errno
 .text.__libc_init_array
                0x00000a58       0x4c c:/program files (x86)/cypress/psoc creator/4.3/psoc creator/import/gnu/arm/5.4.1/bin/../lib/gcc/arm-none-eabi/5.4.1/../../../../arm-none-eabi/lib/armv6-m\libg_nano.a(lib_a-init.o)
                0x00000a58                __libc_init_array
 .text          0x00000aa4       0x14 c:/program files (x86)/cypress/psoc creator/4.3/psoc creator/import/gnu/arm/5.4.1/bin/../lib/gcc/arm-none-eabi/5.4.1/../../../../arm-none-eabi/lib/armv6-m\libg_nano.a(lib_a-strcmp.o)
                0x00000aa4                strcmp
 *(.plt)
 *(.gnu.warning)
 *(.glue_7t)
 .glue_7t       0x00000ab8        0x0 linker stubs
 *(.glue_7)
 .glue_7        0x00000ab8        0x0 linker stubs
 *(.vfp11_veneer)
 .vfp11_veneer  0x00000ab8        0x0 linker stubs
 *(.bootloader)
 *(.ARM.extab* .gnu.linkonce.armextab.*)
 *(.gcc_except_table)

.v4_bx          0x00000ab8        0x0
 .v4_bx         0x00000ab8        0x0 linker stubs

.iplt           0x00000ab8        0x0
 .iplt          0x00000ab8        0x0 c:/program files (x86)/cypress/psoc creator/4.3/psoc creator/import/gnu/arm/5.4.1/bin/../lib/gcc/arm-none-eabi/5.4.1/armv6-m/crtbegin.o

.eh_frame_hdr
 *(.eh_frame_hdr)

.eh_frame       0x00000ab8        0x4
 *(.eh_frame)
 .eh_frame      0x00000ab8        0x0 c:/program files (x86)/cypress/psoc creator/4.3/psoc creator/import/gnu/arm/5.4.1/bin/../lib/gcc/arm-none-eabi/5.4.1/armv6-m/crtbegin.o
 .eh_frame      0x00000ab8        0x4 c:/program files (x86)/cypress/psoc creator/4.3/psoc creator/import/gnu/arm/5.4.1/bin/../lib/gcc/arm-none-eabi/5.4.1/armv6-m/crtend.o
                [!provide]                PROVIDE (__exidx_start, .)

.ARM.exidx
 *(.ARM.exidx* .gnu.linkonce.armexidx.*)
                0x00000abc                __exidx_end = .

.rodata         0x00000abc       0xb4
 *(.rodata .rodata.* .gnu.linkonce.r.*)
 .rodata.str1.4
                0x00000abc       0x7c .\CortexM0p\ARM_GCC_541\Debug\main.o
                                 0x79 (size before relaxing)
 .rodata.str1.1
                0x00000b38        0x2 c:/program files (x86)/cypress/psoc creator/4.3/psoc creator/import/gnu/arm/5.4.1/bin/../lib/gcc/arm-none-eabi/5.4.1/../../../../arm-none-eabi/lib/armv6-m\libg_nano.a(lib_a-impure.o)
                0x00000b3c                . = ALIGN (0x4)
 *fill*         0x00000b3a        0x2 
 *(.init)
 .init          0x00000b3c        0x4 c:/program files (x86)/cypress/psoc creator/4.3/psoc creator/import/gnu/arm/5.4.1/bin/../lib/gcc/arm-none-eabi/5.4.1/armv6-m/crti.o
                0x00000b3c                _init
 .init          0x00000b40        0x8 c:/program files (x86)/cypress/psoc creator/4.3/psoc creator/import/gnu/arm/5.4.1/bin/../lib/gcc/arm-none-eabi/5.4.1/armv6-m/crtn.o
                0x00000b48                . = ALIGN (0x4)
                0x00000b48                __preinit_array_start = .
 *(.preinit_array)
                0x00000b48                __preinit_array_end = .
                0x00000b48                . = ALIGN (0x4)
                0x00000b48                __init_array_start = .
 *(SORT(.init_array.*))
 *(.init_array)
 .init_array    0x00000b48        0x4 c:/program files (x86)/cypress/psoc creator/4.3/psoc creator/import/gnu/arm/5.4.1/bin/../lib/gcc/arm-none-eabi/5.4.1/armv6-m/crtbegin.o
 .init_array    0x00000b4c        0x4 .\CortexM0p\ARM_GCC_541\Debug\Cm0plusStart.o
                0x00000b50                __init_array_end = .
                0x00000b50                . = ALIGN (0x4)
 *(.fini)
 .fini          0x00000b50        0x4 c:/program files (x86)/cypress/psoc creator/4.3/psoc creator/import/gnu/arm/5.4.1/bin/../lib/gcc/arm-none-eabi/5.4.1/armv6-m/crti.o
                0x00000b50                _fini
 .fini          0x00000b54        0x8 c:/program files (x86)/cypress/psoc creator/4.3/psoc creator/import/gnu/arm/5.4.1/bin/../lib/gcc/arm-none-eabi/5.4.1/armv6-m/crtn.o
                0x00000b5c                . = ALIGN (0x4)
                0x00000b5c                __fini_array_start = .
 *(.fini_array)
 .fini_array    0x00000b5c        0x4 c:/program files (x86)/cypress/psoc creator/4.3/psoc creator/import/gnu/arm/5.4.1/bin/../lib/gcc/arm-none-eabi/5.4.1/armv6-m/crtbegin.o
 *(SORT(.fini_array.*))
                0x00000b60                __fini_array_end = .
                0x00000b60                . = ALIGN (0x4)
 *crtbegin.o(.ctors)
 *(EXCLUDE_FILE(*crtend.o) .ctors)
 *(SORT(.ctors.*))
 *crtend.o(.ctors)
                0x00000b60                . = ALIGN (0x4)
 *crtbegin.o(.dtors)
 *(EXCLUDE_FILE(*crtend.o) .dtors)
 *(SORT(.dtors.*))
 *crtend.o(.dtors)
                0x00000b60                . = ALIGN (0x4)
                0x00000b60                __cy_regions = .
                0x00000b60        0x4 LONG 0xb70 __cy_region_init_ram
                0x00000b64        0x4 LONG 0x200000a8 __cy_region_start_data
                0x00000b68        0x4 LONG 0x80 __cy_region_init_size_ram
                0x00000b6c        0x4 LONG 0xa0 __cy_region_zero_size_ram
                0x00000b70                __cy_regions_end = .
                0x00000b70                . = ALIGN (0x8)
                0x00000b70                _etext = .

.cy_checksum_exclude
                0x00000b70        0x0
 *(.cy_checksum_exclude)

.ramvectors     0x20000000       0xa4
                0x20000000                __cy_region_start_ram = .
 *(.ramvectors)
 .ramvectors    0x20000000       0xa4 .\CortexM0p\ARM_GCC_541\Debug\Cm0plusStart.o
                0x20000000                CyRamVectors

.noinit
 *(.noinit)

.data           0x200000a8       0x80 load address 0x00000b70
                0x200000a8                __cy_region_start_data = .
 *(.jcr)
 .jcr           0x200000a8        0x0 c:/program files (x86)/cypress/psoc creator/4.3/psoc creator/import/gnu/arm/5.4.1/bin/../lib/gcc/arm-none-eabi/5.4.1/armv6-m/crtbegin.o
 .jcr           0x200000a8        0x4 c:/program files (x86)/cypress/psoc creator/4.3/psoc creator/import/gnu/arm/5.4.1/bin/../lib/gcc/arm-none-eabi/5.4.1/armv6-m/crtend.o
 *(.got.plt)
 *(.got)
 *(.shdata)
 *(.data .data.* .gnu.linkonce.d.*)
 .data          0x200000ac       0x14 .\CortexM0p\ARM_GCC_541\Debug\AutomatedBatterySwap.a(CyLib.o)
                0x200000ac                CySysClkPumpConfig
                0x200000b0                cydelay32kMs
                0x200000b4                cydelayFreqKhz
                0x200000b8                cydelayFreqMhz
                0x200000bc                cydelayFreqHz
 .data          0x200000c0        0x4 .\CortexM0p\ARM_GCC_541\Debug\AutomatedBatterySwap.a(CyLFClk.o)
 .data.impure_data
                0x200000c4       0x60 c:/program files (x86)/cypress/psoc creator/4.3/psoc creator/import/gnu/arm/5.4.1/bin/../lib/gcc/arm-none-eabi/5.4.1/../../../../arm-none-eabi/lib/armv6-m\libg_nano.a(lib_a-impure.o)
 .data._impure_ptr
                0x20000124        0x4 c:/program files (x86)/cypress/psoc creator/4.3/psoc creator/import/gnu/arm/5.4.1/bin/../lib/gcc/arm-none-eabi/5.4.1/../../../../arm-none-eabi/lib/armv6-m\libg_nano.a(lib_a-impure.o)
                0x20000124                _impure_ptr
                0x20000128                . = ALIGN (0x8)
 *(.ram)
                0x20000128                _edata = .

.igot.plt       0x20000128        0x0 load address 0x00000bf0
 .igot.plt      0x20000128        0x0 c:/program files (x86)/cypress/psoc creator/4.3/psoc creator/import/gnu/arm/5.4.1/bin/../lib/gcc/arm-none-eabi/5.4.1/armv6-m/crtbegin.o

.bss            0x20000128       0xa0 load address 0x00000bf0
                0x20000128                PROVIDE (__bss_start__, .)
 *(.shbss)
 *(.bss .bss.* .gnu.linkonce.b.*)
 .bss           0x20000128       0x1c c:/program files (x86)/cypress/psoc creator/4.3/psoc creator/import/gnu/arm/5.4.1/bin/../lib/gcc/arm-none-eabi/5.4.1/armv6-m/crtbegin.o
 .bss           0x20000144       0x68 .\CortexM0p\ARM_GCC_541\Debug\main.o
 .bss           0x200001ac        0x4 .\CortexM0p\ARM_GCC_541\Debug\AutomatedBatterySwap.a(UartPC.o)
                0x200001ac                UartPC_initVar
                0x200001ae                UartPC_IntrTxMask
 .bss           0x200001b0       0x18 .\CortexM0p\ARM_GCC_541\Debug\AutomatedBatterySwap.a(CyLFClk.o)
 *(COMMON)
                0x200001c8                . = ALIGN (0x8)
 *(.ram.b)
                0x200001c8                _end = .
                0x200001c8                __end = .
                0x200001c8                PROVIDE (end, .)
                0x200001c8                PROVIDE (__bss_end__, .)
                0x00000b70                __cy_region_init_ram = LOADADDR (.data)
                0x00000080                __cy_region_init_size_ram = (_edata - ADDR (.data))
                0x000000a0                __cy_region_zero_size_ram = (_end - _edata)

.heap           0x200001c8       0x80 load address 0x00000bf0
                0x200001c8                . = _end
                0x20000248                . = (. + 0x80)
 *fill*         0x200001c8       0x80 
                0x20000248                __cy_heap_limit = .

.stack          0x20000c00      0x400
                0x20000c00                __cy_stack_limit = .
                0x20001000                . = (. + 0x400)
 *fill*         0x20000c00      0x400 
                0x00000001                ASSERT ((__cy_stack_limit >= __cy_heap_limit), region RAM overflowed with stack)
                0x00000000                cy_checksum_exclude_size = (CY_APPL_LOADABLE == 0x1)?SIZEOF (.cy_checksum_exclude):0x0
                0x00000001                ASSERT ((cy_checksum_exclude_size <= CY_CHECKSUM_EXCLUDE_SIZE), CY_BOOT: Section .cy_checksum_exclude size exceedes specified limit.)
                0x00007fc0                cyloadermeta_start = (cy_project_type_bootloader || cy_project_type_app_for_stack_and_copier)?(LENGTH (rom) - CY_METADATA_SIZE):0xf0000000

.cyloadermeta
 *(.cyloadermeta)
                0x00007fc0                cyloadablemeta_start = cy_project_type_app_for_stack_and_copier?((LENGTH (rom) - CY_FLASH_ROW_SIZE) - CY_METADATA_SIZE):((LENGTH (rom) - (CY_FLASH_ROW_SIZE * (CY_APPL_NUM - 0x1))) - CY_METADATA_SIZE)

.cyloadablemeta
 *(.cyloadablemeta)

.cyflashprotect
                0x90400000       0x20
 *(.cyflashprotect)
 .cyflashprotect
                0x90400000       0x20 .\CortexM0p\ARM_GCC_541\Debug\cymetadata.o
                0x90400000                cy_meta_flashprotect

.cymeta         0x90500000        0xc
 *(.cymeta)
 .cymeta        0x90500000        0xc .\CortexM0p\ARM_GCC_541\Debug\cymetadata.o
                0x90500000                cy_metadata

.cychipprotect  0x90600000        0x1
 *(.cychipprotect)
 .cychipprotect
                0x90600000        0x1 .\CortexM0p\ARM_GCC_541\Debug\cymetadata.o
                0x90600000                cy_meta_chipprotect

.rel.dyn        0x00000bf0        0x0 load address 0x90600004
 .rel.iplt      0x00000bf0        0x0 c:/program files (x86)/cypress/psoc creator/4.3/psoc creator/import/gnu/arm/5.4.1/bin/../lib/gcc/arm-none-eabi/5.4.1/armv6-m/crtbegin.o

.stab
 *(.stab)

.stabstr
 *(.stabstr)

.debug
 *(.debug)

.line
 *(.line)

.debug_srcinfo
 *(.debug_srcinfo)

.debug_sfnames
 *(.debug_sfnames)

.debug_aranges  0x00000000      0x778
 *(.debug_aranges)
 .debug_aranges
                0x00000000       0x40 .\CortexM0p\ARM_GCC_541\Debug\main.o
 .debug_aranges
                0x00000040       0x30 .\CortexM0p\ARM_GCC_541\Debug\cyfitter_cfg.o
 .debug_aranges
                0x00000070       0x18 .\CortexM0p\ARM_GCC_541\Debug\cymetadata.o
 .debug_aranges
                0x00000088       0x48 .\CortexM0p\ARM_GCC_541\Debug\Cm0plusStart.o
 .debug_aranges
                0x000000d0       0x58 .\CortexM0p\ARM_GCC_541\Debug\AutomatedBatterySwap.a(UartPC.o)
 .debug_aranges
                0x00000128       0x90 .\CortexM0p\ARM_GCC_541\Debug\AutomatedBatterySwap.a(UartPC_UART.o)
 .debug_aranges
                0x000001b8      0x1e8 .\CortexM0p\ARM_GCC_541\Debug\AutomatedBatterySwap.a(CyLib.o)
 .debug_aranges
                0x000003a0      0x1a8 .\CortexM0p\ARM_GCC_541\Debug\AutomatedBatterySwap.a(CyLFClk.o)
 .debug_aranges
                0x00000548       0x48 .\CortexM0p\ARM_GCC_541\Debug\AutomatedBatterySwap.a(pin_PackP.o)
 .debug_aranges
                0x00000590       0x48 .\CortexM0p\ARM_GCC_541\Debug\AutomatedBatterySwap.a(pin_SCL.o)
 .debug_aranges
                0x000005d8       0x48 .\CortexM0p\ARM_GCC_541\Debug\AutomatedBatterySwap.a(pin_SDA.o)
 .debug_aranges
                0x00000620       0x48 .\CortexM0p\ARM_GCC_541\Debug\AutomatedBatterySwap.a(pin_Detect.o)
 .debug_aranges
                0x00000668       0x48 .\CortexM0p\ARM_GCC_541\Debug\AutomatedBatterySwap.a(pin_NTC.o)
 .debug_aranges
                0x000006b0       0x20 .\CortexM0p\ARM_GCC_541\Debug\AutomatedBatterySwap.a(CyBootAsmGnu.o)
 .debug_aranges
                0x000006d0       0x60 .\CortexM0p\ARM_GCC_541\Debug\AutomatedBatterySwap.a(UartPC_SPI_UART.o)
 .debug_aranges
                0x00000730       0x48 .\CortexM0p\ARM_GCC_541\Debug\AutomatedBatterySwap.a(CyFlash.o)

.debug_pubnames
 *(.debug_pubnames)

.debug_info     0x00000000     0x3a97
 *(.debug_info .gnu.linkonce.wi.*)
 .debug_info    0x00000000      0x4c8 .\CortexM0p\ARM_GCC_541\Debug\main.o
 .debug_info    0x000004c8      0x170 .\CortexM0p\ARM_GCC_541\Debug\cyfitter_cfg.o
 .debug_info    0x00000638       0xf8 .\CortexM0p\ARM_GCC_541\Debug\cymetadata.o
 .debug_info    0x00000730      0x3a5 .\CortexM0p\ARM_GCC_541\Debug\Cm0plusStart.o
 .debug_info    0x00000ad5      0x23a .\CortexM0p\ARM_GCC_541\Debug\AutomatedBatterySwap.a(UartPC.o)
 .debug_info    0x00000d0f      0x3b5 .\CortexM0p\ARM_GCC_541\Debug\AutomatedBatterySwap.a(UartPC_UART.o)
 .debug_info    0x000010c4      0xdc0 .\CortexM0p\ARM_GCC_541\Debug\AutomatedBatterySwap.a(CyLib.o)
 .debug_info    0x00001e84      0xd06 .\CortexM0p\ARM_GCC_541\Debug\AutomatedBatterySwap.a(CyLFClk.o)
 .debug_info    0x00002b8a      0x19b .\CortexM0p\ARM_GCC_541\Debug\AutomatedBatterySwap.a(pin_PackP.o)
 .debug_info    0x00002d25      0x19d .\CortexM0p\ARM_GCC_541\Debug\AutomatedBatterySwap.a(pin_SCL.o)
 .debug_info    0x00002ec2      0x19d .\CortexM0p\ARM_GCC_541\Debug\AutomatedBatterySwap.a(pin_SDA.o)
 .debug_info    0x0000305f      0x19d .\CortexM0p\ARM_GCC_541\Debug\AutomatedBatterySwap.a(pin_Detect.o)
 .debug_info    0x000031fc      0x19d .\CortexM0p\ARM_GCC_541\Debug\AutomatedBatterySwap.a(pin_NTC.o)
 .debug_info    0x00003399       0xc7 .\CortexM0p\ARM_GCC_541\Debug\AutomatedBatterySwap.a(CyBootAsmGnu.o)
 .debug_info    0x00003460      0x220 .\CortexM0p\ARM_GCC_541\Debug\AutomatedBatterySwap.a(UartPC_SPI_UART.o)
 .debug_info    0x00003680      0x417 .\CortexM0p\ARM_GCC_541\Debug\AutomatedBatterySwap.a(CyFlash.o)

.debug_abbrev   0x00000000     0x1111
 *(.debug_abbrev)
 .debug_abbrev  0x00000000      0x132 .\CortexM0p\ARM_GCC_541\Debug\main.o
 .debug_abbrev  0x00000132       0xc6 .\CortexM0p\ARM_GCC_541\Debug\cyfitter_cfg.o
 .debug_abbrev  0x000001f8       0x5d .\CortexM0p\ARM_GCC_541\Debug\cymetadata.o
 .debug_abbrev  0x00000255      0x1d0 .\CortexM0p\ARM_GCC_541\Debug\Cm0plusStart.o
 .debug_abbrev  0x00000425       0xd5 .\CortexM0p\ARM_GCC_541\Debug\AutomatedBatterySwap.a(UartPC.o)
 .debug_abbrev  0x000004fa      0x132 .\CortexM0p\ARM_GCC_541\Debug\AutomatedBatterySwap.a(UartPC_UART.o)
 .debug_abbrev  0x0000062c      0x1f5 .\CortexM0p\ARM_GCC_541\Debug\AutomatedBatterySwap.a(CyLib.o)
 .debug_abbrev  0x00000821      0x207 .\CortexM0p\ARM_GCC_541\Debug\AutomatedBatterySwap.a(CyLFClk.o)
 .debug_abbrev  0x00000a28       0xc8 .\CortexM0p\ARM_GCC_541\Debug\AutomatedBatterySwap.a(pin_PackP.o)
 .debug_abbrev  0x00000af0       0xc8 .\CortexM0p\ARM_GCC_541\Debug\AutomatedBatterySwap.a(pin_SCL.o)
 .debug_abbrev  0x00000bb8       0xc8 .\CortexM0p\ARM_GCC_541\Debug\AutomatedBatterySwap.a(pin_SDA.o)
 .debug_abbrev  0x00000c80       0xc8 .\CortexM0p\ARM_GCC_541\Debug\AutomatedBatterySwap.a(pin_Detect.o)
 .debug_abbrev  0x00000d48       0xc8 .\CortexM0p\ARM_GCC_541\Debug\AutomatedBatterySwap.a(pin_NTC.o)
 .debug_abbrev  0x00000e10       0x14 .\CortexM0p\ARM_GCC_541\Debug\AutomatedBatterySwap.a(CyBootAsmGnu.o)
 .debug_abbrev  0x00000e24      0x14f .\CortexM0p\ARM_GCC_541\Debug\AutomatedBatterySwap.a(UartPC_SPI_UART.o)
 .debug_abbrev  0x00000f73      0x19e .\CortexM0p\ARM_GCC_541\Debug\AutomatedBatterySwap.a(CyFlash.o)

.debug_line     0x00000000     0x1b6a
 *(.debug_line)
 .debug_line    0x00000000      0x1ba .\CortexM0p\ARM_GCC_541\Debug\main.o
 .debug_line    0x000001ba       0xa7 .\CortexM0p\ARM_GCC_541\Debug\cyfitter_cfg.o
 .debug_line    0x00000261      0x141 .\CortexM0p\ARM_GCC_541\Debug\cymetadata.o
 .debug_line    0x000003a2      0x247 .\CortexM0p\ARM_GCC_541\Debug\Cm0plusStart.o
 .debug_line    0x000005e9      0x10c .\CortexM0p\ARM_GCC_541\Debug\AutomatedBatterySwap.a(UartPC.o)
 .debug_line    0x000006f5      0x1d5 .\CortexM0p\ARM_GCC_541\Debug\AutomatedBatterySwap.a(UartPC_UART.o)
 .debug_line    0x000008ca      0x5bb .\CortexM0p\ARM_GCC_541\Debug\AutomatedBatterySwap.a(CyLib.o)
 .debug_line    0x00000e85      0x5c1 .\CortexM0p\ARM_GCC_541\Debug\AutomatedBatterySwap.a(CyLFClk.o)
 .debug_line    0x00001446       0xc0 .\CortexM0p\ARM_GCC_541\Debug\AutomatedBatterySwap.a(pin_PackP.o)
 .debug_line    0x00001506       0xbf .\CortexM0p\ARM_GCC_541\Debug\AutomatedBatterySwap.a(pin_SCL.o)
 .debug_line    0x000015c5       0xbf .\CortexM0p\ARM_GCC_541\Debug\AutomatedBatterySwap.a(pin_SDA.o)
 .debug_line    0x00001684       0xc2 .\CortexM0p\ARM_GCC_541\Debug\AutomatedBatterySwap.a(pin_Detect.o)
 .debug_line    0x00001746       0xbf .\CortexM0p\ARM_GCC_541\Debug\AutomatedBatterySwap.a(pin_NTC.o)
 .debug_line    0x00001805       0x68 .\CortexM0p\ARM_GCC_541\Debug\AutomatedBatterySwap.a(CyBootAsmGnu.o)
 .debug_line    0x0000186d      0x11c .\CortexM0p\ARM_GCC_541\Debug\AutomatedBatterySwap.a(UartPC_SPI_UART.o)
 .debug_line    0x00001989      0x1e1 .\CortexM0p\ARM_GCC_541\Debug\AutomatedBatterySwap.a(CyFlash.o)

.debug_frame    0x00000000     0x11bc
 *(.debug_frame)
 .debug_frame   0x00000000       0xa0 .\CortexM0p\ARM_GCC_541\Debug\main.o
 .debug_frame   0x000000a0       0x5c .\CortexM0p\ARM_GCC_541\Debug\cyfitter_cfg.o
 .debug_frame   0x000000fc       0xbc .\CortexM0p\ARM_GCC_541\Debug\Cm0plusStart.o
 .debug_frame   0x000001b8       0xd8 .\CortexM0p\ARM_GCC_541\Debug\AutomatedBatterySwap.a(UartPC.o)
 .debug_frame   0x00000290      0x144 .\CortexM0p\ARM_GCC_541\Debug\AutomatedBatterySwap.a(UartPC_UART.o)
 .debug_frame   0x000003d4      0x4e0 .\CortexM0p\ARM_GCC_541\Debug\AutomatedBatterySwap.a(CyLib.o)
 .debug_frame   0x000008b4      0x484 .\CortexM0p\ARM_GCC_541\Debug\AutomatedBatterySwap.a(CyLFClk.o)
 .debug_frame   0x00000d38       0x70 .\CortexM0p\ARM_GCC_541\Debug\AutomatedBatterySwap.a(pin_PackP.o)
 .debug_frame   0x00000da8       0x70 .\CortexM0p\ARM_GCC_541\Debug\AutomatedBatterySwap.a(pin_SCL.o)
 .debug_frame   0x00000e18       0x70 .\CortexM0p\ARM_GCC_541\Debug\AutomatedBatterySwap.a(pin_SDA.o)
 .debug_frame   0x00000e88       0x70 .\CortexM0p\ARM_GCC_541\Debug\AutomatedBatterySwap.a(pin_Detect.o)
 .debug_frame   0x00000ef8       0x70 .\CortexM0p\ARM_GCC_541\Debug\AutomatedBatterySwap.a(pin_NTC.o)
 .debug_frame   0x00000f68       0xb0 .\CortexM0p\ARM_GCC_541\Debug\AutomatedBatterySwap.a(UartPC_SPI_UART.o)
 .debug_frame   0x00001018       0xa8 .\CortexM0p\ARM_GCC_541\Debug\AutomatedBatterySwap.a(CyFlash.o)
 .debug_frame   0x000010c0       0x20 c:/program files (x86)/cypress/psoc creator/4.3/psoc creator/import/gnu/arm/5.4.1/bin/../lib/gcc/arm-none-eabi/5.4.1/armv6-m\libgcc.a(_udivsi3.o)
 .debug_frame   0x000010e0       0x20 c:/program files (x86)/cypress/psoc creator/4.3/psoc creator/import/gnu/arm/5.4.1/bin/../lib/gcc/arm-none-eabi/5.4.1/../../../../arm-none-eabi/lib/armv6-m\libg_nano.a(lib_a-errno.o)
 .debug_frame   0x00001100       0x28 c:/program files (x86)/cypress/psoc creator/4.3/psoc creator/import/gnu/arm/5.4.1/bin/../lib/gcc/arm-none-eabi/5.4.1/../../../../arm-none-eabi/lib/armv6-m\libg_nano.a(lib_a-exit.o)
 .debug_frame   0x00001128       0x2c c:/program files (x86)/cypress/psoc creator/4.3/psoc creator/import/gnu/arm/5.4.1/bin/../lib/gcc/arm-none-eabi/5.4.1/../../../../arm-none-eabi/lib/armv6-m\libg_nano.a(lib_a-init.o)
 .debug_frame   0x00001154       0x28 c:/program files (x86)/cypress/psoc creator/4.3/psoc creator/import/gnu/arm/5.4.1/bin/../lib/gcc/arm-none-eabi/5.4.1/../../../../arm-none-eabi/lib/armv6-m\libg_nano.a(lib_a-memcpy-stub.o)
 .debug_frame   0x0000117c       0x20 c:/program files (x86)/cypress/psoc creator/4.3/psoc creator/import/gnu/arm/5.4.1/bin/../lib/gcc/arm-none-eabi/5.4.1/../../../../arm-none-eabi/lib/armv6-m\libg_nano.a(lib_a-memset.o)
 .debug_frame   0x0000119c       0x20 c:/program files (x86)/cypress/psoc creator/4.3/psoc creator/import/gnu/arm/5.4.1/bin/../lib/gcc/arm-none-eabi/5.4.1/../../../../arm-none-eabi/lib/armv6-m\libg_nano.a(lib_a-strcmp.o)

.debug_str      0x00000000     0x1a00
 *(.debug_str)
 .debug_str     0x00000000      0x274 .\CortexM0p\ARM_GCC_541\Debug\main.o
                                0x2b4 (size before relaxing)
 .debug_str     0x00000274       0xa3 .\CortexM0p\ARM_GCC_541\Debug\cyfitter_cfg.o
                                0x259 (size before relaxing)
 .debug_str     0x00000317       0xe8 .\CortexM0p\ARM_GCC_541\Debug\cymetadata.o
                                0x20f (size before relaxing)
 .debug_str     0x000003ff      0x156 .\CortexM0p\ARM_GCC_541\Debug\Cm0plusStart.o
                                0x34a (size before relaxing)
 .debug_str     0x00000555      0x111 .\CortexM0p\ARM_GCC_541\Debug\AutomatedBatterySwap.a(UartPC.o)
                                0x2ee (size before relaxing)
 .debug_str     0x00000666      0x1dc .\CortexM0p\ARM_GCC_541\Debug\AutomatedBatterySwap.a(UartPC_UART.o)
                                0x42b (size before relaxing)
 .debug_str     0x00000842      0x679 .\CortexM0p\ARM_GCC_541\Debug\AutomatedBatterySwap.a(CyLib.o)
                                0x8ac (size before relaxing)
 .debug_str     0x00000ebb      0x64b .\CortexM0p\ARM_GCC_541\Debug\AutomatedBatterySwap.a(CyLFClk.o)
                                0x8d4 (size before relaxing)
 .debug_str     0x00001506       0xb7 .\CortexM0p\ARM_GCC_541\Debug\AutomatedBatterySwap.a(pin_PackP.o)
                                0x28d (size before relaxing)
 .debug_str     0x000015bd       0x87 .\CortexM0p\ARM_GCC_541\Debug\AutomatedBatterySwap.a(pin_SCL.o)
                                0x27f (size before relaxing)
 .debug_str     0x00001644       0x87 .\CortexM0p\ARM_GCC_541\Debug\AutomatedBatterySwap.a(pin_SDA.o)
                                0x27f (size before relaxing)
 .debug_str     0x000016cb       0x99 .\CortexM0p\ARM_GCC_541\Debug\AutomatedBatterySwap.a(pin_Detect.o)
                                0x294 (size before relaxing)
 .debug_str     0x00001764       0x87 .\CortexM0p\ARM_GCC_541\Debug\AutomatedBatterySwap.a(pin_NTC.o)
                                0x27f (size before relaxing)
 .debug_str     0x000017eb       0xf1 .\CortexM0p\ARM_GCC_541\Debug\AutomatedBatterySwap.a(UartPC_SPI_UART.o)
                                0x31d (size before relaxing)
 .debug_str     0x000018dc      0x124 .\CortexM0p\ARM_GCC_541\Debug\AutomatedBatterySwap.a(CyFlash.o)
                                0x35d (size before relaxing)

.debug_loc      0x00000000     0x1c45
 *(.debug_loc)
 .debug_loc     0x00000000       0x56 .\CortexM0p\ARM_GCC_541\Debug\main.o
 .debug_loc     0x00000056      0x14f .\CortexM0p\ARM_GCC_541\Debug\Cm0plusStart.o
 .debug_loc     0x000001a5       0x7e .\CortexM0p\ARM_GCC_541\Debug\AutomatedBatterySwap.a(UartPC.o)
 .debug_loc     0x00000223      0x223 .\CortexM0p\ARM_GCC_541\Debug\AutomatedBatterySwap.a(UartPC_UART.o)
 .debug_loc     0x00000446      0x81b .\CortexM0p\ARM_GCC_541\Debug\AutomatedBatterySwap.a(CyLib.o)
 .debug_loc     0x00000c61      0xa88 .\CortexM0p\ARM_GCC_541\Debug\AutomatedBatterySwap.a(CyLFClk.o)
 .debug_loc     0x000016e9       0x81 .\CortexM0p\ARM_GCC_541\Debug\AutomatedBatterySwap.a(pin_PackP.o)
 .debug_loc     0x0000176a       0xa2 .\CortexM0p\ARM_GCC_541\Debug\AutomatedBatterySwap.a(pin_SCL.o)
 .debug_loc     0x0000180c       0xa2 .\CortexM0p\ARM_GCC_541\Debug\AutomatedBatterySwap.a(pin_SDA.o)
 .debug_loc     0x000018ae       0xa2 .\CortexM0p\ARM_GCC_541\Debug\AutomatedBatterySwap.a(pin_Detect.o)
 .debug_loc     0x00001950       0xa2 .\CortexM0p\ARM_GCC_541\Debug\AutomatedBatterySwap.a(pin_NTC.o)
 .debug_loc     0x000019f2       0x96 .\CortexM0p\ARM_GCC_541\Debug\AutomatedBatterySwap.a(UartPC_SPI_UART.o)
 .debug_loc     0x00001a88      0x1bd .\CortexM0p\ARM_GCC_541\Debug\AutomatedBatterySwap.a(CyFlash.o)

.debug_macinfo
 *(.debug_macinfo)

.debug_ranges   0x00000000      0x660
 *(.debug_ranges)
 .debug_ranges  0x00000000       0x30 .\CortexM0p\ARM_GCC_541\Debug\main.o
 .debug_ranges  0x00000030       0x20 .\CortexM0p\ARM_GCC_541\Debug\cyfitter_cfg.o
 .debug_ranges  0x00000050       0x38 .\CortexM0p\ARM_GCC_541\Debug\Cm0plusStart.o
 .debug_ranges  0x00000088       0x48 .\CortexM0p\ARM_GCC_541\Debug\AutomatedBatterySwap.a(UartPC.o)
 .debug_ranges  0x000000d0       0x80 .\CortexM0p\ARM_GCC_541\Debug\AutomatedBatterySwap.a(UartPC_UART.o)
 .debug_ranges  0x00000150      0x1d8 .\CortexM0p\ARM_GCC_541\Debug\AutomatedBatterySwap.a(CyLib.o)
 .debug_ranges  0x00000328      0x198 .\CortexM0p\ARM_GCC_541\Debug\AutomatedBatterySwap.a(CyLFClk.o)
 .debug_ranges  0x000004c0       0x38 .\CortexM0p\ARM_GCC_541\Debug\AutomatedBatterySwap.a(pin_PackP.o)
 .debug_ranges  0x000004f8       0x38 .\CortexM0p\ARM_GCC_541\Debug\AutomatedBatterySwap.a(pin_SCL.o)
 .debug_ranges  0x00000530       0x38 .\CortexM0p\ARM_GCC_541\Debug\AutomatedBatterySwap.a(pin_SDA.o)
 .debug_ranges  0x00000568       0x38 .\CortexM0p\ARM_GCC_541\Debug\AutomatedBatterySwap.a(pin_Detect.o)
 .debug_ranges  0x000005a0       0x38 .\CortexM0p\ARM_GCC_541\Debug\AutomatedBatterySwap.a(pin_NTC.o)
 .debug_ranges  0x000005d8       0x50 .\CortexM0p\ARM_GCC_541\Debug\AutomatedBatterySwap.a(UartPC_SPI_UART.o)
 .debug_ranges  0x00000628       0x38 .\CortexM0p\ARM_GCC_541\Debug\AutomatedBatterySwap.a(CyFlash.o)

.comment        0x00000000       0x6e
 .comment       0x00000000       0x6e .\CortexM0p\ARM_GCC_541\Debug\main.o
                                 0x6f (size before relaxing)
 .comment       0x0000006e       0x6f .\CortexM0p\ARM_GCC_541\Debug\cyfitter_cfg.o
 .comment       0x0000006e       0x6f .\CortexM0p\ARM_GCC_541\Debug\cymetadata.o
 .comment       0x0000006e       0x6f .\CortexM0p\ARM_GCC_541\Debug\Cm0plusStart.o
 .comment       0x0000006e       0x6f .\CortexM0p\ARM_GCC_541\Debug\AutomatedBatterySwap.a(UartPC.o)
 .comment       0x0000006e       0x6f .\CortexM0p\ARM_GCC_541\Debug\AutomatedBatterySwap.a(UartPC_UART.o)
 .comment       0x0000006e       0x6f .\CortexM0p\ARM_GCC_541\Debug\AutomatedBatterySwap.a(CyLib.o)
 .comment       0x0000006e       0x6f .\CortexM0p\ARM_GCC_541\Debug\AutomatedBatterySwap.a(CyLFClk.o)
 .comment       0x0000006e       0x6f .\CortexM0p\ARM_GCC_541\Debug\AutomatedBatterySwap.a(pin_PackP.o)
 .comment       0x0000006e       0x6f .\CortexM0p\ARM_GCC_541\Debug\AutomatedBatterySwap.a(pin_SCL.o)
 .comment       0x0000006e       0x6f .\CortexM0p\ARM_GCC_541\Debug\AutomatedBatterySwap.a(pin_SDA.o)
 .comment       0x0000006e       0x6f .\CortexM0p\ARM_GCC_541\Debug\AutomatedBatterySwap.a(pin_Detect.o)
 .comment       0x0000006e       0x6f .\CortexM0p\ARM_GCC_541\Debug\AutomatedBatterySwap.a(pin_NTC.o)
 .comment       0x0000006e       0x6f .\CortexM0p\ARM_GCC_541\Debug\AutomatedBatterySwap.a(UartPC_SPI_UART.o)
 .comment       0x0000006e       0x6f .\CortexM0p\ARM_GCC_541\Debug\AutomatedBatterySwap.a(CyFlash.o)

.debug_weaknames
 *(.debug_weaknames)

.debug_funcnames
 *(.debug_funcnames)

.debug_typenames
 *(.debug_typenames)

.debug_varnames
 *(.debug_varnames)

.note.gnu.arm.ident
 *(.note.gnu.arm.ident)

.ARM.attributes
                0x00000000       0x28
 *(.ARM.attributes)
 .ARM.attributes
                0x00000000       0x1e c:/program files (x86)/cypress/psoc creator/4.3/psoc creator/import/gnu/arm/5.4.1/bin/../lib/gcc/arm-none-eabi/5.4.1/armv6-m/crti.o
 .ARM.attributes
                0x0000001e       0x2c c:/program files (x86)/cypress/psoc creator/4.3/psoc creator/import/gnu/arm/5.4.1/bin/../lib/gcc/arm-none-eabi/5.4.1/armv6-m/crtbegin.o
 .ARM.attributes
                0x0000004a       0x1b c:/program files (x86)/cypress/psoc creator/4.3/psoc creator/import/gnu/arm/5.4.1/bin/../lib/gcc/arm-none-eabi/5.4.1/../../../../arm-none-eabi/lib/armv6-m/crt0.o
 .ARM.attributes
                0x00000065       0x32 .\CortexM0p\ARM_GCC_541\Debug\main.o
 .ARM.attributes
                0x00000097       0x32 .\CortexM0p\ARM_GCC_541\Debug\cyfitter_cfg.o
 .ARM.attributes
                0x000000c9       0x32 .\CortexM0p\ARM_GCC_541\Debug\cymetadata.o
 .ARM.attributes
                0x000000fb       0x32 .\CortexM0p\ARM_GCC_541\Debug\Cm0plusStart.o
 .ARM.attributes
                0x0000012d       0x32 .\CortexM0p\ARM_GCC_541\Debug\AutomatedBatterySwap.a(UartPC.o)
 .ARM.attributes
                0x0000015f       0x32 .\CortexM0p\ARM_GCC_541\Debug\AutomatedBatterySwap.a(UartPC_UART.o)
 .ARM.attributes
                0x00000191       0x32 .\CortexM0p\ARM_GCC_541\Debug\AutomatedBatterySwap.a(CyLib.o)
 .ARM.attributes
                0x000001c3       0x32 .\CortexM0p\ARM_GCC_541\Debug\AutomatedBatterySwap.a(CyLFClk.o)
 .ARM.attributes
                0x000001f5       0x32 .\CortexM0p\ARM_GCC_541\Debug\AutomatedBatterySwap.a(pin_PackP.o)
 .ARM.attributes
                0x00000227       0x32 .\CortexM0p\ARM_GCC_541\Debug\AutomatedBatterySwap.a(pin_SCL.o)
 .ARM.attributes
                0x00000259       0x32 .\CortexM0p\ARM_GCC_541\Debug\AutomatedBatterySwap.a(pin_SDA.o)
 .ARM.attributes
                0x0000028b       0x32 .\CortexM0p\ARM_GCC_541\Debug\AutomatedBatterySwap.a(pin_Detect.o)
 .ARM.attributes
                0x000002bd       0x32 .\CortexM0p\ARM_GCC_541\Debug\AutomatedBatterySwap.a(pin_NTC.o)
 .ARM.attributes
                0x000002ef       0x22 .\CortexM0p\ARM_GCC_541\Debug\AutomatedBatterySwap.a(CyBootAsmGnu.o)
 .ARM.attributes
                0x00000311       0x32 .\CortexM0p\ARM_GCC_541\Debug\AutomatedBatterySwap.a(UartPC_SPI_UART.o)
 .ARM.attributes
                0x00000343       0x32 .\CortexM0p\ARM_GCC_541\Debug\AutomatedBatterySwap.a(CyFlash.o)
 .ARM.attributes
                0x00000375       0x1e c:/program files (x86)/cypress/psoc creator/4.3/psoc creator/import/gnu/arm/5.4.1/bin/../lib/gcc/arm-none-eabi/5.4.1/armv6-m\libgcc.a(_udivsi3.o)
 .ARM.attributes
                0x00000393       0x1e c:/program files (x86)/cypress/psoc creator/4.3/psoc creator/import/gnu/arm/5.4.1/bin/../lib/gcc/arm-none-eabi/5.4.1/armv6-m\libgcc.a(_dvmd_tls.o)
 .ARM.attributes
                0x000003b1       0x2c c:/program files (x86)/cypress/psoc creator/4.3/psoc creator/import/gnu/arm/5.4.1/bin/../lib/gcc/arm-none-eabi/5.4.1/../../../../arm-none-eabi/lib/armv6-m\libg_nano.a(lib_a-errno.o)
 .ARM.attributes
                0x000003dd       0x2c c:/program files (x86)/cypress/psoc creator/4.3/psoc creator/import/gnu/arm/5.4.1/bin/../lib/gcc/arm-none-eabi/5.4.1/../../../../arm-none-eabi/lib/armv6-m\libg_nano.a(lib_a-exit.o)
 .ARM.attributes
                0x00000409       0x2c c:/program files (x86)/cypress/psoc creator/4.3/psoc creator/import/gnu/arm/5.4.1/bin/../lib/gcc/arm-none-eabi/5.4.1/../../../../arm-none-eabi/lib/armv6-m\libg_nano.a(lib_a-impure.o)
 .ARM.attributes
                0x00000435       0x2c c:/program files (x86)/cypress/psoc creator/4.3/psoc creator/import/gnu/arm/5.4.1/bin/../lib/gcc/arm-none-eabi/5.4.1/../../../../arm-none-eabi/lib/armv6-m\libg_nano.a(lib_a-init.o)
 .ARM.attributes
                0x00000461       0x2c c:/program files (x86)/cypress/psoc creator/4.3/psoc creator/import/gnu/arm/5.4.1/bin/../lib/gcc/arm-none-eabi/5.4.1/../../../../arm-none-eabi/lib/armv6-m\libg_nano.a(lib_a-memcpy-stub.o)
 .ARM.attributes
                0x0000048d       0x2c c:/program files (x86)/cypress/psoc creator/4.3/psoc creator/import/gnu/arm/5.4.1/bin/../lib/gcc/arm-none-eabi/5.4.1/../../../../arm-none-eabi/lib/armv6-m\libg_nano.a(lib_a-memset.o)
 .ARM.attributes
                0x000004b9       0x1c c:/program files (x86)/cypress/psoc creator/4.3/psoc creator/import/gnu/arm/5.4.1/bin/../lib/gcc/arm-none-eabi/5.4.1/../../../../arm-none-eabi/lib/armv6-m\libg_nano.a(lib_a-strcmp.o)
 .ARM.attributes
                0x000004d5       0x2c c:/program files (x86)/cypress/psoc creator/4.3/psoc creator/import/gnu/arm/5.4.1/bin/../lib/gcc/arm-none-eabi/5.4.1/armv6-m/crtend.o
 .ARM.attributes
                0x00000501       0x1e c:/program files (x86)/cypress/psoc creator/4.3/psoc creator/import/gnu/arm/5.4.1/bin/../lib/gcc/arm-none-eabi/5.4.1/armv6-m/crtn.o

/DISCARD/
 *(.note.GNU-stack)
OUTPUT(C:\Users\gcristini\OneDrive - Datalogic S.p.a\Data\PhytonWorkspace\AutomatedBatterySwap\PSOC4\AutomatedBatterySwap.cydsn\CortexM0p\ARM_GCC_541\Debug\AutomatedBatterySwap.elf elf32-littlearm)
