ARM GAS  C:\Users\GCRIST~1\AppData\Local\Temp\ccn2LLzR.s 			page 1


   1              		.syntax unified
   2              		.cpu cortex-m0plus
   3              		.fpu softvfp
   4              		.eabi_attribute 20, 1
   5              		.eabi_attribute 21, 1
   6              		.eabi_attribute 23, 3
   7              		.eabi_attribute 24, 1
   8              		.eabi_attribute 25, 1
   9              		.eabi_attribute 26, 1
  10              		.eabi_attribute 30, 1
  11              		.eabi_attribute 34, 0
  12              		.eabi_attribute 18, 4
  13              		.thumb
  14              		.syntax unified
  15              		.file	"cyfitter_cfg.c"
  16              		.text
  17              	.Ltext0:
  18              		.cfi_sections	.debug_frame
  19              		.section	.text.AnalogSetDefault,"ax",%progbits
  20              		.align	2
  21              		.code	16
  22              		.thumb_func
  23              		.type	AnalogSetDefault, %function
  24              	AnalogSetDefault:
  25              	.LFB5:
  26              		.file 1 "Generated_Source\\PSoC4\\cyfitter_cfg.c"
   1:Generated_Source\PSoC4/cyfitter_cfg.c **** 
   2:Generated_Source\PSoC4/cyfitter_cfg.c **** /*******************************************************************************
   3:Generated_Source\PSoC4/cyfitter_cfg.c **** * File Name: cyfitter_cfg.c
   4:Generated_Source\PSoC4/cyfitter_cfg.c **** * 
   5:Generated_Source\PSoC4/cyfitter_cfg.c **** * PSoC Creator  4.3
   6:Generated_Source\PSoC4/cyfitter_cfg.c **** *
   7:Generated_Source\PSoC4/cyfitter_cfg.c **** * Description:
   8:Generated_Source\PSoC4/cyfitter_cfg.c **** * This file contains device initialization code.
   9:Generated_Source\PSoC4/cyfitter_cfg.c **** * Except for the user defined sections in CyClockStartupError(), this file should not be modified.
  10:Generated_Source\PSoC4/cyfitter_cfg.c **** * This file is automatically generated by PSoC Creator.
  11:Generated_Source\PSoC4/cyfitter_cfg.c **** *
  12:Generated_Source\PSoC4/cyfitter_cfg.c **** ********************************************************************************
  13:Generated_Source\PSoC4/cyfitter_cfg.c **** * Copyright (c) 2007-2019 Cypress Semiconductor.  All rights reserved.
  14:Generated_Source\PSoC4/cyfitter_cfg.c **** * You may use this file only in accordance with the license, terms, conditions, 
  15:Generated_Source\PSoC4/cyfitter_cfg.c **** * disclaimers, and limitations in the end user license agreement accompanying 
  16:Generated_Source\PSoC4/cyfitter_cfg.c **** * the software package with which this file was provided.
  17:Generated_Source\PSoC4/cyfitter_cfg.c **** ********************************************************************************/
  18:Generated_Source\PSoC4/cyfitter_cfg.c **** 
  19:Generated_Source\PSoC4/cyfitter_cfg.c **** #include <string.h>
  20:Generated_Source\PSoC4/cyfitter_cfg.c **** #include "cytypes.h"
  21:Generated_Source\PSoC4/cyfitter_cfg.c **** #include "cydevice_trm.h"
  22:Generated_Source\PSoC4/cyfitter_cfg.c **** #include "cyfitter.h"
  23:Generated_Source\PSoC4/cyfitter_cfg.c **** #include "CyLib.h"
  24:Generated_Source\PSoC4/cyfitter_cfg.c **** #include "CyLFClk.h"
  25:Generated_Source\PSoC4/cyfitter_cfg.c **** #include "cyfitter_cfg.h"
  26:Generated_Source\PSoC4/cyfitter_cfg.c **** #include "cyapicallbacks.h"
  27:Generated_Source\PSoC4/cyfitter_cfg.c **** 
  28:Generated_Source\PSoC4/cyfitter_cfg.c **** 
  29:Generated_Source\PSoC4/cyfitter_cfg.c **** #if defined(__GNUC__) || defined(__ARMCC_VERSION)
  30:Generated_Source\PSoC4/cyfitter_cfg.c ****     #define CYPACKED 
  31:Generated_Source\PSoC4/cyfitter_cfg.c ****     #define CYPACKED_ATTR __attribute__ ((packed))
ARM GAS  C:\Users\GCRIST~1\AppData\Local\Temp\ccn2LLzR.s 			page 2


  32:Generated_Source\PSoC4/cyfitter_cfg.c ****     #define CYALIGNED __attribute__ ((aligned))
  33:Generated_Source\PSoC4/cyfitter_cfg.c ****     #define CY_CFG_UNUSED __attribute__ ((unused))
  34:Generated_Source\PSoC4/cyfitter_cfg.c ****     #ifndef CY_CFG_SECTION
  35:Generated_Source\PSoC4/cyfitter_cfg.c ****         #define CY_CFG_SECTION __attribute__ ((section(".psocinit")))
  36:Generated_Source\PSoC4/cyfitter_cfg.c ****     #endif
  37:Generated_Source\PSoC4/cyfitter_cfg.c ****     
  38:Generated_Source\PSoC4/cyfitter_cfg.c ****     #if defined(__ARMCC_VERSION)
  39:Generated_Source\PSoC4/cyfitter_cfg.c ****         #define CY_CFG_MEMORY_BARRIER() __memory_changed()
  40:Generated_Source\PSoC4/cyfitter_cfg.c ****     #else
  41:Generated_Source\PSoC4/cyfitter_cfg.c ****         #define CY_CFG_MEMORY_BARRIER() __sync_synchronize()
  42:Generated_Source\PSoC4/cyfitter_cfg.c ****     #endif
  43:Generated_Source\PSoC4/cyfitter_cfg.c ****     
  44:Generated_Source\PSoC4/cyfitter_cfg.c **** #elif defined(__ICCARM__)
  45:Generated_Source\PSoC4/cyfitter_cfg.c ****     #include <intrinsics.h>
  46:Generated_Source\PSoC4/cyfitter_cfg.c **** 
  47:Generated_Source\PSoC4/cyfitter_cfg.c ****     #define CYPACKED __packed
  48:Generated_Source\PSoC4/cyfitter_cfg.c ****     #define CYPACKED_ATTR 
  49:Generated_Source\PSoC4/cyfitter_cfg.c ****     #define CYALIGNED _Pragma("data_alignment=4")
  50:Generated_Source\PSoC4/cyfitter_cfg.c ****     #define CY_CFG_UNUSED _Pragma("diag_suppress=Pe177")
  51:Generated_Source\PSoC4/cyfitter_cfg.c ****     #define CY_CFG_SECTION _Pragma("location=\".psocinit\"")
  52:Generated_Source\PSoC4/cyfitter_cfg.c ****     
  53:Generated_Source\PSoC4/cyfitter_cfg.c ****     #define CY_CFG_MEMORY_BARRIER() __DMB()
  54:Generated_Source\PSoC4/cyfitter_cfg.c ****     
  55:Generated_Source\PSoC4/cyfitter_cfg.c **** #else
  56:Generated_Source\PSoC4/cyfitter_cfg.c ****     #error Unsupported toolchain
  57:Generated_Source\PSoC4/cyfitter_cfg.c **** #endif
  58:Generated_Source\PSoC4/cyfitter_cfg.c **** 
  59:Generated_Source\PSoC4/cyfitter_cfg.c **** #ifndef CYCODE
  60:Generated_Source\PSoC4/cyfitter_cfg.c ****     #define CYCODE
  61:Generated_Source\PSoC4/cyfitter_cfg.c **** #endif
  62:Generated_Source\PSoC4/cyfitter_cfg.c **** #ifndef CYDATA
  63:Generated_Source\PSoC4/cyfitter_cfg.c ****     #define CYDATA
  64:Generated_Source\PSoC4/cyfitter_cfg.c **** #endif
  65:Generated_Source\PSoC4/cyfitter_cfg.c **** #ifndef CYFAR
  66:Generated_Source\PSoC4/cyfitter_cfg.c ****     #define CYFAR
  67:Generated_Source\PSoC4/cyfitter_cfg.c **** #endif
  68:Generated_Source\PSoC4/cyfitter_cfg.c **** #ifndef CYXDATA
  69:Generated_Source\PSoC4/cyfitter_cfg.c ****     #define CYXDATA
  70:Generated_Source\PSoC4/cyfitter_cfg.c **** #endif
  71:Generated_Source\PSoC4/cyfitter_cfg.c **** 
  72:Generated_Source\PSoC4/cyfitter_cfg.c **** 
  73:Generated_Source\PSoC4/cyfitter_cfg.c **** CY_CFG_UNUSED
  74:Generated_Source\PSoC4/cyfitter_cfg.c **** static void CYMEMZERO(void *s, size_t n);
  75:Generated_Source\PSoC4/cyfitter_cfg.c **** CY_CFG_UNUSED
  76:Generated_Source\PSoC4/cyfitter_cfg.c **** static void CYMEMZERO(void *s, size_t n)
  77:Generated_Source\PSoC4/cyfitter_cfg.c **** {
  78:Generated_Source\PSoC4/cyfitter_cfg.c **** 	(void)memset(s, 0, n);
  79:Generated_Source\PSoC4/cyfitter_cfg.c **** }
  80:Generated_Source\PSoC4/cyfitter_cfg.c **** CY_CFG_UNUSED
  81:Generated_Source\PSoC4/cyfitter_cfg.c **** static void CYCONFIGCPY(void *dest, const void *src, size_t n);
  82:Generated_Source\PSoC4/cyfitter_cfg.c **** CY_CFG_UNUSED
  83:Generated_Source\PSoC4/cyfitter_cfg.c **** static void CYCONFIGCPY(void *dest, const void *src, size_t n)
  84:Generated_Source\PSoC4/cyfitter_cfg.c **** {
  85:Generated_Source\PSoC4/cyfitter_cfg.c **** 	(void)memcpy(dest, src, n);
  86:Generated_Source\PSoC4/cyfitter_cfg.c **** }
  87:Generated_Source\PSoC4/cyfitter_cfg.c **** CY_CFG_UNUSED
  88:Generated_Source\PSoC4/cyfitter_cfg.c **** static void CYCONFIGCPYCODE(void *dest, const void *src, size_t n);
ARM GAS  C:\Users\GCRIST~1\AppData\Local\Temp\ccn2LLzR.s 			page 3


  89:Generated_Source\PSoC4/cyfitter_cfg.c **** CY_CFG_UNUSED
  90:Generated_Source\PSoC4/cyfitter_cfg.c **** static void CYCONFIGCPYCODE(void *dest, const void *src, size_t n)
  91:Generated_Source\PSoC4/cyfitter_cfg.c **** {
  92:Generated_Source\PSoC4/cyfitter_cfg.c **** 	(void)memcpy(dest, src, n);
  93:Generated_Source\PSoC4/cyfitter_cfg.c **** }
  94:Generated_Source\PSoC4/cyfitter_cfg.c **** 
  95:Generated_Source\PSoC4/cyfitter_cfg.c **** 
  96:Generated_Source\PSoC4/cyfitter_cfg.c **** 
  97:Generated_Source\PSoC4/cyfitter_cfg.c **** 
  98:Generated_Source\PSoC4/cyfitter_cfg.c **** /* Clock startup error codes                                                   */
  99:Generated_Source\PSoC4/cyfitter_cfg.c **** #define CYCLOCKSTART_NO_ERROR    0u
 100:Generated_Source\PSoC4/cyfitter_cfg.c **** #define CYCLOCKSTART_XTAL_ERROR  1u
 101:Generated_Source\PSoC4/cyfitter_cfg.c **** #define CYCLOCKSTART_32KHZ_ERROR 2u
 102:Generated_Source\PSoC4/cyfitter_cfg.c **** #define CYCLOCKSTART_PLL_ERROR   3u
 103:Generated_Source\PSoC4/cyfitter_cfg.c **** #define CYCLOCKSTART_FLL_ERROR   4u
 104:Generated_Source\PSoC4/cyfitter_cfg.c **** #define CYCLOCKSTART_WCO_ERROR   5u
 105:Generated_Source\PSoC4/cyfitter_cfg.c **** 
 106:Generated_Source\PSoC4/cyfitter_cfg.c **** 
 107:Generated_Source\PSoC4/cyfitter_cfg.c **** #ifdef CY_NEED_CYCLOCKSTARTUPERROR
 108:Generated_Source\PSoC4/cyfitter_cfg.c **** /*******************************************************************************
 109:Generated_Source\PSoC4/cyfitter_cfg.c **** * Function Name: CyClockStartupError
 110:Generated_Source\PSoC4/cyfitter_cfg.c **** ********************************************************************************
 111:Generated_Source\PSoC4/cyfitter_cfg.c **** * Summary:
 112:Generated_Source\PSoC4/cyfitter_cfg.c **** *  If an error is encountered during clock configuration (crystal startup error,
 113:Generated_Source\PSoC4/cyfitter_cfg.c **** *  PLL lock error, etc.), the system will end up here.  Unless reimplemented by
 114:Generated_Source\PSoC4/cyfitter_cfg.c **** *  the customer, this function will stop in an infinite loop.
 115:Generated_Source\PSoC4/cyfitter_cfg.c **** *
 116:Generated_Source\PSoC4/cyfitter_cfg.c **** * Parameters:
 117:Generated_Source\PSoC4/cyfitter_cfg.c **** *   void
 118:Generated_Source\PSoC4/cyfitter_cfg.c **** *
 119:Generated_Source\PSoC4/cyfitter_cfg.c **** * Return:
 120:Generated_Source\PSoC4/cyfitter_cfg.c **** *   void
 121:Generated_Source\PSoC4/cyfitter_cfg.c **** *
 122:Generated_Source\PSoC4/cyfitter_cfg.c **** *******************************************************************************/
 123:Generated_Source\PSoC4/cyfitter_cfg.c **** CY_CFG_UNUSED
 124:Generated_Source\PSoC4/cyfitter_cfg.c **** static void CyClockStartupError(uint8 errorCode);
 125:Generated_Source\PSoC4/cyfitter_cfg.c **** CY_CFG_UNUSED
 126:Generated_Source\PSoC4/cyfitter_cfg.c **** static void CyClockStartupError(uint8 errorCode)
 127:Generated_Source\PSoC4/cyfitter_cfg.c **** {
 128:Generated_Source\PSoC4/cyfitter_cfg.c ****     /* To remove the compiler warning if errorCode not used.                */
 129:Generated_Source\PSoC4/cyfitter_cfg.c ****     errorCode = errorCode;
 130:Generated_Source\PSoC4/cyfitter_cfg.c **** 
 131:Generated_Source\PSoC4/cyfitter_cfg.c ****     /* If we have a clock startup error (bad MHz crystal, PLL lock, etc.),  */
 132:Generated_Source\PSoC4/cyfitter_cfg.c ****     /* we will end up here to allow the customer to implement something to  */
 133:Generated_Source\PSoC4/cyfitter_cfg.c ****     /* deal with the clock condition.                                       */
 134:Generated_Source\PSoC4/cyfitter_cfg.c **** 
 135:Generated_Source\PSoC4/cyfitter_cfg.c **** #ifdef CY_CFG_CLOCK_STARTUP_ERROR_CALLBACK
 136:Generated_Source\PSoC4/cyfitter_cfg.c ****     CY_CFG_Clock_Startup_ErrorCallback();
 137:Generated_Source\PSoC4/cyfitter_cfg.c **** #else
 138:Generated_Source\PSoC4/cyfitter_cfg.c ****     /*  If not using CY_CFG_CLOCK_STARTUP_ERROR_CALLBACK, place your clock startup code here. */
 139:Generated_Source\PSoC4/cyfitter_cfg.c ****     /* `#START CyClockStartupError` */
 140:Generated_Source\PSoC4/cyfitter_cfg.c **** 
 141:Generated_Source\PSoC4/cyfitter_cfg.c **** 
 142:Generated_Source\PSoC4/cyfitter_cfg.c **** 
 143:Generated_Source\PSoC4/cyfitter_cfg.c ****     /* `#END` */
 144:Generated_Source\PSoC4/cyfitter_cfg.c **** 
 145:Generated_Source\PSoC4/cyfitter_cfg.c ****     while(1) {}
ARM GAS  C:\Users\GCRIST~1\AppData\Local\Temp\ccn2LLzR.s 			page 4


 146:Generated_Source\PSoC4/cyfitter_cfg.c **** #endif /* CY_CFG_CLOCK_STARTUP_ERROR_CALLBACK */
 147:Generated_Source\PSoC4/cyfitter_cfg.c **** }
 148:Generated_Source\PSoC4/cyfitter_cfg.c **** #endif
 149:Generated_Source\PSoC4/cyfitter_cfg.c **** 
 150:Generated_Source\PSoC4/cyfitter_cfg.c **** 
 151:Generated_Source\PSoC4/cyfitter_cfg.c **** 
 152:Generated_Source\PSoC4/cyfitter_cfg.c **** /*******************************************************************************
 153:Generated_Source\PSoC4/cyfitter_cfg.c **** * Function Name: ClockSetup
 154:Generated_Source\PSoC4/cyfitter_cfg.c **** ********************************************************************************
 155:Generated_Source\PSoC4/cyfitter_cfg.c **** *
 156:Generated_Source\PSoC4/cyfitter_cfg.c **** * Summary:
 157:Generated_Source\PSoC4/cyfitter_cfg.c **** *   Performs the initialization of all of the clocks in the device based on the
 158:Generated_Source\PSoC4/cyfitter_cfg.c **** *   settings in the Clock tab of the DWR.  This includes enabling the requested
 159:Generated_Source\PSoC4/cyfitter_cfg.c **** *   clocks and setting the necessary dividers to produce the desired frequency. 
 160:Generated_Source\PSoC4/cyfitter_cfg.c **** *
 161:Generated_Source\PSoC4/cyfitter_cfg.c **** * Parameters:
 162:Generated_Source\PSoC4/cyfitter_cfg.c **** *   void
 163:Generated_Source\PSoC4/cyfitter_cfg.c **** *
 164:Generated_Source\PSoC4/cyfitter_cfg.c **** * Return:
 165:Generated_Source\PSoC4/cyfitter_cfg.c **** *   void
 166:Generated_Source\PSoC4/cyfitter_cfg.c **** *
 167:Generated_Source\PSoC4/cyfitter_cfg.c **** *******************************************************************************/
 168:Generated_Source\PSoC4/cyfitter_cfg.c **** static void ClockSetup(void);
 169:Generated_Source\PSoC4/cyfitter_cfg.c **** CY_CFG_SECTION
 170:Generated_Source\PSoC4/cyfitter_cfg.c **** static void ClockSetup(void)
 171:Generated_Source\PSoC4/cyfitter_cfg.c **** {
 172:Generated_Source\PSoC4/cyfitter_cfg.c **** 
 173:Generated_Source\PSoC4/cyfitter_cfg.c **** 	/* Set Flash Cycles based on max possible frequency in case a glitch occurs during ClockSetup(). *
 174:Generated_Source\PSoC4/cyfitter_cfg.c **** 	CY_SET_REG32((void CYXDATA *)(CYREG_CPUSS_FLASH_CTL), (0x0012u));
 175:Generated_Source\PSoC4/cyfitter_cfg.c **** 	/* Update IMO to new clock speed. */
 176:Generated_Source\PSoC4/cyfitter_cfg.c **** 	CySysClkWriteImoFreq(24u);
 177:Generated_Source\PSoC4/cyfitter_cfg.c **** 
 178:Generated_Source\PSoC4/cyfitter_cfg.c **** 	/* Setup phase aligned clocks */
 179:Generated_Source\PSoC4/cyfitter_cfg.c **** 	CY_SET_REG32((void *)CYREG_PERI_DIV_16_CTL0, 0x00001000u);
 180:Generated_Source\PSoC4/cyfitter_cfg.c **** 	CY_SET_REG32((void *)CYREG_PERI_DIV_CMD, 0x8000FF40u);
 181:Generated_Source\PSoC4/cyfitter_cfg.c **** 
 182:Generated_Source\PSoC4/cyfitter_cfg.c **** 	/* CYDEV_CLK_SELECT Starting address: CYDEV_CLK_SELECT */
 183:Generated_Source\PSoC4/cyfitter_cfg.c **** 	CY_SET_REG32((void *)(CYREG_CLK_SELECT), 0x00000000u);
 184:Generated_Source\PSoC4/cyfitter_cfg.c **** 
 185:Generated_Source\PSoC4/cyfitter_cfg.c **** 	/* CYDEV_PERI_PCLK_CTL1 Starting address: CYDEV_PERI_PCLK_CTL1 */
 186:Generated_Source\PSoC4/cyfitter_cfg.c **** 	CY_SET_REG32((void *)(CYREG_PERI_PCLK_CTL1), 0x00000040u);
 187:Generated_Source\PSoC4/cyfitter_cfg.c **** 
 188:Generated_Source\PSoC4/cyfitter_cfg.c **** 	(void)CyIntSetVector(11u, &CySysTimerIsr);
 189:Generated_Source\PSoC4/cyfitter_cfg.c **** 	CyIntEnable(11u);
 190:Generated_Source\PSoC4/cyfitter_cfg.c **** 	CY_SET_REG32((void *)(CYREG_WCO_WDT_CONFIG), 0x00000000u);
 191:Generated_Source\PSoC4/cyfitter_cfg.c **** 	CySysClkSetTimerSource(CY_SYS_CLK_TIMER_SRC_ILO);
 192:Generated_Source\PSoC4/cyfitter_cfg.c **** 	/* Set Flash Cycles based on newly configured 24.00MHz HFCLK. */
 193:Generated_Source\PSoC4/cyfitter_cfg.c **** 	CY_SET_REG32((void CYXDATA *)(CYREG_CPUSS_FLASH_CTL), (0x0011u));
 194:Generated_Source\PSoC4/cyfitter_cfg.c **** }
 195:Generated_Source\PSoC4/cyfitter_cfg.c **** 
 196:Generated_Source\PSoC4/cyfitter_cfg.c **** 
 197:Generated_Source\PSoC4/cyfitter_cfg.c **** /* Analog API Functions */
 198:Generated_Source\PSoC4/cyfitter_cfg.c **** 
 199:Generated_Source\PSoC4/cyfitter_cfg.c **** 
 200:Generated_Source\PSoC4/cyfitter_cfg.c **** /*******************************************************************************
 201:Generated_Source\PSoC4/cyfitter_cfg.c **** * Function Name: AnalogSetDefault
 202:Generated_Source\PSoC4/cyfitter_cfg.c **** ********************************************************************************
ARM GAS  C:\Users\GCRIST~1\AppData\Local\Temp\ccn2LLzR.s 			page 5


 203:Generated_Source\PSoC4/cyfitter_cfg.c **** *
 204:Generated_Source\PSoC4/cyfitter_cfg.c **** * Summary:
 205:Generated_Source\PSoC4/cyfitter_cfg.c **** *  Sets up the analog portions of the chip to default values based on chip
 206:Generated_Source\PSoC4/cyfitter_cfg.c **** *  configuration options from the project.
 207:Generated_Source\PSoC4/cyfitter_cfg.c **** *
 208:Generated_Source\PSoC4/cyfitter_cfg.c **** * Parameters:
 209:Generated_Source\PSoC4/cyfitter_cfg.c **** *  void
 210:Generated_Source\PSoC4/cyfitter_cfg.c **** *
 211:Generated_Source\PSoC4/cyfitter_cfg.c **** * Return:
 212:Generated_Source\PSoC4/cyfitter_cfg.c **** *  void
 213:Generated_Source\PSoC4/cyfitter_cfg.c **** *
 214:Generated_Source\PSoC4/cyfitter_cfg.c **** *******************************************************************************/
 215:Generated_Source\PSoC4/cyfitter_cfg.c **** static void AnalogSetDefault(void);
 216:Generated_Source\PSoC4/cyfitter_cfg.c **** static void AnalogSetDefault(void)
 217:Generated_Source\PSoC4/cyfitter_cfg.c **** {
  27              		.loc 1 217 0
  28              		.cfi_startproc
  29              		@ args = 0, pretend = 0, frame = 0
  30              		@ frame_needed = 0, uses_anonymous_args = 0
  31              		@ link register save eliminated.
 218:Generated_Source\PSoC4/cyfitter_cfg.c **** 	CY_SET_XTND_REG32((void CYFAR *)CYREG_PASS_PASS_CTRL, 0x00000003u);
  32              		.loc 1 218 0
  33 0000 0322     		movs	r2, #3
  34 0002 034B     		ldr	r3, .L2
  35 0004 1A60     		str	r2, [r3]
 219:Generated_Source\PSoC4/cyfitter_cfg.c **** 	CY_SET_XTND_REG32((void CYFAR *)CYREG_PASS_DSAB_DSAB_CTRL, 0x00000020u);
  36              		.loc 1 219 0
  37 0006 1D32     		adds	r2, r2, #29
  38 0008 024B     		ldr	r3, .L2+4
  39 000a 1A60     		str	r2, [r3]
 220:Generated_Source\PSoC4/cyfitter_cfg.c **** }
  40              		.loc 1 220 0
  41              		@ sp needed
  42 000c 7047     		bx	lr
  43              	.L3:
  44 000e C046     		.align	2
  45              	.L2:
  46 0010 08013F40 		.word	1077870856
  47 0014 000E3F40 		.word	1077874176
  48              		.cfi_endproc
  49              	.LFE5:
  50              		.size	AnalogSetDefault, .-AnalogSetDefault
  51              		.section	.psocinit,"ax",%progbits
  52              		.align	2
  53              		.code	16
  54              		.thumb_func
  55              		.type	ClockSetup, %function
  56              	ClockSetup:
  57              	.LFB4:
 171:Generated_Source\PSoC4/cyfitter_cfg.c **** 
  58              		.loc 1 171 0
  59              		.cfi_startproc
  60              		@ args = 0, pretend = 0, frame = 0
  61              		@ frame_needed = 0, uses_anonymous_args = 0
  62 0000 70B5     		push	{r4, r5, r6, lr}
  63              		.cfi_def_cfa_offset 16
  64              		.cfi_offset 4, -16
ARM GAS  C:\Users\GCRIST~1\AppData\Local\Temp\ccn2LLzR.s 			page 6


  65              		.cfi_offset 5, -12
  66              		.cfi_offset 6, -8
  67              		.cfi_offset 14, -4
 174:Generated_Source\PSoC4/cyfitter_cfg.c **** 	/* Update IMO to new clock speed. */
  68              		.loc 1 174 0
  69 0002 114C     		ldr	r4, .L5
  70 0004 1223     		movs	r3, #18
  71 0006 2360     		str	r3, [r4]
 176:Generated_Source\PSoC4/cyfitter_cfg.c **** 
  72              		.loc 1 176 0
  73 0008 1820     		movs	r0, #24
  74 000a FFF7FEFF 		bl	CySysClkWriteImoFreq
  75              	.LVL0:
 179:Generated_Source\PSoC4/cyfitter_cfg.c **** 	CY_SET_REG32((void *)CYREG_PERI_DIV_CMD, 0x8000FF40u);
  76              		.loc 1 179 0
  77 000e 8022     		movs	r2, #128
  78 0010 5201     		lsls	r2, r2, #5
  79 0012 0E4B     		ldr	r3, .L5+4
  80 0014 1A60     		str	r2, [r3]
 180:Generated_Source\PSoC4/cyfitter_cfg.c **** 
  81              		.loc 1 180 0
  82 0016 0E4A     		ldr	r2, .L5+8
  83 0018 8023     		movs	r3, #128
  84 001a DB05     		lsls	r3, r3, #23
  85 001c 1A60     		str	r2, [r3]
 183:Generated_Source\PSoC4/cyfitter_cfg.c **** 
  86              		.loc 1 183 0
  87 001e 0025     		movs	r5, #0
  88 0020 0C4B     		ldr	r3, .L5+12
  89 0022 1D60     		str	r5, [r3]
 186:Generated_Source\PSoC4/cyfitter_cfg.c **** 
  90              		.loc 1 186 0
  91 0024 4022     		movs	r2, #64
  92 0026 0C4B     		ldr	r3, .L5+16
  93 0028 1A60     		str	r2, [r3]
 188:Generated_Source\PSoC4/cyfitter_cfg.c **** 	CyIntEnable(11u);
  94              		.loc 1 188 0
  95 002a 0C49     		ldr	r1, .L5+20
  96 002c 0B20     		movs	r0, #11
  97 002e FFF7FEFF 		bl	CyIntSetVector
  98              	.LVL1:
 189:Generated_Source\PSoC4/cyfitter_cfg.c **** 	CY_SET_REG32((void *)(CYREG_WCO_WDT_CONFIG), 0x00000000u);
  99              		.loc 1 189 0
 100 0032 0B20     		movs	r0, #11
 101 0034 FFF7FEFF 		bl	CyIntEnable
 102              	.LVL2:
 190:Generated_Source\PSoC4/cyfitter_cfg.c **** 	CySysClkSetTimerSource(CY_SYS_CLK_TIMER_SRC_ILO);
 103              		.loc 1 190 0
 104 0038 094B     		ldr	r3, .L5+24
 105 003a 1D60     		str	r5, [r3]
 191:Generated_Source\PSoC4/cyfitter_cfg.c **** 	/* Set Flash Cycles based on newly configured 24.00MHz HFCLK. */
 106              		.loc 1 191 0
 107 003c 0020     		movs	r0, #0
 108 003e FFF7FEFF 		bl	CySysClkSetTimerSource
 109              	.LVL3:
 193:Generated_Source\PSoC4/cyfitter_cfg.c **** }
 110              		.loc 1 193 0
ARM GAS  C:\Users\GCRIST~1\AppData\Local\Temp\ccn2LLzR.s 			page 7


 111 0042 1123     		movs	r3, #17
 112 0044 2360     		str	r3, [r4]
 194:Generated_Source\PSoC4/cyfitter_cfg.c **** 
 113              		.loc 1 194 0
 114              		@ sp needed
 115 0046 70BD     		pop	{r4, r5, r6, pc}
 116              	.L6:
 117              		.align	2
 118              	.L5:
 119 0048 30001040 		.word	1074790448
 120 004c 00030040 		.word	1073742592
 121 0050 40FF0080 		.word	-2147418304
 122 0054 28000340 		.word	1073938472
 123 0058 04010040 		.word	1073742084
 124 005c 00000000 		.word	CySysTimerIsr
 125 0060 0C020640 		.word	1074135564
 126              		.cfi_endproc
 127              	.LFE4:
 128              		.size	ClockSetup, .-ClockSetup
 129              		.align	2
 130              		.global	cyfitter_cfg
 131              		.code	16
 132              		.thumb_func
 133              		.type	cyfitter_cfg, %function
 134              	cyfitter_cfg:
 135              	.LFB6:
 221:Generated_Source\PSoC4/cyfitter_cfg.c **** 
 222:Generated_Source\PSoC4/cyfitter_cfg.c **** 
 223:Generated_Source\PSoC4/cyfitter_cfg.c **** 
 224:Generated_Source\PSoC4/cyfitter_cfg.c **** 
 225:Generated_Source\PSoC4/cyfitter_cfg.c **** /*******************************************************************************
 226:Generated_Source\PSoC4/cyfitter_cfg.c **** * Function Name: cyfitter_cfg
 227:Generated_Source\PSoC4/cyfitter_cfg.c **** ********************************************************************************
 228:Generated_Source\PSoC4/cyfitter_cfg.c **** * Summary:
 229:Generated_Source\PSoC4/cyfitter_cfg.c **** *  This function is called by the start-up code for the selected device. It
 230:Generated_Source\PSoC4/cyfitter_cfg.c **** *  performs all of the necessary device configuration based on the design
 231:Generated_Source\PSoC4/cyfitter_cfg.c **** *  settings.  This includes settings from the Design Wide Resources (DWR) such
 232:Generated_Source\PSoC4/cyfitter_cfg.c **** *  as Clocks and Pins as well as any component configuration that is necessary.
 233:Generated_Source\PSoC4/cyfitter_cfg.c **** *
 234:Generated_Source\PSoC4/cyfitter_cfg.c **** * Parameters:
 235:Generated_Source\PSoC4/cyfitter_cfg.c **** *   void
 236:Generated_Source\PSoC4/cyfitter_cfg.c **** *
 237:Generated_Source\PSoC4/cyfitter_cfg.c **** * Return:
 238:Generated_Source\PSoC4/cyfitter_cfg.c **** *   void
 239:Generated_Source\PSoC4/cyfitter_cfg.c **** *
 240:Generated_Source\PSoC4/cyfitter_cfg.c **** *******************************************************************************/
 241:Generated_Source\PSoC4/cyfitter_cfg.c **** CY_CFG_SECTION
 242:Generated_Source\PSoC4/cyfitter_cfg.c **** void cyfitter_cfg(void)
 243:Generated_Source\PSoC4/cyfitter_cfg.c **** {
 136              		.loc 1 243 0
 137              		.cfi_startproc
 138              		@ args = 0, pretend = 0, frame = 0
 139              		@ frame_needed = 0, uses_anonymous_args = 0
 140 0064 10B5     		push	{r4, lr}
 141              		.cfi_def_cfa_offset 8
 142              		.cfi_offset 4, -8
 143              		.cfi_offset 14, -4
ARM GAS  C:\Users\GCRIST~1\AppData\Local\Temp\ccn2LLzR.s 			page 8


 244:Generated_Source\PSoC4/cyfitter_cfg.c **** 	/* Disable interrupts by default. Let user enable if/when they want. */
 245:Generated_Source\PSoC4/cyfitter_cfg.c **** 	CyGlobalIntDisable;
 144              		.loc 1 245 0
 145              		.syntax divided
 146              	@ 245 "Generated_Source\PSoC4\cyfitter_cfg.c" 1
 147 0066 72B6     		CPSID   i
 148              	@ 0 "" 2
 246:Generated_Source\PSoC4/cyfitter_cfg.c **** 
 247:Generated_Source\PSoC4/cyfitter_cfg.c **** 	{
 248:Generated_Source\PSoC4/cyfitter_cfg.c **** 		/* HSIOM Starting address: CYDEV_HSIOM_BASE */
 249:Generated_Source\PSoC4/cyfitter_cfg.c **** 		CY_SET_REG32((void *)(CYDEV_HSIOM_BASE), 0x009900EEu);
 149              		.loc 1 249 0
 150              		.thumb
 151              		.syntax unified
 152 0068 0A4A     		ldr	r2, .L8
 153 006a 0B4B     		ldr	r3, .L8+4
 154 006c 1A60     		str	r2, [r3]
 250:Generated_Source\PSoC4/cyfitter_cfg.c **** 
 251:Generated_Source\PSoC4/cyfitter_cfg.c **** 		/* PASS_SAR_TRIG_SEL Starting address: CYDEV_PASS_SAR_TRIG_SEL */
 252:Generated_Source\PSoC4/cyfitter_cfg.c **** 		CY_SET_REG32((void *)(CYREG_PASS_SAR_TRIG_SEL), 0x00000000u);
 155              		.loc 1 252 0
 156 006e 0022     		movs	r2, #0
 157 0070 0A4B     		ldr	r3, .L8+8
 158 0072 1A60     		str	r2, [r3]
 253:Generated_Source\PSoC4/cyfitter_cfg.c **** 
 254:Generated_Source\PSoC4/cyfitter_cfg.c **** 	}
 255:Generated_Source\PSoC4/cyfitter_cfg.c **** 
 256:Generated_Source\PSoC4/cyfitter_cfg.c **** 	/* Perform second pass device configuration. These items must be configured in specific order afte
 257:Generated_Source\PSoC4/cyfitter_cfg.c **** 	/* IOPINS0_0 Starting address: CYDEV_GPIO_PRT0_BASE */
 258:Generated_Source\PSoC4/cyfitter_cfg.c **** 	CY_SET_REG32((void *)(CYDEV_GPIO_PRT0_BASE), 0x00000020u);
 159              		.loc 1 258 0
 160 0074 2023     		movs	r3, #32
 161 0076 0A4A     		ldr	r2, .L8+12
 162 0078 1360     		str	r3, [r2]
 259:Generated_Source\PSoC4/cyfitter_cfg.c **** 	CY_SET_REG32((void *)(CYREG_GPIO_PRT0_PC), 0x00031036u);
 163              		.loc 1 259 0
 164 007a 0A49     		ldr	r1, .L8+16
 165 007c 0A4A     		ldr	r2, .L8+20
 166 007e 1160     		str	r1, [r2]
 260:Generated_Source\PSoC4/cyfitter_cfg.c **** 	CY_SET_REG32((void *)(CYREG_GPIO_PRT0_PC2), 0x00000020u);
 167              		.loc 1 260 0
 168 0080 0A4A     		ldr	r2, .L8+24
 169 0082 1360     		str	r3, [r2]
 261:Generated_Source\PSoC4/cyfitter_cfg.c **** 
 262:Generated_Source\PSoC4/cyfitter_cfg.c **** 	/* IOPINS0_1 Starting address: CYDEV_GPIO_PRT1_BASE */
 263:Generated_Source\PSoC4/cyfitter_cfg.c **** 	CY_SET_REG32((void *)(CYREG_GPIO_PRT1_PC), 0x00006DB6u);
 170              		.loc 1 263 0
 171 0084 0A4A     		ldr	r2, .L8+28
 172 0086 0B4B     		ldr	r3, .L8+32
 173 0088 1A60     		str	r2, [r3]
 264:Generated_Source\PSoC4/cyfitter_cfg.c **** 
 265:Generated_Source\PSoC4/cyfitter_cfg.c **** 
 266:Generated_Source\PSoC4/cyfitter_cfg.c **** 	/* Setup clocks based on selections from Clock DWR */
 267:Generated_Source\PSoC4/cyfitter_cfg.c **** 	ClockSetup();
 174              		.loc 1 267 0
 175 008a FFF7B9FF 		bl	ClockSetup
 176              	.LVL4:
ARM GAS  C:\Users\GCRIST~1\AppData\Local\Temp\ccn2LLzR.s 			page 9


 268:Generated_Source\PSoC4/cyfitter_cfg.c **** 
 269:Generated_Source\PSoC4/cyfitter_cfg.c **** 	/* Perform basic analog initialization to defaults */
 270:Generated_Source\PSoC4/cyfitter_cfg.c **** 	AnalogSetDefault();
 177              		.loc 1 270 0
 178 008e FFF7FEFF 		bl	AnalogSetDefault
 179              	.LVL5:
 271:Generated_Source\PSoC4/cyfitter_cfg.c **** 
 272:Generated_Source\PSoC4/cyfitter_cfg.c **** }
 180              		.loc 1 272 0
 181              		@ sp needed
 182 0092 10BD     		pop	{r4, pc}
 183              	.L9:
 184              		.align	2
 185              	.L8:
 186 0094 EE009900 		.word	10027246
 187 0098 00000240 		.word	1073872896
 188 009c 04013F40 		.word	1077870852
 189 00a0 00000440 		.word	1074003968
 190 00a4 36100300 		.word	200758
 191 00a8 08000440 		.word	1074003976
 192 00ac 18000440 		.word	1074003992
 193 00b0 B66D0000 		.word	28086
 194 00b4 08010440 		.word	1074004232
 195              		.cfi_endproc
 196              	.LFE6:
 197              		.size	cyfitter_cfg, .-cyfitter_cfg
 198              		.text
 199              	.Letext0:
 200              		.file 2 "Generated_Source\\PSoC4\\cytypes.h"
 201              		.file 3 "Generated_Source\\PSoC4\\CyLib.h"
 202              		.file 4 "Generated_Source\\PSoC4\\CyLFClk.h"
 203              		.section	.debug_info,"",%progbits
 204              	.Ldebug_info0:
 205 0000 6C010000 		.4byte	0x16c
 206 0004 0400     		.2byte	0x4
 207 0006 00000000 		.4byte	.Ldebug_abbrev0
 208 000a 04       		.byte	0x4
 209 000b 01       		.uleb128 0x1
 210 000c BE010000 		.4byte	.LASF20
 211 0010 0C       		.byte	0xc
 212 0011 15000000 		.4byte	.LASF21
 213 0015 A7000000 		.4byte	.LASF22
 214 0019 00000000 		.4byte	.Ldebug_ranges0+0
 215 001d 00000000 		.4byte	0
 216 0021 00000000 		.4byte	.Ldebug_line0
 217 0025 02       		.uleb128 0x2
 218 0026 04       		.byte	0x4
 219 0027 05       		.byte	0x5
 220 0028 696E7400 		.ascii	"int\000"
 221 002c 03       		.uleb128 0x3
 222 002d 04       		.byte	0x4
 223 002e 07       		.byte	0x7
 224 002f 3B000000 		.4byte	.LASF0
 225 0033 03       		.uleb128 0x3
 226 0034 08       		.byte	0x8
 227 0035 05       		.byte	0x5
 228 0036 00000000 		.4byte	.LASF1
ARM GAS  C:\Users\GCRIST~1\AppData\Local\Temp\ccn2LLzR.s 			page 10


 229 003a 03       		.uleb128 0x3
 230 003b 08       		.byte	0x8
 231 003c 04       		.byte	0x4
 232 003d A8010000 		.4byte	.LASF2
 233 0041 03       		.uleb128 0x3
 234 0042 01       		.byte	0x1
 235 0043 06       		.byte	0x6
 236 0044 90010000 		.4byte	.LASF3
 237 0048 03       		.uleb128 0x3
 238 0049 01       		.byte	0x1
 239 004a 08       		.byte	0x8
 240 004b 48000000 		.4byte	.LASF4
 241 004f 03       		.uleb128 0x3
 242 0050 02       		.byte	0x2
 243 0051 05       		.byte	0x5
 244 0052 B4010000 		.4byte	.LASF5
 245 0056 03       		.uleb128 0x3
 246 0057 02       		.byte	0x2
 247 0058 07       		.byte	0x7
 248 0059 7D010000 		.4byte	.LASF6
 249 005d 03       		.uleb128 0x3
 250 005e 04       		.byte	0x4
 251 005f 05       		.byte	0x5
 252 0060 34010000 		.4byte	.LASF7
 253 0064 03       		.uleb128 0x3
 254 0065 04       		.byte	0x4
 255 0066 07       		.byte	0x7
 256 0067 6B000000 		.4byte	.LASF8
 257 006b 03       		.uleb128 0x3
 258 006c 08       		.byte	0x8
 259 006d 07       		.byte	0x7
 260 006e 8A000000 		.4byte	.LASF9
 261 0072 03       		.uleb128 0x3
 262 0073 04       		.byte	0x4
 263 0074 07       		.byte	0x7
 264 0075 50020000 		.4byte	.LASF10
 265 0079 03       		.uleb128 0x3
 266 007a 01       		.byte	0x1
 267 007b 08       		.byte	0x8
 268 007c 2F010000 		.4byte	.LASF11
 269 0080 04       		.uleb128 0x4
 270 0081 0E000000 		.4byte	.LASF14
 271 0085 02       		.byte	0x2
 272 0086 F901     		.2byte	0x1f9
 273 0088 64000000 		.4byte	0x64
 274 008c 03       		.uleb128 0x3
 275 008d 04       		.byte	0x4
 276 008e 04       		.byte	0x4
 277 008f A1000000 		.4byte	.LASF12
 278 0093 03       		.uleb128 0x3
 279 0094 08       		.byte	0x8
 280 0095 04       		.byte	0x4
 281 0096 70010000 		.4byte	.LASF13
 282 009a 04       		.uleb128 0x4
 283 009b 77010000 		.4byte	.LASF15
 284 009f 02       		.byte	0x2
 285 00a0 A302     		.2byte	0x2a3
ARM GAS  C:\Users\GCRIST~1\AppData\Local\Temp\ccn2LLzR.s 			page 11


 286 00a2 A6000000 		.4byte	0xa6
 287 00a6 05       		.uleb128 0x5
 288 00a7 80000000 		.4byte	0x80
 289 00ab 06       		.uleb128 0x6
 290 00ac 3D010000 		.4byte	.LASF23
 291 00b0 01       		.byte	0x1
 292 00b1 D8       		.byte	0xd8
 293 00b2 00000000 		.4byte	.LFB5
 294 00b6 18000000 		.4byte	.LFE5-.LFB5
 295 00ba 01       		.uleb128 0x1
 296 00bb 9C       		.byte	0x9c
 297 00bc 07       		.uleb128 0x7
 298 00bd 4E010000 		.4byte	.LASF24
 299 00c1 01       		.byte	0x1
 300 00c2 AA       		.byte	0xaa
 301 00c3 00000000 		.4byte	.LFB4
 302 00c7 64000000 		.4byte	.LFE4-.LFB4
 303 00cb 01       		.uleb128 0x1
 304 00cc 9C       		.byte	0x9c
 305 00cd 1B010000 		.4byte	0x11b
 306 00d1 08       		.uleb128 0x8
 307 00d2 0E000000 		.4byte	.LVL0
 308 00d6 43010000 		.4byte	0x143
 309 00da E4000000 		.4byte	0xe4
 310 00de 09       		.uleb128 0x9
 311 00df 01       		.uleb128 0x1
 312 00e0 50       		.byte	0x50
 313 00e1 01       		.uleb128 0x1
 314 00e2 48       		.byte	0x48
 315 00e3 00       		.byte	0
 316 00e4 08       		.uleb128 0x8
 317 00e5 32000000 		.4byte	.LVL1
 318 00e9 4E010000 		.4byte	0x14e
 319 00ed F7000000 		.4byte	0xf7
 320 00f1 09       		.uleb128 0x9
 321 00f2 01       		.uleb128 0x1
 322 00f3 50       		.byte	0x50
 323 00f4 01       		.uleb128 0x1
 324 00f5 3B       		.byte	0x3b
 325 00f6 00       		.byte	0
 326 00f7 08       		.uleb128 0x8
 327 00f8 38000000 		.4byte	.LVL2
 328 00fc 59010000 		.4byte	0x159
 329 0100 0A010000 		.4byte	0x10a
 330 0104 09       		.uleb128 0x9
 331 0105 01       		.uleb128 0x1
 332 0106 50       		.byte	0x50
 333 0107 01       		.uleb128 0x1
 334 0108 3B       		.byte	0x3b
 335 0109 00       		.byte	0
 336 010a 0A       		.uleb128 0xa
 337 010b 42000000 		.4byte	.LVL3
 338 010f 64010000 		.4byte	0x164
 339 0113 09       		.uleb128 0x9
 340 0114 01       		.uleb128 0x1
 341 0115 50       		.byte	0x50
 342 0116 02       		.uleb128 0x2
ARM GAS  C:\Users\GCRIST~1\AppData\Local\Temp\ccn2LLzR.s 			page 12


 343 0117 75       		.byte	0x75
 344 0118 00       		.sleb128 0
 345 0119 00       		.byte	0
 346 011a 00       		.byte	0
 347 011b 0B       		.uleb128 0xb
 348 011c 7D000000 		.4byte	.LASF25
 349 0120 01       		.byte	0x1
 350 0121 F2       		.byte	0xf2
 351 0122 64000000 		.4byte	.LFB6
 352 0126 54000000 		.4byte	.LFE6-.LFB6
 353 012a 01       		.uleb128 0x1
 354 012b 9C       		.byte	0x9c
 355 012c 43010000 		.4byte	0x143
 356 0130 0C       		.uleb128 0xc
 357 0131 8E000000 		.4byte	.LVL4
 358 0135 BC000000 		.4byte	0xbc
 359 0139 0C       		.uleb128 0xc
 360 013a 92000000 		.4byte	.LVL5
 361 013e AB000000 		.4byte	0xab
 362 0142 00       		.byte	0
 363 0143 0D       		.uleb128 0xd
 364 0144 56000000 		.4byte	.LASF16
 365 0148 56000000 		.4byte	.LASF16
 366 014c 03       		.byte	0x3
 367 014d 6C       		.byte	0x6c
 368 014e 0D       		.uleb128 0xd
 369 014f 20010000 		.4byte	.LASF17
 370 0153 20010000 		.4byte	.LASF17
 371 0157 03       		.byte	0x3
 372 0158 D0       		.byte	0xd0
 373 0159 0D       		.uleb128 0xd
 374 015a 9C010000 		.4byte	.LASF18
 375 015e 9C010000 		.4byte	.LASF18
 376 0162 03       		.byte	0x3
 377 0163 D6       		.byte	0xd6
 378 0164 0D       		.uleb128 0xd
 379 0165 59010000 		.4byte	.LASF19
 380 0169 59010000 		.4byte	.LASF19
 381 016d 04       		.byte	0x4
 382 016e 9F       		.byte	0x9f
 383 016f 00       		.byte	0
 384              		.section	.debug_abbrev,"",%progbits
 385              	.Ldebug_abbrev0:
 386 0000 01       		.uleb128 0x1
 387 0001 11       		.uleb128 0x11
 388 0002 01       		.byte	0x1
 389 0003 25       		.uleb128 0x25
 390 0004 0E       		.uleb128 0xe
 391 0005 13       		.uleb128 0x13
 392 0006 0B       		.uleb128 0xb
 393 0007 03       		.uleb128 0x3
 394 0008 0E       		.uleb128 0xe
 395 0009 1B       		.uleb128 0x1b
 396 000a 0E       		.uleb128 0xe
 397 000b 55       		.uleb128 0x55
 398 000c 17       		.uleb128 0x17
 399 000d 11       		.uleb128 0x11
ARM GAS  C:\Users\GCRIST~1\AppData\Local\Temp\ccn2LLzR.s 			page 13


 400 000e 01       		.uleb128 0x1
 401 000f 10       		.uleb128 0x10
 402 0010 17       		.uleb128 0x17
 403 0011 00       		.byte	0
 404 0012 00       		.byte	0
 405 0013 02       		.uleb128 0x2
 406 0014 24       		.uleb128 0x24
 407 0015 00       		.byte	0
 408 0016 0B       		.uleb128 0xb
 409 0017 0B       		.uleb128 0xb
 410 0018 3E       		.uleb128 0x3e
 411 0019 0B       		.uleb128 0xb
 412 001a 03       		.uleb128 0x3
 413 001b 08       		.uleb128 0x8
 414 001c 00       		.byte	0
 415 001d 00       		.byte	0
 416 001e 03       		.uleb128 0x3
 417 001f 24       		.uleb128 0x24
 418 0020 00       		.byte	0
 419 0021 0B       		.uleb128 0xb
 420 0022 0B       		.uleb128 0xb
 421 0023 3E       		.uleb128 0x3e
 422 0024 0B       		.uleb128 0xb
 423 0025 03       		.uleb128 0x3
 424 0026 0E       		.uleb128 0xe
 425 0027 00       		.byte	0
 426 0028 00       		.byte	0
 427 0029 04       		.uleb128 0x4
 428 002a 16       		.uleb128 0x16
 429 002b 00       		.byte	0
 430 002c 03       		.uleb128 0x3
 431 002d 0E       		.uleb128 0xe
 432 002e 3A       		.uleb128 0x3a
 433 002f 0B       		.uleb128 0xb
 434 0030 3B       		.uleb128 0x3b
 435 0031 05       		.uleb128 0x5
 436 0032 49       		.uleb128 0x49
 437 0033 13       		.uleb128 0x13
 438 0034 00       		.byte	0
 439 0035 00       		.byte	0
 440 0036 05       		.uleb128 0x5
 441 0037 35       		.uleb128 0x35
 442 0038 00       		.byte	0
 443 0039 49       		.uleb128 0x49
 444 003a 13       		.uleb128 0x13
 445 003b 00       		.byte	0
 446 003c 00       		.byte	0
 447 003d 06       		.uleb128 0x6
 448 003e 2E       		.uleb128 0x2e
 449 003f 00       		.byte	0
 450 0040 03       		.uleb128 0x3
 451 0041 0E       		.uleb128 0xe
 452 0042 3A       		.uleb128 0x3a
 453 0043 0B       		.uleb128 0xb
 454 0044 3B       		.uleb128 0x3b
 455 0045 0B       		.uleb128 0xb
 456 0046 27       		.uleb128 0x27
ARM GAS  C:\Users\GCRIST~1\AppData\Local\Temp\ccn2LLzR.s 			page 14


 457 0047 19       		.uleb128 0x19
 458 0048 11       		.uleb128 0x11
 459 0049 01       		.uleb128 0x1
 460 004a 12       		.uleb128 0x12
 461 004b 06       		.uleb128 0x6
 462 004c 40       		.uleb128 0x40
 463 004d 18       		.uleb128 0x18
 464 004e 9742     		.uleb128 0x2117
 465 0050 19       		.uleb128 0x19
 466 0051 00       		.byte	0
 467 0052 00       		.byte	0
 468 0053 07       		.uleb128 0x7
 469 0054 2E       		.uleb128 0x2e
 470 0055 01       		.byte	0x1
 471 0056 03       		.uleb128 0x3
 472 0057 0E       		.uleb128 0xe
 473 0058 3A       		.uleb128 0x3a
 474 0059 0B       		.uleb128 0xb
 475 005a 3B       		.uleb128 0x3b
 476 005b 0B       		.uleb128 0xb
 477 005c 27       		.uleb128 0x27
 478 005d 19       		.uleb128 0x19
 479 005e 11       		.uleb128 0x11
 480 005f 01       		.uleb128 0x1
 481 0060 12       		.uleb128 0x12
 482 0061 06       		.uleb128 0x6
 483 0062 40       		.uleb128 0x40
 484 0063 18       		.uleb128 0x18
 485 0064 9742     		.uleb128 0x2117
 486 0066 19       		.uleb128 0x19
 487 0067 01       		.uleb128 0x1
 488 0068 13       		.uleb128 0x13
 489 0069 00       		.byte	0
 490 006a 00       		.byte	0
 491 006b 08       		.uleb128 0x8
 492 006c 898201   		.uleb128 0x4109
 493 006f 01       		.byte	0x1
 494 0070 11       		.uleb128 0x11
 495 0071 01       		.uleb128 0x1
 496 0072 31       		.uleb128 0x31
 497 0073 13       		.uleb128 0x13
 498 0074 01       		.uleb128 0x1
 499 0075 13       		.uleb128 0x13
 500 0076 00       		.byte	0
 501 0077 00       		.byte	0
 502 0078 09       		.uleb128 0x9
 503 0079 8A8201   		.uleb128 0x410a
 504 007c 00       		.byte	0
 505 007d 02       		.uleb128 0x2
 506 007e 18       		.uleb128 0x18
 507 007f 9142     		.uleb128 0x2111
 508 0081 18       		.uleb128 0x18
 509 0082 00       		.byte	0
 510 0083 00       		.byte	0
 511 0084 0A       		.uleb128 0xa
 512 0085 898201   		.uleb128 0x4109
 513 0088 01       		.byte	0x1
ARM GAS  C:\Users\GCRIST~1\AppData\Local\Temp\ccn2LLzR.s 			page 15


 514 0089 11       		.uleb128 0x11
 515 008a 01       		.uleb128 0x1
 516 008b 31       		.uleb128 0x31
 517 008c 13       		.uleb128 0x13
 518 008d 00       		.byte	0
 519 008e 00       		.byte	0
 520 008f 0B       		.uleb128 0xb
 521 0090 2E       		.uleb128 0x2e
 522 0091 01       		.byte	0x1
 523 0092 3F       		.uleb128 0x3f
 524 0093 19       		.uleb128 0x19
 525 0094 03       		.uleb128 0x3
 526 0095 0E       		.uleb128 0xe
 527 0096 3A       		.uleb128 0x3a
 528 0097 0B       		.uleb128 0xb
 529 0098 3B       		.uleb128 0x3b
 530 0099 0B       		.uleb128 0xb
 531 009a 27       		.uleb128 0x27
 532 009b 19       		.uleb128 0x19
 533 009c 11       		.uleb128 0x11
 534 009d 01       		.uleb128 0x1
 535 009e 12       		.uleb128 0x12
 536 009f 06       		.uleb128 0x6
 537 00a0 40       		.uleb128 0x40
 538 00a1 18       		.uleb128 0x18
 539 00a2 9742     		.uleb128 0x2117
 540 00a4 19       		.uleb128 0x19
 541 00a5 01       		.uleb128 0x1
 542 00a6 13       		.uleb128 0x13
 543 00a7 00       		.byte	0
 544 00a8 00       		.byte	0
 545 00a9 0C       		.uleb128 0xc
 546 00aa 898201   		.uleb128 0x4109
 547 00ad 00       		.byte	0
 548 00ae 11       		.uleb128 0x11
 549 00af 01       		.uleb128 0x1
 550 00b0 31       		.uleb128 0x31
 551 00b1 13       		.uleb128 0x13
 552 00b2 00       		.byte	0
 553 00b3 00       		.byte	0
 554 00b4 0D       		.uleb128 0xd
 555 00b5 2E       		.uleb128 0x2e
 556 00b6 00       		.byte	0
 557 00b7 3F       		.uleb128 0x3f
 558 00b8 19       		.uleb128 0x19
 559 00b9 3C       		.uleb128 0x3c
 560 00ba 19       		.uleb128 0x19
 561 00bb 6E       		.uleb128 0x6e
 562 00bc 0E       		.uleb128 0xe
 563 00bd 03       		.uleb128 0x3
 564 00be 0E       		.uleb128 0xe
 565 00bf 3A       		.uleb128 0x3a
 566 00c0 0B       		.uleb128 0xb
 567 00c1 3B       		.uleb128 0x3b
 568 00c2 0B       		.uleb128 0xb
 569 00c3 00       		.byte	0
 570 00c4 00       		.byte	0
ARM GAS  C:\Users\GCRIST~1\AppData\Local\Temp\ccn2LLzR.s 			page 16


 571 00c5 00       		.byte	0
 572              		.section	.debug_aranges,"",%progbits
 573 0000 2C000000 		.4byte	0x2c
 574 0004 0200     		.2byte	0x2
 575 0006 00000000 		.4byte	.Ldebug_info0
 576 000a 04       		.byte	0x4
 577 000b 00       		.byte	0
 578 000c 0000     		.2byte	0
 579 000e 0000     		.2byte	0
 580 0010 00000000 		.4byte	.LFB5
 581 0014 18000000 		.4byte	.LFE5-.LFB5
 582 0018 00000000 		.4byte	.LFB4
 583 001c 64000000 		.4byte	.LFE4-.LFB4
 584 0020 64000000 		.4byte	.LFB6
 585 0024 54000000 		.4byte	.LFE6-.LFB6
 586 0028 00000000 		.4byte	0
 587 002c 00000000 		.4byte	0
 588              		.section	.debug_ranges,"",%progbits
 589              	.Ldebug_ranges0:
 590 0000 00000000 		.4byte	.LFB5
 591 0004 18000000 		.4byte	.LFE5
 592 0008 00000000 		.4byte	.LFB4
 593 000c 64000000 		.4byte	.LFE4
 594 0010 64000000 		.4byte	.LFB6
 595 0014 B8000000 		.4byte	.LFE6
 596 0018 00000000 		.4byte	0
 597 001c 00000000 		.4byte	0
 598              		.section	.debug_line,"",%progbits
 599              	.Ldebug_line0:
 600 0000 A3000000 		.section	.debug_str,"MS",%progbits,1
 600      02006100 
 600      00000201 
 600      FB0E0D00 
 600      01010101 
 601              	.LASF1:
 602 0000 6C6F6E67 		.ascii	"long long int\000"
 602      206C6F6E 
 602      6720696E 
 602      7400
 603              	.LASF14:
 604 000e 75696E74 		.ascii	"uint32\000"
 604      333200
 605              	.LASF21:
 606 0015 47656E65 		.ascii	"Generated_Source\\PSoC4\\cyfitter_cfg.c\000"
 606      72617465 
 606      645F536F 
 606      75726365 
 606      5C50536F 
 607              	.LASF0:
 608 003b 756E7369 		.ascii	"unsigned int\000"
 608      676E6564 
 608      20696E74 
 608      00
 609              	.LASF4:
 610 0048 756E7369 		.ascii	"unsigned char\000"
 610      676E6564 
 610      20636861 
ARM GAS  C:\Users\GCRIST~1\AppData\Local\Temp\ccn2LLzR.s 			page 17


 610      7200
 611              	.LASF16:
 612 0056 43795379 		.ascii	"CySysClkWriteImoFreq\000"
 612      73436C6B 
 612      57726974 
 612      65496D6F 
 612      46726571 
 613              	.LASF8:
 614 006b 6C6F6E67 		.ascii	"long unsigned int\000"
 614      20756E73 
 614      69676E65 
 614      6420696E 
 614      7400
 615              	.LASF25:
 616 007d 63796669 		.ascii	"cyfitter_cfg\000"
 616      74746572 
 616      5F636667 
 616      00
 617              	.LASF9:
 618 008a 6C6F6E67 		.ascii	"long long unsigned int\000"
 618      206C6F6E 
 618      6720756E 
 618      7369676E 
 618      65642069 
 619              	.LASF12:
 620 00a1 666C6F61 		.ascii	"float\000"
 620      7400
 621              	.LASF22:
 622 00a7 433A5C55 		.ascii	"C:\\Users\\gcristini\\OneDrive - Datalogic S.p.a\\D"
 622      73657273 
 622      5C676372 
 622      69737469 
 622      6E695C4F 
 623 00d6 6174615C 		.ascii	"ata\\PhytonWorkspace\\AutomatedBatterySwap\\PSOC4\\"
 623      50687974 
 623      6F6E576F 
 623      726B7370 
 623      6163655C 
 624 0105 4175746F 		.ascii	"AutomatedBatterySwap.cydsn\000"
 624      6D617465 
 624      64426174 
 624      74657279 
 624      53776170 
 625              	.LASF17:
 626 0120 4379496E 		.ascii	"CyIntSetVector\000"
 626      74536574 
 626      56656374 
 626      6F7200
 627              	.LASF11:
 628 012f 63686172 		.ascii	"char\000"
 628      00
 629              	.LASF7:
 630 0134 6C6F6E67 		.ascii	"long int\000"
 630      20696E74 
 630      00
 631              	.LASF23:
 632 013d 416E616C 		.ascii	"AnalogSetDefault\000"
ARM GAS  C:\Users\GCRIST~1\AppData\Local\Temp\ccn2LLzR.s 			page 18


 632      6F675365 
 632      74446566 
 632      61756C74 
 632      00
 633              	.LASF24:
 634 014e 436C6F63 		.ascii	"ClockSetup\000"
 634      6B536574 
 634      757000
 635              	.LASF19:
 636 0159 43795379 		.ascii	"CySysClkSetTimerSource\000"
 636      73436C6B 
 636      53657454 
 636      696D6572 
 636      536F7572 
 637              	.LASF13:
 638 0170 646F7562 		.ascii	"double\000"
 638      6C6500
 639              	.LASF15:
 640 0177 72656733 		.ascii	"reg32\000"
 640      3200
 641              	.LASF6:
 642 017d 73686F72 		.ascii	"short unsigned int\000"
 642      7420756E 
 642      7369676E 
 642      65642069 
 642      6E7400
 643              	.LASF3:
 644 0190 7369676E 		.ascii	"signed char\000"
 644      65642063 
 644      68617200 
 645              	.LASF18:
 646 019c 4379496E 		.ascii	"CyIntEnable\000"
 646      74456E61 
 646      626C6500 
 647              	.LASF2:
 648 01a8 6C6F6E67 		.ascii	"long double\000"
 648      20646F75 
 648      626C6500 
 649              	.LASF5:
 650 01b4 73686F72 		.ascii	"short int\000"
 650      7420696E 
 650      7400
 651              	.LASF20:
 652 01be 474E5520 		.ascii	"GNU C11 5.4.1 20160609 (release) [ARM/embedded-5-br"
 652      43313120 
 652      352E342E 
 652      31203230 
 652      31363036 
 653 01f1 616E6368 		.ascii	"anch revision 237715] -mcpu=cortex-m0plus -mthumb -"
 653      20726576 
 653      6973696F 
 653      6E203233 
 653      37373135 
 654 0224 67202D4F 		.ascii	"g -Og -ffunction-sections -ffat-lto-objects\000"
 654      67202D66 
 654      66756E63 
 654      74696F6E 
ARM GAS  C:\Users\GCRIST~1\AppData\Local\Temp\ccn2LLzR.s 			page 19


 654      2D736563 
 655              	.LASF10:
 656 0250 73697A65 		.ascii	"sizetype\000"
 656      74797065 
 656      00
 657              		.ident	"GCC: (GNU Tools for ARM Embedded Processors) 5.4.1 20160609 (release) [ARM/embedded-5-bran
